###############################################################################
#
# IAR ELF Linker V8.22.1.15669/W32 for ARM                13/Apr/2018  17:49:31
# Copyright 2007-2018 IAR Systems AB.
#
#    Output file  =  
#        E:\Users\bertz\Documents\GitHub\BSPv2.2\BSPv2.2\EWARM\BSPv2.2\Exe\BSPv2.2.out
#    Map file     =  
#        E:\Users\bertz\Documents\GitHub\BSPv2.2\BSPv2.2\EWARM\BSPv2.2\List\BSPv2.2.map
#    Command line =  
#        -f C:\Users\bertz\AppData\Local\Temp\EWA79A.tmp
#        (E:\Users\bertz\Documents\GitHub\BSPv2.2\BSPv2.2\EWARM\BSPv2.2\Obj\adc.o
#        E:\Users\bertz\Documents\GitHub\BSPv2.2\BSPv2.2\EWARM\BSPv2.2\Obj\bsp_dac5571.o
#        E:\Users\bertz\Documents\GitHub\BSPv2.2\BSPv2.2\EWARM\BSPv2.2\Obj\bsp_DataTransmissionLayer.o
#        E:\Users\bertz\Documents\GitHub\BSPv2.2\BSPv2.2\EWARM\BSPv2.2\Obj\bsp_digitalfloodcontrol.o
#        E:\Users\bertz\Documents\GitHub\BSPv2.2\BSPv2.2\EWARM\BSPv2.2\Obj\bsp_ProtocolLayer.o
#        E:\Users\bertz\Documents\GitHub\BSPv2.2\BSPv2.2\EWARM\BSPv2.2\Obj\dma.o
#        E:\Users\bertz\Documents\GitHub\BSPv2.2\BSPv2.2\EWARM\BSPv2.2\Obj\gpio.o
#        E:\Users\bertz\Documents\GitHub\BSPv2.2\BSPv2.2\EWARM\BSPv2.2\Obj\i2c.o
#        E:\Users\bertz\Documents\GitHub\BSPv2.2\BSPv2.2\EWARM\BSPv2.2\Obj\main.o
#        E:\Users\bertz\Documents\GitHub\BSPv2.2\BSPv2.2\EWARM\BSPv2.2\Obj\spi.o
#        E:\Users\bertz\Documents\GitHub\BSPv2.2\BSPv2.2\EWARM\BSPv2.2\Obj\startup_stm32f103xe.o
#        E:\Users\bertz\Documents\GitHub\BSPv2.2\BSPv2.2\EWARM\BSPv2.2\Obj\stm32f1xx_hal.o
#        E:\Users\bertz\Documents\GitHub\BSPv2.2\BSPv2.2\EWARM\BSPv2.2\Obj\stm32f1xx_hal_adc.o
#        E:\Users\bertz\Documents\GitHub\BSPv2.2\BSPv2.2\EWARM\BSPv2.2\Obj\stm32f1xx_hal_adc_ex.o
#        E:\Users\bertz\Documents\GitHub\BSPv2.2\BSPv2.2\EWARM\BSPv2.2\Obj\stm32f1xx_hal_cortex.o
#        E:\Users\bertz\Documents\GitHub\BSPv2.2\BSPv2.2\EWARM\BSPv2.2\Obj\stm32f1xx_hal_dma.o
#        E:\Users\bertz\Documents\GitHub\BSPv2.2\BSPv2.2\EWARM\BSPv2.2\Obj\stm32f1xx_hal_flash.o
#        E:\Users\bertz\Documents\GitHub\BSPv2.2\BSPv2.2\EWARM\BSPv2.2\Obj\stm32f1xx_hal_flash_ex.o
#        E:\Users\bertz\Documents\GitHub\BSPv2.2\BSPv2.2\EWARM\BSPv2.2\Obj\stm32f1xx_hal_gpio.o
#        E:\Users\bertz\Documents\GitHub\BSPv2.2\BSPv2.2\EWARM\BSPv2.2\Obj\stm32f1xx_hal_gpio_ex.o
#        E:\Users\bertz\Documents\GitHub\BSPv2.2\BSPv2.2\EWARM\BSPv2.2\Obj\stm32f1xx_hal_i2c.o
#        E:\Users\bertz\Documents\GitHub\BSPv2.2\BSPv2.2\EWARM\BSPv2.2\Obj\stm32f1xx_hal_msp.o
#        E:\Users\bertz\Documents\GitHub\BSPv2.2\BSPv2.2\EWARM\BSPv2.2\Obj\stm32f1xx_hal_pwr.o
#        E:\Users\bertz\Documents\GitHub\BSPv2.2\BSPv2.2\EWARM\BSPv2.2\Obj\stm32f1xx_hal_rcc.o
#        E:\Users\bertz\Documents\GitHub\BSPv2.2\BSPv2.2\EWARM\BSPv2.2\Obj\stm32f1xx_hal_rcc_ex.o
#        E:\Users\bertz\Documents\GitHub\BSPv2.2\BSPv2.2\EWARM\BSPv2.2\Obj\stm32f1xx_hal_spi.o
#        E:\Users\bertz\Documents\GitHub\BSPv2.2\BSPv2.2\EWARM\BSPv2.2\Obj\stm32f1xx_hal_spi_ex.o
#        E:\Users\bertz\Documents\GitHub\BSPv2.2\BSPv2.2\EWARM\BSPv2.2\Obj\stm32f1xx_hal_tim.o
#        E:\Users\bertz\Documents\GitHub\BSPv2.2\BSPv2.2\EWARM\BSPv2.2\Obj\stm32f1xx_hal_tim_ex.o
#        E:\Users\bertz\Documents\GitHub\BSPv2.2\BSPv2.2\EWARM\BSPv2.2\Obj\stm32f1xx_hal_uart.o
#        E:\Users\bertz\Documents\GitHub\BSPv2.2\BSPv2.2\EWARM\BSPv2.2\Obj\stm32f1xx_it.o
#        E:\Users\bertz\Documents\GitHub\BSPv2.2\BSPv2.2\EWARM\BSPv2.2\Obj\system_stm32f1xx.o
#        E:\Users\bertz\Documents\GitHub\BSPv2.2\BSPv2.2\EWARM\BSPv2.2\Obj\tim.o
#        E:\Users\bertz\Documents\GitHub\BSPv2.2\BSPv2.2\EWARM\BSPv2.2\Obj\usart.o
#        --redirect _Printf=_PrintfFull --redirect _Scanf=_ScanfFull -o
#        E:\Users\bertz\Documents\GitHub\BSPv2.2\BSPv2.2\EWARM\BSPv2.2\Exe\BSPv2.2.out
#        --map
#        E:\Users\bertz\Documents\GitHub\BSPv2.2\BSPv2.2\EWARM\BSPv2.2\List\BSPv2.2.map
#        --config
#        E:\Users\bertz\Documents\GitHub\BSPv2.2\BSPv2.2\EWARM/stm32f103xe_flash.icf
#        --semihosting --entry __iar_program_start --vfe --text_out locale)
#
###############################################################################

*******************************************************************************
*** RUNTIME MODEL ATTRIBUTES
***

CppFlavor       = *
__SystemLibrary = DLib
__dlib_version  = 6


*******************************************************************************
*** HEAP SELECTION
***

The basic heap was selected because no calls to memory allocation
functions were found in the application outside of system library
functions, and there are calls to deallocation functions in the
application.


*******************************************************************************
*** PLACEMENT SUMMARY
***

"A0":  place at 0x08000000 { ro section .intvec };
"P1":  place in [from 0x08000000 to 0x0807ffff] { ro };
define block CSTACK with size = 1K, alignment = 8 { };
define block HEAP with size = 512, alignment = 8 { };
"P2":  place in [from 0x20000000 to 0x2000ffff] {
          rw, block CSTACK, block HEAP };
initialize by copy { rw };

  Section            Kind        Address    Size  Object
  -------            ----        -------    ----  ------
"A0":                                      0x130
  .intvec            ro code  0x08000000   0x130  startup_stm32f103xe.o [1]
                            - 0x08000130   0x130

"P1":                                     0x34c4
  .text              ro code  0x08000130   0xb10  stm32f1xx_hal_i2c.o [1]
  .text              ro code  0x08000c40    0xc4  i2c.o [1]
  .text              ro code  0x08000d04   0x4e2  stm32f1xx_hal_rcc.o [1]
  .text              ro code  0x080011e6     0x2  stm32f1xx_hal_i2c.o [1]
  .text              ro code  0x080011e8     0x2  stm32f1xx_hal_i2c.o [1]
  .text              ro code  0x080011ea     0x2  stm32f1xx_hal_i2c.o [1]
  .text              ro code  0x080011ec     0x2  stm32f1xx_hal_i2c.o [1]
  .text              ro code  0x080011ee     0x2  stm32f1xx_hal_i2c.o [1]
  .text              ro code  0x080011f0     0x2  stm32f1xx_hal_i2c.o [1]
  .text              ro code  0x080011f2     0x2  stm32f1xx_hal_i2c.o [1]
  .text              ro code  0x080011f4     0x2  stm32f1xx_hal_i2c.o [1]
  .text              ro code  0x080011f8   0x422  stm32f1xx_hal_dma.o [1]
  .text              ro code  0x0800161a     0x2  stm32f1xx_hal_i2c.o [1]
  .text              ro code  0x0800161c     0x2  stm32f1xx_hal_i2c.o [1]
  .text              ro code  0x08001620   0x26a  main.o [1]
  .text              ro code  0x0800188c   0x1e0  stm32f1xx_hal_gpio.o [1]
  .text              ro code  0x08001a6c     0xc  stm32f1xx_hal.o [1]
  .text              ro code  0x08001a78    0x40  stm32f1xx_hal.o [1]
  .text              ro code  0x08001ab8    0x24  stm32f1xx_hal.o [1]
  .text              ro code  0x08001adc    0xde  gpio.o [1]
  .text              ro code  0x08001bbc    0x20  dma.o [1]
  .text              ro code  0x08001bdc   0x1f4  tim.o [1]
  .text              ro code  0x08001dd0   0x19c  usart.o [1]
  .text              ro code  0x08001f6c    0xe4  spi.o [1]
  .text              ro code  0x08002050   0x134  adc.o [1]
  .text              ro code  0x08002184   0x54a  stm32f1xx_hal_adc.o [1]
  .text              ro code  0x080026d0    0xe8  stm32f1xx_hal_rcc_ex.o [1]
  .text              ro code  0x080027b8    0xe6  stm32f1xx_hal_cortex.o [1]
  .text              ro code  0x080028a0    0x88  stm32f1xx_hal_msp.o [1]
  .text              ro code  0x08002928   0x354  stm32f1xx_hal_tim.o [1]
  .text              ro code  0x08002c7c    0x4a  stm32f1xx_hal_tim_ex.o [1]
  .text              ro code  0x08002cc8   0x500  stm32f1xx_hal_uart.o [1]
  .text              ro code  0x080031c8    0x82  stm32f1xx_hal_spi_ex.o [1]
  .text              ro code  0x0800324a     0x2  stm32f1xx_hal_adc.o [1]
  .text              ro code  0x0800324c     0x2  stm32f1xx_hal_adc_ex.o [1]
  .text              ro code  0x0800324e     0x2  stm32f1xx_hal_adc.o [1]
  .text              ro code  0x08003250     0x2  stm32f1xx_hal_adc.o [1]
  .text              ro code  0x08003252     0x2  stm32f1xx_hal_adc.o [1]
  .text              ro code  0x08003254     0x2  stm32f1xx_hal_tim.o [1]
  .text              ro code  0x08003256     0x2  stm32f1xx_hal_tim.o [1]
  .text              ro code  0x08003258     0x2  stm32f1xx_hal_tim_ex.o [1]
  .text              ro code  0x0800325a     0x2  stm32f1xx_hal_tim.o [1]
  .text              ro code  0x0800325c     0x2  stm32f1xx_hal_tim_ex.o [1]
  .text              ro code  0x0800325e     0x2  stm32f1xx_hal_tim.o [1]
  .text              ro code  0x08003260     0x2  stm32f1xx_hal_uart.o [1]
  .text              ro code  0x08003262     0x2  stm32f1xx_hal_uart.o [1]
  .text              ro code  0x08003264     0x2  stm32f1xx_hal_uart.o [1]
  .text              ro code  0x08003266     0x2  stm32f1xx_hal_uart.o [1]
  .text              ro code  0x08003268    0xa8  stm32f1xx_it.o [1]
  .text              ro code  0x08003310    0x10  stm32f1xx_hal.o [1]
  .text              ro code  0x08003320    0x84  bsp_DataTransmissionLayer.o [1]
  .text              ro code  0x080033a4    0x5c  system_stm32f1xx.o [1]
  .text              ro code  0x08003400    0x40  zero_init3.o [4]
  .text              ro code  0x08003440    0x2c  copy_init3.o [4]
  .text              ro code  0x0800346c    0x28  data_init.o [4]
  .iar.init_table    const    0x08003494    0x24  - Linker created -
  .text              ro code  0x080034b8    0x1e  cmain.o [4]
  .text              ro code  0x080034d6     0x4  low_level_init.o [3]
  .text              ro code  0x080034da     0x4  exit.o [3]
  .text              ro code  0x080034e0     0xa  cexit.o [4]
  .text              ro code  0x080034ec    0x14  exit.o [5]
  .text              ro code  0x08003500    0x10  startup_stm32f103xe.o [1]
  Initializer bytes  const    0x08003510    0x10  <for P2-1>
  .text              ro code  0x08003520     0xc  cstartup_M.o [4]
  .rodata            const    0x0800352c     0x8  system_stm32f1xx.o [1]
  .text              ro code  0x08003534     0x4  startup_stm32f103xe.o [1]
  .text              ro code  0x08003538     0x4  startup_stm32f103xe.o [1]
  .text              ro code  0x0800353c     0x4  startup_stm32f103xe.o [1]
  .text              ro code  0x08003540     0x4  startup_stm32f103xe.o [1]
  .text              ro code  0x08003544     0x4  startup_stm32f103xe.o [1]
  .text              ro code  0x08003548     0x4  startup_stm32f103xe.o [1]
  .text              ro code  0x0800354c     0x4  startup_stm32f103xe.o [1]
  .text              ro code  0x08003550     0x4  startup_stm32f103xe.o [1]
  .text              ro code  0x08003554     0x4  startup_stm32f103xe.o [1]
  .text              ro code  0x08003558     0x4  startup_stm32f103xe.o [1]
  .text              ro code  0x0800355c     0x4  startup_stm32f103xe.o [1]
  .text              ro code  0x08003560     0x4  startup_stm32f103xe.o [1]
  .text              ro code  0x08003564     0x4  startup_stm32f103xe.o [1]
  .text              ro code  0x08003568     0x4  startup_stm32f103xe.o [1]
  .text              ro code  0x0800356c     0x4  startup_stm32f103xe.o [1]
  .text              ro code  0x08003570     0x4  startup_stm32f103xe.o [1]
  .text              ro code  0x08003574     0x4  startup_stm32f103xe.o [1]
  .text              ro code  0x08003578     0x4  startup_stm32f103xe.o [1]
  .text              ro code  0x0800357c     0x4  startup_stm32f103xe.o [1]
  .text              ro code  0x08003580     0x4  startup_stm32f103xe.o [1]
  .text              ro code  0x08003584     0x4  startup_stm32f103xe.o [1]
  .text              ro code  0x08003588     0x4  startup_stm32f103xe.o [1]
  .text              ro code  0x0800358c     0x4  startup_stm32f103xe.o [1]
  .text              ro code  0x08003590     0x4  startup_stm32f103xe.o [1]
  .text              ro code  0x08003594     0x4  startup_stm32f103xe.o [1]
  .text              ro code  0x08003598     0x4  startup_stm32f103xe.o [1]
  .text              ro code  0x0800359c     0x4  startup_stm32f103xe.o [1]
  .text              ro code  0x080035a0     0x4  startup_stm32f103xe.o [1]
  .text              ro code  0x080035a4     0x4  startup_stm32f103xe.o [1]
  .text              ro code  0x080035a8     0x4  startup_stm32f103xe.o [1]
  .text              ro code  0x080035ac     0x4  startup_stm32f103xe.o [1]
  .text              ro code  0x080035b0     0x4  startup_stm32f103xe.o [1]
  .text              ro code  0x080035b4     0x4  startup_stm32f103xe.o [1]
  .text              ro code  0x080035b8     0x4  startup_stm32f103xe.o [1]
  .text              ro code  0x080035bc     0x4  startup_stm32f103xe.o [1]
  .text              ro code  0x080035c0     0x4  startup_stm32f103xe.o [1]
  .text              ro code  0x080035c4     0x4  startup_stm32f103xe.o [1]
  .text              ro code  0x080035c8     0x4  startup_stm32f103xe.o [1]
  .text              ro code  0x080035cc     0x4  startup_stm32f103xe.o [1]
  .text              ro code  0x080035d0     0x4  startup_stm32f103xe.o [1]
  .text              ro code  0x080035d4     0x4  startup_stm32f103xe.o [1]
  .text              ro code  0x080035d8     0x4  startup_stm32f103xe.o [1]
  .text              ro code  0x080035dc     0x4  startup_stm32f103xe.o [1]
  .text              ro code  0x080035e0     0x4  startup_stm32f103xe.o [1]
  .text              ro code  0x080035e4     0x4  startup_stm32f103xe.o [1]
  .text              ro code  0x080035e8     0x4  startup_stm32f103xe.o [1]
  .text              ro code  0x080035ec     0x4  startup_stm32f103xe.o [1]
  .text              ro code  0x080035f0     0x4  startup_stm32f103xe.o [1]
  .rodata            const    0x080035f4     0x0  zero_init3.o [4]
  .rodata            const    0x080035f4     0x0  copy_init3.o [4]
                            - 0x080035f4  0x34c4

"P2", part 1 of 3:                          0x10
  P2-1                        0x20000000    0x10  <Init block>
    .data            inited   0x20000000     0xc  stm32f1xx_hal.o [1]
    .data            inited   0x2000000c     0x4  system_stm32f1xx.o [1]
                            - 0x20000010    0x10

"P2", part 2 of 3:                         0xf48
  .bss               zero     0x20000010   0x410  bsp_digitalfloodcontrol.o [1]
  .bss               zero     0x20000420   0x400  main.o [1]
  .bss               zero     0x20000820   0x204  bsp_DataTransmissionLayer.o [1]
  .bss               zero     0x20000a24   0x204  bsp_DataTransmissionLayer.o [1]
  .bss               zero     0x20000c28    0x88  usart.o [1]
  .bss               zero     0x20000cb0    0x58  spi.o [1]
  .bss               zero     0x20000d08    0x54  i2c.o [1]
  .bss               zero     0x20000d5c    0x44  adc.o [1]
  .bss               zero     0x20000da0    0x40  tim.o [1]
  .bss               zero     0x20000de0    0x40  tim.o [1]
  .bss               zero     0x20000e20    0x40  tim.o [1]
  .bss               zero     0x20000e60    0x40  tim.o [1]
  .bss               zero     0x20000ea0    0x40  usart.o [1]
  .bss               zero     0x20000ee0    0x40  usart.o [1]
  .bss               zero     0x20000f20    0x30  adc.o [1]
  .bss               zero     0x20000f50     0x4  main.o [1]
  .bss               zero     0x20000f54     0x2  bsp_digitalfloodcontrol.o [1]
                            - 0x20000f56   0xf46

"P2", part 3 of 3:                         0x400
  CSTACK                      0x20000f58   0x400  <Block>
    CSTACK           uninit   0x20000f58   0x400  <Block tail>
                            - 0x20001358   0x400


*******************************************************************************
*** INIT TABLE
***

          Address     Size
          -------     ----
Zero (__iar_zero_init3)
    1 destination range, total size 0xf46:
          0x20000010  0xf46

Copy (__iar_copy_init3)
    1 source range, total size 0x10:
          0x08003510   0x10
    1 destination range, total size 0x10:
          0x20000000   0x10



*******************************************************************************
*** MODULE SUMMARY
***

    Module                       ro code  ro data  rw data
    ------                       -------  -------  -------
E:\Users\bertz\Documents\GitHub\BSPv2.2\BSPv2.2\EWARM\BSPv2.2\Obj: [1]
    adc.o                            308               116
    bsp_DataTransmissionLayer.o      132             1 032
    bsp_digitalfloodcontrol.o                        1 042
    dma.o                             32
    gpio.o                           222
    i2c.o                            196                84
    main.o                           618             1 028
    spi.o                            228                88
    startup_stm32f103xe.o            512
    stm32f1xx_hal.o                  128       12       12
    stm32f1xx_hal_adc.o            1 362
    stm32f1xx_hal_adc_ex.o             2
    stm32f1xx_hal_cortex.o           230
    stm32f1xx_hal_dma.o            1 058
    stm32f1xx_hal_gpio.o             480
    stm32f1xx_hal_i2c.o            2 852
    stm32f1xx_hal_msp.o              136
    stm32f1xx_hal_rcc.o            1 250
    stm32f1xx_hal_rcc_ex.o           232
    stm32f1xx_hal_spi_ex.o           130
    stm32f1xx_hal_tim.o              860
    stm32f1xx_hal_tim_ex.o            78
    stm32f1xx_hal_uart.o           1 288
    stm32f1xx_it.o                   168
    system_stm32f1xx.o                92       12        4
    tim.o                            500               256
    usart.o                          412               264
    ------------------------------------------------------
    Total:                        13 506       24    3 926

command line: [2]
    ------------------------------------------------------
    Total:

dl7M_tlf.a: [3]
    exit.o                             4
    low_level_init.o                   4
    ------------------------------------------------------
    Total:                             8

rt7M_tl.a: [4]
    cexit.o                           10
    cmain.o                           30
    copy_init3.o                      44
    cstartup_M.o                      12
    data_init.o                       40
    zero_init3.o                      64
    ------------------------------------------------------
    Total:                           200

shb_l.a: [5]
    exit.o                            20
    ------------------------------------------------------
    Total:                            20

    Gaps                              18
    Linker created                             36    1 024
----------------------------------------------------------
    Grand Total:                  13 752       60    4 950


*******************************************************************************
*** ENTRY LIST
***

Entry                      Address   Size  Type      Object
-----                      -------   ----  ----      ------
.iar.init_table$$Base   0x08003494          --   Gb  - Linker created -
.iar.init_table$$Limit  0x080034b8          --   Gb  - Linker created -
?main                   0x080034b9         Code  Gb  cmain.o [4]
ADC1_2_IRQHandler       0x08003299    0x6  Code  Gb  stm32f1xx_it.o [1]
ADCBuffer               0x20000420  0x400  Data  Gb  main.o [1]
ADC_ConversionStop_Disable
                        0x08002625   0x44  Code  Gb  stm32f1xx_hal_adc.o [1]
ADC_DMAConvCplt         0x08002669   0x48  Code  Gb  stm32f1xx_hal_adc.o [1]
ADC_DMAError            0x080026b9   0x16  Code  Gb  stm32f1xx_hal_adc.o [1]
ADC_DMAHalfConvCplt     0x080026b1    0x6  Code  Gb  stm32f1xx_hal_adc.o [1]
ADC_Enable              0x0800258f   0x6a  Code  Gb  stm32f1xx_hal_adc.o [1]
AHBPrescTable           0x080033f0   0x10  Data  Gb  system_stm32f1xx.o [1]
APBPrescTable           0x0800352c    0x8  Data  Gb  system_stm32f1xx.o [1]
BSP_DriverBoardUsartReceive_IDLE
                        0x08003321   0x20  Code  Gb  bsp_DataTransmissionLayer.o [1]
BSP_LeftDoorBoardUsartReceive_IDLE
                        0x08003341   0x20  Code  Gb  bsp_DataTransmissionLayer.o [1]
BusFault_Handler        0x0800326f    0x2  Code  Gb  stm32f1xx_it.o [1]
CSTACK$$Base            0x20000f58          --   Gb  - Linker created -
CSTACK$$Limit           0x20001358          --   Gb  - Linker created -
DMA1_Channel1_IRQHandler
                        0x08003287    0x6  Code  Gb  stm32f1xx_it.o [1]
DMA1_Channel5_IRQHandler
                        0x0800328d    0x6  Code  Gb  stm32f1xx_it.o [1]
DMA1_Channel6_IRQHandler
                        0x08003293    0x6  Code  Gb  stm32f1xx_it.o [1]
DMA_SetConfig           0x080015f9   0x22  Code  Lc  stm32f1xx_hal_dma.o [1]
DebugMon_Handler        0x08003275    0x2  Code  Gb  stm32f1xx_it.o [1]
DriverBoardUsartType    0x20000820  0x204  Data  Gb  bsp_DataTransmissionLayer.o [1]
HAL_ADCEx_InjectedConvCpltCallback
                        0x0800324d    0x2  Code  Wk  stm32f1xx_hal_adc_ex.o [1]
HAL_ADC_ConfigChannel   0x08002493   0xe4  Code  Gb  stm32f1xx_hal_adc.o [1]
HAL_ADC_IRQHandler      0x080023a3   0xd8  Code  Gb  stm32f1xx_hal_adc.o [1]
HAL_ADC_Init            0x08002185  0x110  Code  Gb  stm32f1xx_hal_adc.o [1]
HAL_ADC_MspInit         0x080020c1   0x6e  Code  Gb  adc.o [1]
HAL_ADC_Start_DMA       0x080022a9   0xfa  Code  Gb  stm32f1xx_hal_adc.o [1]
HAL_DMA_Abort           0x080012f3   0x32  Code  Gb  stm32f1xx_hal_dma.o [1]
HAL_DMA_Abort_IT        0x08001325   0xdc  Code  Gb  stm32f1xx_hal_dma.o [1]
HAL_DMA_IRQHandler      0x08001401  0x1b4  Code  Gb  stm32f1xx_hal_dma.o [1]
HAL_DMA_Init            0x080011f9   0x78  Code  Gb  stm32f1xx_hal_dma.o [1]
HAL_DMA_Start_IT        0x0800127f   0x74  Code  Gb  stm32f1xx_hal_dma.o [1]
HAL_GPIO_Init           0x0800188d  0x196  Code  Gb  stm32f1xx_hal_gpio.o [1]
HAL_GPIO_WritePin       0x08001a23    0xc  Code  Gb  stm32f1xx_hal_gpio.o [1]
HAL_GetTick             0x08001a6d    0xc  Code  Wk  stm32f1xx_hal.o [1]
HAL_I2C_ER_IRQHandler   0x08000473   0xc0  Code  Gb  stm32f1xx_hal_i2c.o [1]
HAL_I2C_EV_IRQHandler   0x08000241  0x20e  Code  Gb  stm32f1xx_hal_i2c.o [1]
HAL_I2C_Init            0x08000131   0xdc  Code  Gb  stm32f1xx_hal_i2c.o [1]
HAL_I2C_MspInit         0x08000c79   0x3a  Code  Gb  i2c.o [1]
HAL_IncTick             0x08003311   0x10  Code  Wk  stm32f1xx_hal.o [1]
HAL_Init                0x08001ab9   0x20  Code  Gb  stm32f1xx_hal.o [1]
HAL_InitTick            0x08001a79   0x40  Code  Wk  stm32f1xx_hal.o [1]
HAL_MspInit             0x080028a1   0x88  Code  Gb  stm32f1xx_hal_msp.o [1]
HAL_NVIC_EnableIRQ      0x0800282b    0xa  Code  Gb  stm32f1xx_hal_cortex.o [1]
HAL_NVIC_SetPriority    0x080027f1   0x3a  Code  Gb  stm32f1xx_hal_cortex.o [1]
HAL_NVIC_SetPriorityGrouping
                        0x080027d7   0x1a  Code  Gb  stm32f1xx_hal_cortex.o [1]
HAL_RCCEx_PeriphCLKConfig
                        0x080026d1   0xda  Code  Gb  stm32f1xx_hal_rcc_ex.o [1]
HAL_RCC_ClockConfig     0x08001021  0x10c  Code  Gb  stm32f1xx_hal_rcc.o [1]
HAL_RCC_GetHCLKFreq     0x0800117d    0x6  Code  Gb  stm32f1xx_hal_rcc.o [1]
HAL_RCC_GetPCLK1Freq    0x08001183   0x10  Code  Gb  stm32f1xx_hal_rcc.o [1]
HAL_RCC_GetPCLK2Freq    0x08001193    0xe  Code  Gb  stm32f1xx_hal_rcc.o [1]
HAL_RCC_GetSysClockFreq
                        0x08001141   0x3c  Code  Gb  stm32f1xx_hal_rcc.o [1]
HAL_RCC_GetSysClockFreq::aPLLMULFactorTable
                        0x080011d4   0x10  Data  Lc  stm32f1xx_hal_rcc.o [1]
HAL_RCC_GetSysClockFreq::aPredivFactorTable
                        0x080011e4    0x2  Data  Lc  stm32f1xx_hal_rcc.o [1]
HAL_RCC_OscConfig       0x08000d05  0x314  Code  Gb  stm32f1xx_hal_rcc.o [1]
HAL_SPI_Init            0x080031c9   0x82  Code  Gb  stm32f1xx_hal_spi_ex.o [1]
HAL_SPI_MspInit         0x08001fb5   0x4e  Code  Gb  spi.o [1]
HAL_SYSTICK_CLKSourceConfig
                        0x08002867   0x1a  Code  Gb  stm32f1xx_hal_cortex.o [1]
HAL_SYSTICK_Config      0x0800283f   0x28  Code  Gb  stm32f1xx_hal_cortex.o [1]
HAL_SYSTICK_IRQHandler  0x08002899    0x4  Code  Gb  stm32f1xx_hal_cortex.o [1]
HAL_TIMEx_BreakCallback
                        0x08003259    0x2  Code  Wk  stm32f1xx_hal_tim_ex.o [1]
HAL_TIMEx_CommutationCallback
                        0x0800325d    0x2  Code  Wk  stm32f1xx_hal_tim_ex.o [1]
HAL_TIMEx_MasterConfigSynchronization
                        0x08002c7d   0x4a  Code  Gb  stm32f1xx_hal_tim_ex.o [1]
HAL_TIM_Base_Init       0x08002929   0x1a  Code  Gb  stm32f1xx_hal_tim.o [1]
HAL_TIM_Base_MspInit    0x08001d0b   0x64  Code  Gb  tim.o [1]
HAL_TIM_ConfigClockSource
                        0x08002aaf   0xac  Code  Gb  stm32f1xx_hal_tim.o [1]
HAL_TIM_IRQHandler      0x08002967  0x142  Code  Gb  stm32f1xx_hal_tim.o [1]
HAL_TIM_PeriodElapsedCallback
                        0x080017b5   0x96  Code  Gb  main.o [1]
HAL_UART_DMAStop        0x08002dd3   0x48  Code  Gb  stm32f1xx_hal_uart.o [1]
HAL_UART_IRQHandler     0x08002e33  0x152  Code  Gb  stm32f1xx_hal_uart.o [1]
HAL_UART_Init           0x08002cc9   0x1e  Code  Gb  stm32f1xx_hal_uart.o [1]
HAL_UART_MspInit        0x08001e25   0xc8  Code  Gb  usart.o [1]
HAL_UART_Receive_DMA    0x08002d41   0x92  Code  Gb  stm32f1xx_hal_uart.o [1]
HardFault_Handler       0x0800326b    0x2  Code  Gb  stm32f1xx_it.o [1]
I2C2_ER_IRQHandler      0x080032b1    0x6  Code  Gb  stm32f1xx_it.o [1]
I2C2_EV_IRQHandler      0x080032ab    0x6  Code  Gb  stm32f1xx_it.o [1]
I2C_DMAAbort            0x08000bf1   0x50  Code  Lc  stm32f1xx_hal_i2c.o [1]
I2C_ITError             0x08000ab9   0xde  Code  Lc  stm32f1xx_hal_i2c.o [1]
I2C_MasterReceive_BTF   0x08000745   0x90  Code  Lc  stm32f1xx_hal_i2c.o [1]
I2C_MasterReceive_RXNE  0x08000691   0x9c  Code  Lc  stm32f1xx_hal_i2c.o [1]
I2C_MasterTransmit_BTF  0x080005fb   0x48  Code  Lc  stm32f1xx_hal_i2c.o [1]
I2C_MasterTransmit_TXE  0x08000533   0xc8  Code  Lc  stm32f1xx_hal_i2c.o [1]
I2C_Master_ADDR         0x080007fd  0x12c  Code  Lc  stm32f1xx_hal_i2c.o [1]
I2C_Slave_AF            0x08000a41   0x78  Code  Lc  stm32f1xx_hal_i2c.o [1]
I2C_Slave_STOPF         0x08000965   0xd6  Code  Lc  stm32f1xx_hal_i2c.o [1]
LeftDoorBoardUsartType  0x20000a24  0x204  Data  Gb  bsp_DataTransmissionLayer.o [1]
MX_ADC1_Init            0x08002051   0x70  Code  Gb  adc.o [1]
MX_DMA_Init             0x08001bbd   0x20  Code  Gb  dma.o [1]
MX_GPIO_Init            0x08001add   0xc0  Code  Gb  gpio.o [1]
MX_I2C2_Init            0x08000c41   0x38  Code  Gb  i2c.o [1]
MX_NVIC_Init            0x080016ef   0xc6  Code  Lc  main.o [1]
MX_SPI1_Init            0x08001f6d   0x48  Code  Gb  spi.o [1]
MX_TIM3_Init            0x08001bdd   0x3e  Code  Gb  tim.o [1]
MX_TIM4_Init            0x08001c1b   0x3a  Code  Gb  tim.o [1]
MX_TIM5_Init            0x08001c71   0x40  Code  Gb  tim.o [1]
MX_TIM6_Init            0x08001ccb   0x34  Code  Gb  tim.o [1]
MX_USART1_UART_Init     0x08001dd1   0x16  Code  Gb  usart.o [1]
MX_USART2_UART_Init     0x08001de7   0x16  Code  Gb  usart.o [1]
MemManage_Handler       0x0800326d    0x2  Code  Gb  stm32f1xx_it.o [1]
NMI_Handler             0x08003269    0x2  Code  Gb  stm32f1xx_it.o [1]
NVIC_SetPriority        0x080027b9   0x1e  Code  Lc  stm32f1xx_hal_cortex.o [1]
PendSV_Handler          0x08003277    0x2  Code  Gb  stm32f1xx_it.o [1]
Region$$Table$$Base     0x08003494          --   Gb  - Linker created -
Region$$Table$$Limit    0x080034b8          --   Gb  - Linker created -
SVC_Handler             0x08003273    0x2  Code  Gb  stm32f1xx_it.o [1]
SettingVbaseValeFlag    0x20000012    0x1  Data  Gb  bsp_digitalfloodcontrol.o [1]
SysTick_Handler         0x08003279    0xe  Code  Gb  stm32f1xx_it.o [1]
SystemClock_Config      0x08001669   0x86  Code  Gb  main.o [1]
SystemCoreClock         0x2000000c    0x4  Data  Gb  system_stm32f1xx.o [1]
SystemInit              0x080033a5   0x3a  Code  Gb  system_stm32f1xx.o [1]
TIM3_IRQHandler         0x0800329f    0x6  Code  Gb  stm32f1xx_it.o [1]
TIM4_IRQHandler         0x080032a5    0x6  Code  Gb  stm32f1xx_it.o [1]
TIM5_IRQHandler         0x080032d7    0x6  Code  Gb  stm32f1xx_it.o [1]
TIM6_IRQHandler         0x080032dd    0x6  Code  Gb  stm32f1xx_it.o [1]
TIM_Base_SetConfig      0x08002b85   0x74  Code  Gb  stm32f1xx_hal_tim.o [1]
TIM_ETR_SetConfig       0x08002c63   0x14  Code  Lc  stm32f1xx_hal_tim.o [1]
TIM_ITRx_SetConfig      0x08002c53   0x10  Code  Lc  stm32f1xx_hal_tim.o [1]
TIM_TI1_ConfigInputStage
                        0x08002c11   0x1e  Code  Lc  stm32f1xx_hal_tim.o [1]
TIM_TI2_ConfigInputStage
                        0x08002c2f   0x24  Code  Lc  stm32f1xx_hal_tim.o [1]
TiggerTimeCnt           0x20000018    0x2  Data  Gb  bsp_digitalfloodcontrol.o [1]
TiggerTimeSum           0x20000016    0x2  Data  Gb  bsp_digitalfloodcontrol.o [1]
UART_DMAAbortOnError    0x0800303d    0xc  Code  Lc  stm32f1xx_hal_uart.o [1]
UART_DMAError           0x08002fc5   0x4a  Code  Lc  stm32f1xx_hal_uart.o [1]
UART_DMAReceiveCplt     0x08002f85   0x38  Code  Lc  stm32f1xx_hal_uart.o [1]
UART_DMARxHalfCplt      0x08002fbd    0x6  Code  Lc  stm32f1xx_hal_uart.o [1]
UART_EndRxTransfer      0x08003021   0x1c  Code  Lc  stm32f1xx_hal_uart.o [1]
UART_EndTxTransfer      0x0800300f   0x12  Code  Lc  stm32f1xx_hal_uart.o [1]
UART_Receive_IT         0x08003049   0x96  Code  Lc  stm32f1xx_hal_uart.o [1]
UART_SetConfig          0x080030df   0xde  Code  Lc  stm32f1xx_hal_uart.o [1]
USART1_IRQHandler       0x080032b7    0xc  Code  Gb  stm32f1xx_it.o [1]
USART2_IRQHandler       0x080032c3    0xa  Code  Gb  stm32f1xx_it.o [1]
UsageFault_Handler      0x08003271    0x2  Code  Gb  stm32f1xx_it.o [1]
Vadcdata                0x20000f50    0x4  Data  Gb  main.o [1]
Vbase                   0x20000014    0x2  Data  Gb  bsp_digitalfloodcontrol.o [1]
VbaseBuffer             0x20000020  0x400  Data  Gb  bsp_digitalfloodcontrol.o [1]
VbaseCnt                0x2000001e    0x2  Data  Gb  bsp_digitalfloodcontrol.o [1]
VbaseUpdataflag         0x20000011    0x1  Data  Gb  bsp_digitalfloodcontrol.o [1]
Vdelta                  0x20000f54    0x2  Data  Gb  bsp_digitalfloodcontrol.o [1]
Vnormal                 0x2000001a    0x2  Data  Gb  bsp_digitalfloodcontrol.o [1]
Vnormalt                0x2000001c    0x2  Data  Gb  bsp_digitalfloodcontrol.o [1]
Vthreshold              0x20000010    0x1  Data  Gb  bsp_digitalfloodcontrol.o [1]
_Error_Handler          0x08001889    0x2  Code  Gb  main.o [1]
__cmain                 0x080034b9         Code  Gb  cmain.o [4]
__exit                  0x080034ed   0x14  Code  Gb  exit.o [5]
__iar_copy_init3        0x08003441   0x2c  Code  Gb  copy_init3.o [4]
__iar_data_init3        0x0800346d   0x28  Code  Gb  data_init.o [4]
__iar_program_start     0x08003521         Code  Gb  cstartup_M.o [4]
__iar_systems$$module {Abs}
                        0x00000001         Data  Gb  command line/config [2]
__iar_zero_init3        0x08003401   0x40  Code  Gb  zero_init3.o [4]
__low_level_init        0x080034d7    0x4  Code  Gb  low_level_init.o [3]
__vector_table          0x08000000         Data  Gb  startup_stm32f103xe.o [1]
_call_main              0x080034c5         Code  Gb  cmain.o [4]
_exit                   0x080034e1         Code  Gb  cexit.o [4]
_main                   0x080034d3         Code  Gb  cmain.o [4]
exit                    0x080034db    0x4  Code  Gb  exit.o [3]
hadc1                   0x20000f20   0x30  Data  Gb  adc.o [1]
hdma_adc1               0x20000d5c   0x44  Data  Gb  adc.o [1]
hdma_usart1_rx          0x20000c28   0x44  Data  Gb  usart.o [1]
hdma_usart2_rx          0x20000c6c   0x44  Data  Gb  usart.o [1]
hi2c2                   0x20000d08   0x54  Data  Gb  i2c.o [1]
hspi1                   0x20000cb0   0x58  Data  Gb  spi.o [1]
htim3                   0x20000da0   0x40  Data  Gb  tim.o [1]
htim4                   0x20000de0   0x40  Data  Gb  tim.o [1]
htim5                   0x20000e20   0x40  Data  Gb  tim.o [1]
htim6                   0x20000e60   0x40  Data  Gb  tim.o [1]
huart1                  0x20000ea0   0x40  Data  Gb  usart.o [1]
huart2                  0x20000ee0   0x40  Data  Gb  usart.o [1]
main                    0x08001621   0x48  Code  Gb  main.o [1]
uwTick                  0x20000004    0x4  Data  Gb  stm32f1xx_hal.o [1]
uwTickFreq              0x20000000    0x1  Data  Gb  stm32f1xx_hal.o [1]
uwTickPrio              0x20000008    0x4  Data  Gb  stm32f1xx_hal.o [1]


[1] = E:\Users\bertz\Documents\GitHub\BSPv2.2\BSPv2.2\EWARM\BSPv2.2\Obj
[2] = command line
[3] = dl7M_tlf.a
[4] = rt7M_tl.a
[5] = shb_l.a

  13 752 bytes of readonly  code memory
      60 bytes of readonly  data memory
   4 950 bytes of readwrite data memory

Errors: none
Warnings: none
