###############################################################################
#
# IAR ELF Linker V8.22.1.15669/W32 for ARM                03/May/2018  17:09:33
# Copyright 2007-2018 IAR Systems AB.
#
#    Output file  =  
#        E:\Users\bertz\Documents\GitHub\BSPv2.2\BSPv2.2\EWARM\BSPv2.2\Exe\BSPv2.2.out
#    Map file     =  
#        E:\Users\bertz\Documents\GitHub\BSPv2.2\BSPv2.2\EWARM\BSPv2.2\List\BSPv2.2.map
#    Command line =  
#        -f C:\Users\bertz\AppData\Local\Temp\EW7155.tmp
#        (E:\Users\bertz\Documents\GitHub\BSPv2.2\BSPv2.2\EWARM\BSPv2.2\Obj\adc.o
#        E:\Users\bertz\Documents\GitHub\BSPv2.2\BSPv2.2\EWARM\BSPv2.2\Obj\bsp_dac5571.o
#        E:\Users\bertz\Documents\GitHub\BSPv2.2\BSPv2.2\EWARM\BSPv2.2\Obj\bsp_DataTransmissionLayer.o
#        E:\Users\bertz\Documents\GitHub\BSPv2.2\BSPv2.2\EWARM\BSPv2.2\Obj\bsp_digitalfloodcontrol.o
#        E:\Users\bertz\Documents\GitHub\BSPv2.2\BSPv2.2\EWARM\BSPv2.2\Obj\bsp_log.o
#        E:\Users\bertz\Documents\GitHub\BSPv2.2\BSPv2.2\EWARM\BSPv2.2\Obj\bsp_motor.o
#        E:\Users\bertz\Documents\GitHub\BSPv2.2\BSPv2.2\EWARM\BSPv2.2\Obj\bsp_ProtocolLayer.o
#        E:\Users\bertz\Documents\GitHub\BSPv2.2\BSPv2.2\EWARM\BSPv2.2\Obj\bsp_wrieless.o
#        E:\Users\bertz\Documents\GitHub\BSPv2.2\BSPv2.2\EWARM\BSPv2.2\Obj\data.o
#        E:\Users\bertz\Documents\GitHub\BSPv2.2\BSPv2.2\EWARM\BSPv2.2\Obj\dma.o
#        E:\Users\bertz\Documents\GitHub\BSPv2.2\BSPv2.2\EWARM\BSPv2.2\Obj\gpio.o
#        E:\Users\bertz\Documents\GitHub\BSPv2.2\BSPv2.2\EWARM\BSPv2.2\Obj\i2c.o
#        E:\Users\bertz\Documents\GitHub\BSPv2.2\BSPv2.2\EWARM\BSPv2.2\Obj\main.o
#        E:\Users\bertz\Documents\GitHub\BSPv2.2\BSPv2.2\EWARM\BSPv2.2\Obj\spi.o
#        E:\Users\bertz\Documents\GitHub\BSPv2.2\BSPv2.2\EWARM\BSPv2.2\Obj\startup_stm32f103xe.o
#        E:\Users\bertz\Documents\GitHub\BSPv2.2\BSPv2.2\EWARM\BSPv2.2\Obj\stm32f1xx_hal.o
#        E:\Users\bertz\Documents\GitHub\BSPv2.2\BSPv2.2\EWARM\BSPv2.2\Obj\stm32f1xx_hal_adc.o
#        E:\Users\bertz\Documents\GitHub\BSPv2.2\BSPv2.2\EWARM\BSPv2.2\Obj\stm32f1xx_hal_adc_ex.o
#        E:\Users\bertz\Documents\GitHub\BSPv2.2\BSPv2.2\EWARM\BSPv2.2\Obj\stm32f1xx_hal_cortex.o
#        E:\Users\bertz\Documents\GitHub\BSPv2.2\BSPv2.2\EWARM\BSPv2.2\Obj\stm32f1xx_hal_dma.o
#        E:\Users\bertz\Documents\GitHub\BSPv2.2\BSPv2.2\EWARM\BSPv2.2\Obj\stm32f1xx_hal_flash.o
#        E:\Users\bertz\Documents\GitHub\BSPv2.2\BSPv2.2\EWARM\BSPv2.2\Obj\stm32f1xx_hal_flash_ex.o
#        E:\Users\bertz\Documents\GitHub\BSPv2.2\BSPv2.2\EWARM\BSPv2.2\Obj\stm32f1xx_hal_gpio.o
#        E:\Users\bertz\Documents\GitHub\BSPv2.2\BSPv2.2\EWARM\BSPv2.2\Obj\stm32f1xx_hal_gpio_ex.o
#        E:\Users\bertz\Documents\GitHub\BSPv2.2\BSPv2.2\EWARM\BSPv2.2\Obj\stm32f1xx_hal_i2c.o
#        E:\Users\bertz\Documents\GitHub\BSPv2.2\BSPv2.2\EWARM\BSPv2.2\Obj\stm32f1xx_hal_msp.o
#        E:\Users\bertz\Documents\GitHub\BSPv2.2\BSPv2.2\EWARM\BSPv2.2\Obj\stm32f1xx_hal_pwr.o
#        E:\Users\bertz\Documents\GitHub\BSPv2.2\BSPv2.2\EWARM\BSPv2.2\Obj\stm32f1xx_hal_rcc.o
#        E:\Users\bertz\Documents\GitHub\BSPv2.2\BSPv2.2\EWARM\BSPv2.2\Obj\stm32f1xx_hal_rcc_ex.o
#        E:\Users\bertz\Documents\GitHub\BSPv2.2\BSPv2.2\EWARM\BSPv2.2\Obj\stm32f1xx_hal_spi.o
#        E:\Users\bertz\Documents\GitHub\BSPv2.2\BSPv2.2\EWARM\BSPv2.2\Obj\stm32f1xx_hal_spi_ex.o
#        E:\Users\bertz\Documents\GitHub\BSPv2.2\BSPv2.2\EWARM\BSPv2.2\Obj\stm32f1xx_hal_tim.o
#        E:\Users\bertz\Documents\GitHub\BSPv2.2\BSPv2.2\EWARM\BSPv2.2\Obj\stm32f1xx_hal_tim_ex.o
#        E:\Users\bertz\Documents\GitHub\BSPv2.2\BSPv2.2\EWARM\BSPv2.2\Obj\stm32f1xx_hal_uart.o
#        E:\Users\bertz\Documents\GitHub\BSPv2.2\BSPv2.2\EWARM\BSPv2.2\Obj\stm32f1xx_it.o
#        E:\Users\bertz\Documents\GitHub\BSPv2.2\BSPv2.2\EWARM\BSPv2.2\Obj\system_stm32f1xx.o
#        E:\Users\bertz\Documents\GitHub\BSPv2.2\BSPv2.2\EWARM\BSPv2.2\Obj\tim.o
#        E:\Users\bertz\Documents\GitHub\BSPv2.2\BSPv2.2\EWARM\BSPv2.2\Obj\usart.o
#        --redirect _Printf=_PrintfFull --redirect _Scanf=_ScanfFull -o
#        E:\Users\bertz\Documents\GitHub\BSPv2.2\BSPv2.2\EWARM\BSPv2.2\Exe\BSPv2.2.out
#        --map
#        E:\Users\bertz\Documents\GitHub\BSPv2.2\BSPv2.2\EWARM\BSPv2.2\List\BSPv2.2.map
#        --config
#        E:\Users\bertz\Documents\GitHub\BSPv2.2\BSPv2.2\EWARM/stm32f103xe_flash.icf
#        --semihosting --entry __iar_program_start --vfe --text_out locale)
#
###############################################################################

*******************************************************************************
*** RUNTIME MODEL ATTRIBUTES
***

CppFlavor       = *
__SystemLibrary = DLib
__dlib_version  = 6


*******************************************************************************
*** HEAP SELECTION
***

The basic heap was selected because no calls to memory allocation
functions were found in the application outside of system library
functions, and there are calls to deallocation functions in the
application.


*******************************************************************************
*** PLACEMENT SUMMARY
***

"A0":  place at 0x08000000 { ro section .intvec };
"P1":  place in [from 0x08000000 to 0x0807ffff] { ro };
define block CSTACK with size = 1K, alignment = 8 { };
define block HEAP with size = 512, alignment = 8 { };
"P2":  place in [from 0x20000000 to 0x2000ffff] {
          rw, block CSTACK, block HEAP };
initialize by copy { rw };

  Section            Kind        Address    Size  Object
  -------            ----        -------    ----  ------
"A0":                                      0x130
  .intvec            ro code  0x08000000   0x130  startup_stm32f103xe.o [1]
                            - 0x08000130   0x130

"P1":                                     0x480c
  .text              ro code  0x08000130   0xefa  stm32f1xx_hal_i2c.o [1]
  .text              ro code  0x0800102c    0xc4  i2c.o [1]
  .text              ro code  0x080010f0   0x4e2  stm32f1xx_hal_rcc.o [1]
  .text              ro code  0x080015d4     0xc  stm32f1xx_hal.o [1]
  .text              ro code  0x080015e0     0x2  stm32f1xx_hal_i2c.o [1]
  .text              ro code  0x080015e2     0x2  stm32f1xx_hal_i2c.o [1]
  .text              ro code  0x080015e4     0x2  stm32f1xx_hal_i2c.o [1]
  .text              ro code  0x080015e6     0x2  stm32f1xx_hal_i2c.o [1]
  .text              ro code  0x080015e8     0x2  stm32f1xx_hal_i2c.o [1]
  .text              ro code  0x080015ea     0x2  stm32f1xx_hal_i2c.o [1]
  .text              ro code  0x080015ec     0x2  stm32f1xx_hal_i2c.o [1]
  .text              ro code  0x080015ee     0x2  stm32f1xx_hal_i2c.o [1]
  .text              ro code  0x080015f0   0x422  stm32f1xx_hal_dma.o [1]
  .text              ro code  0x08001a12     0x2  stm32f1xx_hal_i2c.o [1]
  .text              ro code  0x08001a14     0x2  stm32f1xx_hal_i2c.o [1]
  .text              ro code  0x08001a18   0x6e0  main.o [1]
  .text              ro code  0x080020f8   0x1f4  stm32f1xx_hal_gpio.o [1]
  .text              ro code  0x080022ec    0x40  stm32f1xx_hal.o [1]
  .text              ro code  0x0800232c    0x24  stm32f1xx_hal.o [1]
  .text              ro code  0x08002350    0xde  gpio.o [1]
  .text              ro code  0x08002430    0x20  dma.o [1]
  .text              ro code  0x08002450   0x1f8  tim.o [1]
  .text              ro code  0x08002648   0x19c  usart.o [1]
  .text              ro code  0x080027e4    0xe4  spi.o [1]
  .text              ro code  0x080028c8   0x134  adc.o [1]
  .text              ro code  0x080029fc   0x1f0  bsp_motor.o [1]
  .text              ro code  0x08002bec    0x88  bsp_digitalfloodcontrol.o [1]
  .text              ro code  0x08002c74   0x124  bsp_DataTransmissionLayer.o [1]
  .text              ro code  0x08002d98    0xe0  bsp_wrieless.o [1]
  .text              ro code  0x08002e78   0x398  stm32f1xx_hal_tim.o [1]
  .text              ro code  0x08003210   0x3ac  bsp_ProtocolLayer.o [1]
  .text              ro code  0x080035bc    0x28  bsp_log.o [1]
  .text              ro code  0x080035e4    0xe8  stm32f1xx_hal_rcc_ex.o [1]
  .text              ro code  0x080036cc    0xe6  stm32f1xx_hal_cortex.o [1]
  .text              ro code  0x080037b4   0x59a  stm32f1xx_hal_adc.o [1]
  .text              ro code  0x08003d50    0x88  stm32f1xx_hal_msp.o [1]
  .text              ro code  0x08003dd8    0x4a  stm32f1xx_hal_tim_ex.o [1]
  .text              ro code  0x08003e24   0x618  stm32f1xx_hal_uart.o [1]
  .text              ro code  0x0800443c    0x82  stm32f1xx_hal_spi_ex.o [1]
  .text              ro code  0x080044c0    0x2c  bsp_dac5571.o [1]
  .text              ro code  0x080044ec     0x2  stm32f1xx_hal_tim.o [1]
  .text              ro code  0x080044ee     0x2  stm32f1xx_hal_tim.o [1]
  .text              ro code  0x080044f0     0x2  stm32f1xx_hal_tim_ex.o [1]
  .text              ro code  0x080044f2     0x2  stm32f1xx_hal_tim.o [1]
  .text              ro code  0x080044f4     0x2  stm32f1xx_hal_tim_ex.o [1]
  .text              ro code  0x080044f6     0x2  stm32f1xx_hal_tim.o [1]
  .text              ro code  0x080044f8     0x2  stm32f1xx_hal_adc_ex.o [1]
  .text              ro code  0x080044fa     0x2  stm32f1xx_hal_adc.o [1]
  .text              ro code  0x080044fc     0x2  stm32f1xx_hal_adc.o [1]
  .text              ro code  0x080044fe     0x2  stm32f1xx_hal_adc.o [1]
  .text              ro code  0x08004500     0x2  stm32f1xx_hal_uart.o [1]
  .text              ro code  0x08004502     0x2  stm32f1xx_hal_uart.o [1]
  .text              ro code  0x08004504     0x2  stm32f1xx_hal_uart.o [1]
  .text              ro code  0x08004506     0x2  stm32f1xx_hal_uart.o [1]
  Initializer bytes  const    0x08004508   0x13c  <for P2-1>
  .text              ro code  0x08004644    0xa8  stm32f1xx_it.o [1]
  .text              ro code  0x080046ec    0x10  stm32f1xx_hal.o [1]
  .text              ro code  0x080046fc    0x5c  system_stm32f1xx.o [1]
  .text              ro code  0x08004758    0x40  zero_init3.o [4]
  .text              ro code  0x08004798    0x2c  copy_init3.o [4]
  .text              ro code  0x080047c4    0x28  data_init.o [4]
  .iar.init_table    const    0x080047ec    0x24  - Linker created -
  .text              ro code  0x08004810    0x1e  cmain.o [4]
  .text              ro code  0x0800482e     0x4  low_level_init.o [3]
  .text              ro code  0x08004832     0x4  exit.o [3]
  .text              ro code  0x08004838     0xa  cexit.o [4]
  .text              ro code  0x08004844    0x14  exit.o [5]
  .text              ro code  0x08004858    0x10  startup_stm32f103xe.o [1]
  .text              ro code  0x08004868     0xc  cstartup_M.o [4]
  .rodata            const    0x08004874     0x8  system_stm32f1xx.o [1]
  .text              ro code  0x0800487c     0x4  startup_stm32f103xe.o [1]
  .text              ro code  0x08004880     0x4  startup_stm32f103xe.o [1]
  .text              ro code  0x08004884     0x4  startup_stm32f103xe.o [1]
  .text              ro code  0x08004888     0x4  startup_stm32f103xe.o [1]
  .text              ro code  0x0800488c     0x4  startup_stm32f103xe.o [1]
  .text              ro code  0x08004890     0x4  startup_stm32f103xe.o [1]
  .text              ro code  0x08004894     0x4  startup_stm32f103xe.o [1]
  .text              ro code  0x08004898     0x4  startup_stm32f103xe.o [1]
  .text              ro code  0x0800489c     0x4  startup_stm32f103xe.o [1]
  .text              ro code  0x080048a0     0x4  startup_stm32f103xe.o [1]
  .text              ro code  0x080048a4     0x4  startup_stm32f103xe.o [1]
  .text              ro code  0x080048a8     0x4  startup_stm32f103xe.o [1]
  .text              ro code  0x080048ac     0x4  startup_stm32f103xe.o [1]
  .text              ro code  0x080048b0     0x4  startup_stm32f103xe.o [1]
  .text              ro code  0x080048b4     0x4  startup_stm32f103xe.o [1]
  .text              ro code  0x080048b8     0x4  startup_stm32f103xe.o [1]
  .text              ro code  0x080048bc     0x4  startup_stm32f103xe.o [1]
  .text              ro code  0x080048c0     0x4  startup_stm32f103xe.o [1]
  .text              ro code  0x080048c4     0x4  startup_stm32f103xe.o [1]
  .text              ro code  0x080048c8     0x4  startup_stm32f103xe.o [1]
  .text              ro code  0x080048cc     0x4  startup_stm32f103xe.o [1]
  .text              ro code  0x080048d0     0x4  startup_stm32f103xe.o [1]
  .text              ro code  0x080048d4     0x4  startup_stm32f103xe.o [1]
  .text              ro code  0x080048d8     0x4  startup_stm32f103xe.o [1]
  .text              ro code  0x080048dc     0x4  startup_stm32f103xe.o [1]
  .text              ro code  0x080048e0     0x4  startup_stm32f103xe.o [1]
  .text              ro code  0x080048e4     0x4  startup_stm32f103xe.o [1]
  .text              ro code  0x080048e8     0x4  startup_stm32f103xe.o [1]
  .text              ro code  0x080048ec     0x4  startup_stm32f103xe.o [1]
  .text              ro code  0x080048f0     0x4  startup_stm32f103xe.o [1]
  .text              ro code  0x080048f4     0x4  startup_stm32f103xe.o [1]
  .text              ro code  0x080048f8     0x4  startup_stm32f103xe.o [1]
  .text              ro code  0x080048fc     0x4  startup_stm32f103xe.o [1]
  .text              ro code  0x08004900     0x4  startup_stm32f103xe.o [1]
  .text              ro code  0x08004904     0x4  startup_stm32f103xe.o [1]
  .text              ro code  0x08004908     0x4  startup_stm32f103xe.o [1]
  .text              ro code  0x0800490c     0x4  startup_stm32f103xe.o [1]
  .text              ro code  0x08004910     0x4  startup_stm32f103xe.o [1]
  .text              ro code  0x08004914     0x4  startup_stm32f103xe.o [1]
  .text              ro code  0x08004918     0x4  startup_stm32f103xe.o [1]
  .text              ro code  0x0800491c     0x4  startup_stm32f103xe.o [1]
  .text              ro code  0x08004920     0x4  startup_stm32f103xe.o [1]
  .text              ro code  0x08004924     0x4  startup_stm32f103xe.o [1]
  .text              ro code  0x08004928     0x4  startup_stm32f103xe.o [1]
  .text              ro code  0x0800492c     0x4  startup_stm32f103xe.o [1]
  .text              ro code  0x08004930     0x4  startup_stm32f103xe.o [1]
  .text              ro code  0x08004934     0x4  startup_stm32f103xe.o [1]
  .text              ro code  0x08004938     0x4  startup_stm32f103xe.o [1]
  .rodata            const    0x0800493c     0x0  zero_init3.o [4]
  .rodata            const    0x0800493c     0x0  copy_init3.o [4]
                            - 0x0800493c  0x480c

"P2", part 1 of 3:                         0x13c
  P2-1                        0x20000000   0x13c  <Init block>
    .data            inited   0x20000000   0x12c  data.o [1]
    .data            inited   0x2000012c     0xc  stm32f1xx_hal.o [1]
    .data            inited   0x20000138     0x4  system_stm32f1xx.o [1]
                            - 0x2000013c   0x13c

"P2", part 2 of 3:                         0xa68
  .bss               zero     0x2000013c   0x204  bsp_DataTransmissionLayer.o [1]
  .bss               zero     0x20000340   0x204  bsp_DataTransmissionLayer.o [1]
  .bss               zero     0x20000544   0x100  bsp_digitalfloodcontrol.o [1]
  .bss               zero     0x20000644    0xac  bsp_ProtocolLayer.o [1]
  .bss               zero     0x200006f0    0x88  usart.o [1]
  .bss               zero     0x20000778    0x80  main.o [1]
  .bss               zero     0x200007f8    0x70  bsp_ProtocolLayer.o [1]
  .bss               zero     0x20000868    0x58  spi.o [1]
  .bss               zero     0x200008c0    0x54  i2c.o [1]
  .bss               zero     0x20000914    0x44  adc.o [1]
  .bss               zero     0x20000958    0x40  tim.o [1]
  .bss               zero     0x20000998    0x40  tim.o [1]
  .bss               zero     0x200009d8    0x40  tim.o [1]
  .bss               zero     0x20000a18    0x40  tim.o [1]
  .bss               zero     0x20000a58    0x40  usart.o [1]
  .bss               zero     0x20000a98    0x40  usart.o [1]
  .bss               zero     0x20000ad8    0x30  adc.o [1]
  .bss               zero     0x20000b08    0x20  main.o [1]
  .bss               zero     0x20000b28    0x20  main.o [1]
  .bss               zero     0x20000b48    0x19  bsp_log.o [1]
  .bss               zero     0x20000b61     0x7  bsp_wrieless.o [1]
  .bss               zero     0x20000b68    0x14  bsp_ProtocolLayer.o [1]
  .bss               zero     0x20000b7c    0x10  bsp_digitalfloodcontrol.o [1]
  .bss               zero     0x20000b8c    0x10  main.o [1]
  .bss               zero     0x20000b9c     0x2  bsp_dac5571.o [1]
  .bss               zero     0x20000b9e     0x2  bsp_digitalfloodcontrol.o [1]
  .bss               zero     0x20000ba0     0x2  data.o [1]
                            - 0x20000ba2   0xa66

"P2", part 3 of 3:                         0x400
  CSTACK                      0x20000ba8   0x400  <Block>
    CSTACK           uninit   0x20000ba8   0x400  <Block tail>
                            - 0x20000fa8   0x400


*******************************************************************************
*** INIT TABLE
***

          Address     Size
          -------     ----
Zero (__iar_zero_init3)
    1 destination range, total size 0xa66:
          0x2000013c  0xa66

Copy (__iar_copy_init3)
    1 source range, total size 0x13c:
          0x08004508  0x13c
    1 destination range, total size 0x13c:
          0x20000000  0x13c



*******************************************************************************
*** MODULE SUMMARY
***

    Module                       ro code  ro data  rw data
    ------                       -------  -------  -------
E:\Users\bertz\Documents\GitHub\BSPv2.2\BSPv2.2\EWARM\BSPv2.2\Obj: [1]
    adc.o                            308               116
    bsp_DataTransmissionLayer.o      292             1 032
    bsp_ProtocolLayer.o              940               304
    bsp_dac5571.o                     44                 2
    bsp_digitalfloodcontrol.o        136               274
    bsp_log.o                         40                25
    bsp_motor.o                      496
    bsp_wrieless.o                   224                 7
    data.o                                    300      302
    dma.o                             32
    gpio.o                           222
    i2c.o                            196                84
    main.o                         1 760               208
    spi.o                            228                88
    startup_stm32f103xe.o            512
    stm32f1xx_hal.o                  128       12       12
    stm32f1xx_hal_adc.o            1 440
    stm32f1xx_hal_adc_ex.o             2
    stm32f1xx_hal_cortex.o           230
    stm32f1xx_hal_dma.o            1 058
    stm32f1xx_hal_gpio.o             500
    stm32f1xx_hal_i2c.o            3 854
    stm32f1xx_hal_msp.o              136
    stm32f1xx_hal_rcc.o            1 250
    stm32f1xx_hal_rcc_ex.o           232
    stm32f1xx_hal_spi_ex.o           130
    stm32f1xx_hal_tim.o              928
    stm32f1xx_hal_tim_ex.o            78
    stm32f1xx_hal_uart.o           1 568
    stm32f1xx_it.o                   168
    system_stm32f1xx.o                92       12        4
    tim.o                            504               256
    usart.o                          412               264
    ------------------------------------------------------
    Total:                        18 140      324    2 978

command line: [2]
    ------------------------------------------------------
    Total:

dl7M_tlf.a: [3]
    exit.o                             4
    low_level_init.o                   4
    ------------------------------------------------------
    Total:                             8

rt7M_tl.a: [4]
    cexit.o                           10
    cmain.o                           30
    copy_init3.o                      44
    cstartup_M.o                      12
    data_init.o                       40
    zero_init3.o                      64
    ------------------------------------------------------
    Total:                           200

shb_l.a: [5]
    exit.o                            20
    ------------------------------------------------------
    Total:                            20

    Gaps                              20
    Linker created                             36    1 024
----------------------------------------------------------
    Grand Total:                  18 388      360    4 002


*******************************************************************************
*** ENTRY LIST
***

Entry                      Address   Size  Type      Object
-----                      -------   ----  ----      ------
.iar.init_table$$Base   0x080047ec          --   Gb  - Linker created -
.iar.init_table$$Limit  0x08004810          --   Gb  - Linker created -
?main                   0x08004811         Code  Gb  cmain.o [4]
ADC1_2_IRQHandler       0x08004675    0x6  Code  Gb  stm32f1xx_it.o [1]
ADCBuffer               0x20000778   0x80  Data  Gb  main.o [1]
ADC_ConversionStop_Disable
                        0x08003ca5   0x44  Code  Gb  stm32f1xx_hal_adc.o [1]
ADC_DMAConvCplt         0x08003ce9   0x48  Code  Gb  stm32f1xx_hal_adc.o [1]
ADC_DMAError            0x08003d39   0x16  Code  Gb  stm32f1xx_hal_adc.o [1]
ADC_DMAHalfConvCplt     0x08003d31    0x6  Code  Gb  stm32f1xx_hal_adc.o [1]
ADC_Enable              0x08003c11   0x6a  Code  Gb  stm32f1xx_hal_adc.o [1]
AHBPrescTable           0x08004748   0x10  Data  Gb  system_stm32f1xx.o [1]
APBPrescTable           0x08004874    0x8  Data  Gb  system_stm32f1xx.o [1]
BSP_DAC5571_WriteValue  0x080044c1   0x1a  Code  Gb  bsp_dac5571.o [1]
BSP_DriverBoardProtocolInit
                        0x08002ce7   0x14  Code  Gb  bsp_DataTransmissionLayer.o [1]
BSP_DriverBoardUsartReceive_IDLE
                        0x08002c75   0x20  Code  Gb  bsp_DataTransmissionLayer.o [1]
BSP_HandingDriverBoardRequest
                        0x080033eb  0x13a  Code  Gb  bsp_ProtocolLayer.o [1]
BSP_HandingUartData     0x0800322b  0x1a0  Code  Lc  bsp_ProtocolLayer.o [1]
BSP_HandingUartDataFromDriverBoard
                        0x080033dd    0xe  Code  Gb  bsp_ProtocolLayer.o [1]
BSP_LeftDoorBoardUsartReceive_IDLE
                        0x08002c95   0x20  Code  Gb  bsp_DataTransmissionLayer.o [1]
BSP_MotorAction         0x08002b41   0x76  Code  Gb  bsp_motor.o [1]
BSP_MotorCheck          0x08002acf   0x72  Code  Gb  bsp_motor.o [1]
BSP_MotorInit           0x080029fd   0x32  Code  Gb  bsp_motor.o [1]
BSP_MotorRun            0x08002a4d   0x38  Code  Gb  bsp_motor.o [1]
BSP_MotorSpeedSet       0x08002ac1    0xe  Code  Gb  bsp_motor.o [1]
BSP_MotorStop           0x08002aa3   0x14  Code  Gb  bsp_motor.o [1]
BSP_SendAckData         0x08003525   0x82  Code  Gb  bsp_ProtocolLayer.o [1]
BSP_SendByteToDriverBoard
                        0x08002d15   0x36  Code  Gb  bsp_DataTransmissionLayer.o [1]
BSP_SendDataToDriverBoard
                        0x08002d4b   0x36  Code  Gb  bsp_DataTransmissionLayer.o [1]
BSP_WirelessAction      0x08002e27   0x46  Code  Gb  bsp_wrieless.o [1]
BSP_WirelessCheck       0x08002da1   0x86  Code  Gb  bsp_wrieless.o [1]
BSP_WirelessInit        0x08002d99    0x8  Code  Gb  bsp_wrieless.o [1]
BusFault_Handler        0x0800464b    0x2  Code  Gb  stm32f1xx_it.o [1]
CSTACK$$Base            0x20000ba8          --   Gb  - Linker created -
CSTACK$$Limit           0x20000fa8          --   Gb  - Linker created -
DMA1_Channel1_IRQHandler
                        0x08004663    0x6  Code  Gb  stm32f1xx_it.o [1]
DMA1_Channel5_IRQHandler
                        0x08004669    0x6  Code  Gb  stm32f1xx_it.o [1]
DMA1_Channel6_IRQHandler
                        0x0800466f    0x6  Code  Gb  stm32f1xx_it.o [1]
DMA_SetConfig           0x080019f1   0x22  Code  Lc  stm32f1xx_hal_dma.o [1]
DebugMon_Handler        0x08004651    0x2  Code  Gb  stm32f1xx_it.o [1]
DigitalfloodInit        0x08002c4f   0x1a  Code  Gb  bsp_digitalfloodcontrol.o [1]
DriverBoardAckedData    0x20000658   0x18  Data  Gb  bsp_ProtocolLayer.o [1]
DriverBoardRevDataStruct
                        0x20000644   0x10  Data  Gb  bsp_ProtocolLayer.o [1]
DriverBoardUsartType    0x2000013c  0x204  Data  Gb  bsp_DataTransmissionLayer.o [1]
DriverRevDataBuf        0x20000670   0x80  Data  Lc  bsp_ProtocolLayer.o [1]
HAL_ADCEx_InjectedConvCpltCallback
                        0x080044f9    0x2  Code  Wk  stm32f1xx_hal_adc_ex.o [1]
HAL_ADC_ConfigChannel   0x08003b15   0xe4  Code  Gb  stm32f1xx_hal_adc.o [1]
HAL_ADC_ConvCpltCallback
                        0x080020e5    0x2  Code  Gb  main.o [1]
HAL_ADC_IRQHandler      0x08003a25   0xd8  Code  Gb  stm32f1xx_hal_adc.o [1]
HAL_ADC_Init            0x080037b5  0x110  Code  Gb  stm32f1xx_hal_adc.o [1]
HAL_ADC_MspInit         0x08002939   0x6e  Code  Gb  adc.o [1]
HAL_ADC_Start_DMA       0x080038d9   0xfa  Code  Gb  stm32f1xx_hal_adc.o [1]
HAL_ADC_Stop_DMA        0x080039d3   0x3e  Code  Gb  stm32f1xx_hal_adc.o [1]
HAL_DMA_Abort           0x080016eb   0x32  Code  Gb  stm32f1xx_hal_dma.o [1]
HAL_DMA_Abort_IT        0x0800171d   0xdc  Code  Gb  stm32f1xx_hal_dma.o [1]
HAL_DMA_IRQHandler      0x080017f9  0x1b4  Code  Gb  stm32f1xx_hal_dma.o [1]
HAL_DMA_Init            0x080015f1   0x78  Code  Gb  stm32f1xx_hal_dma.o [1]
HAL_DMA_Start_IT        0x08001677   0x74  Code  Gb  stm32f1xx_hal_dma.o [1]
HAL_GPIO_Init           0x080020f9  0x196  Code  Gb  stm32f1xx_hal_gpio.o [1]
HAL_GPIO_ReadPin        0x0800228f    0xc  Code  Gb  stm32f1xx_hal_gpio.o [1]
HAL_GPIO_TogglePin      0x080022a7    0x8  Code  Gb  stm32f1xx_hal_gpio.o [1]
HAL_GPIO_WritePin       0x0800229b    0xc  Code  Gb  stm32f1xx_hal_gpio.o [1]
HAL_GetTick             0x080015d5    0xc  Code  Wk  stm32f1xx_hal.o [1]
HAL_I2C_ER_IRQHandler   0x080005fb   0xc0  Code  Gb  stm32f1xx_hal_i2c.o [1]
HAL_I2C_EV_IRQHandler   0x080003c9  0x20e  Code  Gb  stm32f1xx_hal_i2c.o [1]
HAL_I2C_Init            0x08000131   0xdc  Code  Gb  stm32f1xx_hal_i2c.o [1]
HAL_I2C_Master_Transmit
                        0x08000229   0xa2  Code  Gb  stm32f1xx_hal_i2c.o [1]
HAL_I2C_MspInit         0x08001065   0x3a  Code  Gb  i2c.o [1]
HAL_IncTick             0x080046ed   0x10  Code  Wk  stm32f1xx_hal.o [1]
HAL_Init                0x0800232d   0x20  Code  Gb  stm32f1xx_hal.o [1]
HAL_InitTick            0x080022ed   0x40  Code  Wk  stm32f1xx_hal.o [1]
HAL_MspInit             0x08003d51   0x88  Code  Gb  stm32f1xx_hal_msp.o [1]
HAL_NVIC_EnableIRQ      0x0800373f    0xa  Code  Gb  stm32f1xx_hal_cortex.o [1]
HAL_NVIC_SetPriority    0x08003705   0x3a  Code  Gb  stm32f1xx_hal_cortex.o [1]
HAL_NVIC_SetPriorityGrouping
                        0x080036eb   0x1a  Code  Gb  stm32f1xx_hal_cortex.o [1]
HAL_RCCEx_PeriphCLKConfig
                        0x080035e5   0xda  Code  Gb  stm32f1xx_hal_rcc_ex.o [1]
HAL_RCC_ClockConfig     0x0800140d  0x10c  Code  Gb  stm32f1xx_hal_rcc.o [1]
HAL_RCC_GetHCLKFreq     0x08001569    0x6  Code  Gb  stm32f1xx_hal_rcc.o [1]
HAL_RCC_GetPCLK1Freq    0x0800156f   0x10  Code  Gb  stm32f1xx_hal_rcc.o [1]
HAL_RCC_GetPCLK2Freq    0x0800157f    0xe  Code  Gb  stm32f1xx_hal_rcc.o [1]
HAL_RCC_GetSysClockFreq
                        0x0800152d   0x3c  Code  Gb  stm32f1xx_hal_rcc.o [1]
HAL_RCC_GetSysClockFreq::aPLLMULFactorTable
                        0x080015c0   0x10  Data  Lc  stm32f1xx_hal_rcc.o [1]
HAL_RCC_GetSysClockFreq::aPredivFactorTable
                        0x080015d0    0x2  Data  Lc  stm32f1xx_hal_rcc.o [1]
HAL_RCC_OscConfig       0x080010f1  0x314  Code  Gb  stm32f1xx_hal_rcc.o [1]
HAL_SPI_Init            0x0800443d   0x82  Code  Gb  stm32f1xx_hal_spi_ex.o [1]
HAL_SPI_MspInit         0x0800282d   0x4e  Code  Gb  spi.o [1]
HAL_SYSTICK_CLKSourceConfig
                        0x0800377b   0x1a  Code  Gb  stm32f1xx_hal_cortex.o [1]
HAL_SYSTICK_Config      0x08003753   0x28  Code  Gb  stm32f1xx_hal_cortex.o [1]
HAL_SYSTICK_IRQHandler  0x080037ad    0x4  Code  Gb  stm32f1xx_hal_cortex.o [1]
HAL_TIMEx_BreakCallback
                        0x080044f1    0x2  Code  Wk  stm32f1xx_hal_tim_ex.o [1]
HAL_TIMEx_CommutationCallback
                        0x080044f5    0x2  Code  Wk  stm32f1xx_hal_tim_ex.o [1]
HAL_TIMEx_MasterConfigSynchronization
                        0x08003dd9   0x4a  Code  Gb  stm32f1xx_hal_tim_ex.o [1]
HAL_TIM_Base_Init       0x08002e79   0x1a  Code  Gb  stm32f1xx_hal_tim.o [1]
HAL_TIM_Base_MspInit    0x08002583   0x64  Code  Gb  tim.o [1]
HAL_TIM_Base_Start_IT   0x08002e93   0x16  Code  Gb  stm32f1xx_hal_tim.o [1]
HAL_TIM_Base_Stop_IT    0x08002ea9   0x2e  Code  Gb  stm32f1xx_hal_tim.o [1]
HAL_TIM_ConfigClockSource
                        0x08003043   0xac  Code  Gb  stm32f1xx_hal_tim.o [1]
HAL_TIM_IRQHandler      0x08002efb  0x142  Code  Gb  stm32f1xx_hal_tim.o [1]
HAL_TIM_PeriodElapsedCallback
                        0x08001d33  0x248  Code  Gb  main.o [1]
HAL_UART_DMAStop        0x08003fe1   0x48  Code  Gb  stm32f1xx_hal_uart.o [1]
HAL_UART_IRQHandler     0x08004041  0x152  Code  Gb  stm32f1xx_hal_uart.o [1]
HAL_UART_Init           0x08003e25   0x1e  Code  Gb  stm32f1xx_hal_uart.o [1]
HAL_UART_MspInit        0x0800269d   0xc8  Code  Gb  usart.o [1]
HAL_UART_Receive_DMA    0x08003f4f   0x92  Code  Gb  stm32f1xx_hal_uart.o [1]
HAL_UART_Transmit       0x08003e9d   0xaa  Code  Gb  stm32f1xx_hal_uart.o [1]
HardFault_Handler       0x08004647    0x2  Code  Gb  stm32f1xx_it.o [1]
I2C2_ER_IRQHandler      0x0800468d    0x6  Code  Gb  stm32f1xx_it.o [1]
I2C2_EV_IRQHandler      0x08004687    0x6  Code  Gb  stm32f1xx_it.o [1]
I2C_DMAAbort            0x08000e35   0x50  Code  Lc  stm32f1xx_hal_i2c.o [1]
I2C_ITError             0x08000c45   0xde  Code  Lc  stm32f1xx_hal_i2c.o [1]
I2C_IsAcknowledgeFailed
                        0x08001003   0x28  Code  Lc  stm32f1xx_hal_i2c.o [1]
I2C_MasterReceive_BTF   0x080008d3   0x90  Code  Lc  stm32f1xx_hal_i2c.o [1]
I2C_MasterReceive_RXNE  0x0800081f   0x9c  Code  Lc  stm32f1xx_hal_i2c.o [1]
I2C_MasterRequestWrite  0x08000d51   0x7c  Code  Lc  stm32f1xx_hal_i2c.o [1]
I2C_MasterTransmit_BTF  0x08000783   0x48  Code  Lc  stm32f1xx_hal_i2c.o [1]
I2C_MasterTransmit_TXE  0x080006bb   0xc8  Code  Lc  stm32f1xx_hal_i2c.o [1]
I2C_Master_ADDR         0x08000989  0x12c  Code  Lc  stm32f1xx_hal_i2c.o [1]
I2C_Slave_AF            0x08000bcd   0x78  Code  Lc  stm32f1xx_hal_i2c.o [1]
I2C_Slave_STOPF         0x08000af1   0xd6  Code  Lc  stm32f1xx_hal_i2c.o [1]
I2C_WaitOnBTFFlagUntilTimeout
                        0x08000fa7   0x34  Code  Lc  stm32f1xx_hal_i2c.o [1]
I2C_WaitOnFlagUntilTimeout
                        0x08000e85   0x6c  Code  Lc  stm32f1xx_hal_i2c.o [1]
I2C_WaitOnMasterAddressFlagUntilTimeout
                        0x08000ef1   0x82  Code  Lc  stm32f1xx_hal_i2c.o [1]
I2C_WaitOnTXEFlagUntilTimeout
                        0x08000f73   0x34  Code  Lc  stm32f1xx_hal_i2c.o [1]
LeftDoorBoardUsartType  0x20000340  0x204  Data  Gb  bsp_DataTransmissionLayer.o [1]
MX_ADC1_Init            0x080028c9   0x6e  Code  Gb  adc.o [1]
MX_DMA_Init             0x08002431   0x20  Code  Gb  dma.o [1]
MX_GPIO_Init            0x08002351   0xc0  Code  Gb  gpio.o [1]
MX_I2C2_Init            0x0800102d   0x38  Code  Gb  i2c.o [1]
MX_NVIC_Init            0x08001c6d   0xc6  Code  Lc  main.o [1]
MX_SPI1_Init            0x080027e5   0x48  Code  Gb  spi.o [1]
MX_TIM3_Init            0x08002451   0x3e  Code  Gb  tim.o [1]
MX_TIM4_Init            0x0800248f   0x3a  Code  Gb  tim.o [1]
MX_TIM5_Init            0x080024e5   0x42  Code  Gb  tim.o [1]
MX_TIM6_Init            0x08002543   0x34  Code  Gb  tim.o [1]
MX_USART1_UART_Init     0x08002649   0x16  Code  Gb  usart.o [1]
MX_USART2_UART_Init     0x0800265f   0x16  Code  Gb  usart.o [1]
MemManage_Handler       0x08004649    0x2  Code  Gb  stm32f1xx_it.o [1]
NMI_Handler             0x08004645    0x2  Code  Gb  stm32f1xx_it.o [1]
NVIC_SetPriority        0x080036cd   0x1e  Code  Lc  stm32f1xx_hal_cortex.o [1]
PendSV_Handler          0x08004653    0x2  Code  Gb  stm32f1xx_it.o [1]
Region$$Table$$Base     0x080047ec          --   Gb  - Linker created -
Region$$Table$$Limit    0x08004810          --   Gb  - Linker created -
SVC_Handler             0x0800464f    0x2  Code  Gb  stm32f1xx_it.o [1]
SendOpenFlag            0x20000654    0x4  Data  Gb  bsp_ProtocolLayer.o [1]
SettingVbaseValeFlag    0x20000b7d    0x1  Data  Gb  bsp_digitalfloodcontrol.o [1]
SpeedDataBufferOne      0x20000000  0x12c  Data  Gb  data.o [1]
SpeedDataBufferPtr      0x20000ba0    0x2  Data  Gb  data.o [1]
SysTick_Handler         0x08004655    0xe  Code  Gb  stm32f1xx_it.o [1]
SystemClock_Config      0x08001be7   0x86  Code  Gb  main.o [1]
SystemCoreClock         0x20000138    0x4  Data  Gb  system_stm32f1xx.o [1]
SystemInit              0x080046fd   0x3a  Code  Gb  system_stm32f1xx.o [1]
TIM3_IRQHandler         0x0800467b    0x6  Code  Gb  stm32f1xx_it.o [1]
TIM4_IRQHandler         0x08004681    0x6  Code  Gb  stm32f1xx_it.o [1]
TIM5_IRQHandler         0x080046b3    0x6  Code  Gb  stm32f1xx_it.o [1]
TIM6_IRQHandler         0x080046b9    0x6  Code  Gb  stm32f1xx_it.o [1]
TIM_Base_SetConfig      0x08003119   0x74  Code  Gb  stm32f1xx_hal_tim.o [1]
TIM_ETR_SetConfig       0x080031f7   0x14  Code  Lc  stm32f1xx_hal_tim.o [1]
TIM_ITRx_SetConfig      0x080031e7   0x10  Code  Lc  stm32f1xx_hal_tim.o [1]
TIM_TI1_ConfigInputStage
                        0x080031a5   0x1e  Code  Lc  stm32f1xx_hal_tim.o [1]
TIM_TI2_ConfigInputStage
                        0x080031c3   0x24  Code  Lc  stm32f1xx_hal_tim.o [1]
Table                   0x20000b68   0x14  Data  Gb  bsp_ProtocolLayer.o [1]
TiggerTimeCnt           0x20000b88    0x2  Data  Gb  bsp_digitalfloodcontrol.o [1]
TiggerTimeSum           0x20000b86    0x2  Data  Gb  bsp_digitalfloodcontrol.o [1]
UART_DMAAbortOnError    0x080042b1    0xc  Code  Lc  stm32f1xx_hal_uart.o [1]
UART_DMAError           0x080041d5   0x4a  Code  Lc  stm32f1xx_hal_uart.o [1]
UART_DMAReceiveCplt     0x08004195   0x38  Code  Lc  stm32f1xx_hal_uart.o [1]
UART_DMARxHalfCplt      0x080041cd    0x6  Code  Lc  stm32f1xx_hal_uart.o [1]
UART_EndRxTransfer      0x08004295   0x1c  Code  Lc  stm32f1xx_hal_uart.o [1]
UART_EndTxTransfer      0x08004283   0x12  Code  Lc  stm32f1xx_hal_uart.o [1]
UART_Receive_IT         0x080042bd   0x96  Code  Lc  stm32f1xx_hal_uart.o [1]
UART_SetConfig          0x08004353   0xde  Code  Lc  stm32f1xx_hal_uart.o [1]
UART_WaitOnFlagUntilTimeout
                        0x0800421f   0x56  Code  Lc  stm32f1xx_hal_uart.o [1]
USART1_IRQHandler       0x08004693    0xc  Code  Gb  stm32f1xx_it.o [1]
USART2_IRQHandler       0x0800469f    0xa  Code  Gb  stm32f1xx_it.o [1]
UpdataFlag              0x20000b60    0x1  Data  Lc  bsp_log.o [1]
UpdateVbaseValue        0x08002bed   0x62  Code  Gb  bsp_digitalfloodcontrol.o [1]
UsageFault_Handler      0x0800464d    0x2  Code  Gb  stm32f1xx_it.o [1]
Vbase                   0x20000b80    0x2  Data  Gb  bsp_digitalfloodcontrol.o [1]
VbaseBuffer             0x20000544  0x100  Data  Gb  bsp_digitalfloodcontrol.o [1]
VbaseCnt                0x20000b8a    0x2  Data  Gb  bsp_digitalfloodcontrol.o [1]
Vdelta                  0x20000b9e    0x2  Data  Gb  bsp_digitalfloodcontrol.o [1]
Vnormal                 0x20000b84    0x2  Data  Gb  bsp_digitalfloodcontrol.o [1]
Vnormalt                0x20000b82    0x2  Data  Gb  bsp_digitalfloodcontrol.o [1]
Vthreshold              0x20000b7e    0x2  Data  Gb  bsp_digitalfloodcontrol.o [1]
_Error_Handler          0x080020e7    0x2  Code  Gb  main.o [1]
__cmain                 0x08004811         Code  Gb  cmain.o [4]
__exit                  0x08004845   0x14  Code  Gb  exit.o [5]
__iar_copy_init3        0x08004799   0x2c  Code  Gb  copy_init3.o [4]
__iar_data_init3        0x080047c5   0x28  Code  Gb  data_init.o [4]
__iar_program_start     0x08004869         Code  Gb  cstartup_M.o [4]
__iar_systems$$module {Abs}
                        0x00000001         Data  Gb  command line/config [2]
__iar_zero_init3        0x08004759   0x40  Code  Gb  zero_init3.o [4]
__low_level_init        0x0800482f    0x4  Code  Gb  low_level_init.o [3]
__vector_table          0x08000000         Data  Gb  startup_stm32f103xe.o [1]
_call_main              0x0800481d         Code  Gb  cmain.o [4]
_exit                   0x08004839         Code  Gb  cexit.o [4]
_main                   0x0800482b         Code  Gb  cmain.o [4]
bsp_ADCCheck            0x08002005   0x82  Code  Gb  main.o [1]
bsp_GpioStructInit      0x08001fd3   0x32  Code  Gb  main.o [1]
bsp_LogCheckUpdata      0x080035c5   0x1c  Code  Gb  bsp_log.o [1]
bsp_LogWriteUpdataFlag  0x080035bd    0x8  Code  Gb  bsp_log.o [1]
bsp_SendCarEnterFlag    0x08001f7b   0x14  Code  Gb  main.o [1]
bsp_SendCarEnterTimeroutFlag
                        0x08001f8f   0x12  Code  Gb  main.o [1]
checkWrielessFlag       0x20000b41    0x1  Data  Gb  main.o [1]
exit                    0x08004833    0x4  Code  Gb  exit.o [3]
gAirSensorGpio          0x20000b30    0x8  Data  Gb  main.o [1]
gBarFirstArriveClosedPosionFlag
                        0x20000b3d    0x1  Data  Gb  main.o [1]
gBarFirstArriveOpenedPosinFlag
                        0x20000b3c    0x1  Data  Gb  main.o [1]
gCarEnteredFlag         0x20000b3f    0x1  Data  Gb  main.o [1]
gDigitalFoodFlag        0x20000b7c    0x1  Data  Gb  bsp_digitalfloodcontrol.o [1]
gGentleSensorGpio       0x20000b28    0x8  Data  Gb  main.o [1]
gHorCloseFlag           0x20000b21    0x1  Data  Gb  main.o [1]
gHorGpio                0x20000b8c    0x8  Data  Gb  main.o [1]
gLedTimerFlag           0x20000b40    0x1  Data  Gb  main.o [1]
gLogInfo                0x20000b48   0x18  Data  Gb  bsp_log.o [1]
gLogTimerCnt            0x20000b24    0x4  Data  Gb  main.o [1]
gLogTimerFlag           0x20000b38    0x1  Data  Gb  main.o [1]
gMotorMachine           0x20000b08   0x18  Data  Gb  main.o [1]
gOpenBarTimeoutFlag     0x20000b39    0x1  Data  Gb  main.o [1]
gOpenBarTimerCnt        0x20000b44    0x4  Data  Gb  main.o [1]
gOpenBarTimerFlag       0x20000b3a    0x1  Data  Gb  main.o [1]
gOpenFlag               0x20000b3e    0x1  Data  Gb  main.o [1]
gOpenSpeedTimerCnt      0x20000b20    0x1  Data  Gb  main.o [1]
gOpenSpeedTimerFlag     0x20000b3b    0x1  Data  Gb  main.o [1]
gVerGpio                0x20000b94    0x8  Data  Gb  main.o [1]
gWrielessActionFlag     0x20000b61    0x1  Data  Gb  bsp_wrieless.o [1]
gWrielessModeFlag       0x20000b62    0x1  Data  Gb  bsp_wrieless.o [1]
getXORCode              0x08003211   0x1a  Code  Lc  bsp_ProtocolLayer.o [1]
hadc1                   0x20000ad8   0x30  Data  Gb  adc.o [1]
hdma_adc1               0x20000914   0x44  Data  Gb  adc.o [1]
hdma_usart1_rx          0x200006f0   0x44  Data  Gb  usart.o [1]
hdma_usart2_rx          0x20000734   0x44  Data  Gb  usart.o [1]
hi2c2                   0x200008c0   0x54  Data  Gb  i2c.o [1]
hspi1                   0x20000868   0x58  Data  Gb  spi.o [1]
htim3                   0x20000958   0x40  Data  Gb  tim.o [1]
htim4                   0x20000998   0x40  Data  Gb  tim.o [1]
htim5                   0x200009d8   0x40  Data  Gb  tim.o [1]
htim6                   0x20000a18   0x40  Data  Gb  tim.o [1]
huart1                  0x20000a58   0x40  Data  Gb  usart.o [1]
huart2                  0x20000a98   0x40  Data  Gb  usart.o [1]
main                    0x08001a19  0x1b6  Code  Gb  main.o [1]
sNeedToAckStruct        0x200007f8   0x70  Data  Gb  bsp_ProtocolLayer.o [1]
uwTick                  0x20000130    0x4  Data  Gb  stm32f1xx_hal.o [1]
uwTickFreq              0x2000012c    0x1  Data  Gb  stm32f1xx_hal.o [1]
uwTickPrio              0x20000134    0x4  Data  Gb  stm32f1xx_hal.o [1]
wrielessFilterCnt       0x20000b64    0x1  Data  Lc  bsp_wrieless.o [1]
wrielessFilterSum       0x20000b65    0x1  Data  Lc  bsp_wrieless.o [1]
wrielessGpioRelease     0x20000b67    0x1  Data  Lc  bsp_wrieless.o [1]
wrielessGpioState       0x20000b66    0x1  Data  Lc  bsp_wrieless.o [1]
wrielessLastReadValue   0x20000b63    0x1  Data  Lc  bsp_wrieless.o [1]
writebuffer             0x20000b9c    0x2  Data  Lc  bsp_dac5571.o [1]


[1] = E:\Users\bertz\Documents\GitHub\BSPv2.2\BSPv2.2\EWARM\BSPv2.2\Obj
[2] = command line
[3] = dl7M_tlf.a
[4] = rt7M_tl.a
[5] = shb_l.a

  18 388 bytes of readonly  code memory
     360 bytes of readonly  data memory
   4 002 bytes of readwrite data memory

Errors: none
Warnings: none
