###############################################################################
#
# IAR ELF Linker V8.22.1.15669/W32 for ARM                20/Apr/2018  12:58:33
# Copyright 2007-2018 IAR Systems AB.
#
#    Output file  =  
#        E:\Users\bertz\Documents\GitHub\BSPv2.2\BSPv2.2\EWARM\BSPv2.2\Exe\BSPv2.2.out
#    Map file     =  
#        E:\Users\bertz\Documents\GitHub\BSPv2.2\BSPv2.2\EWARM\BSPv2.2\List\BSPv2.2.map
#    Command line =  
#        -f C:\Users\bertz\AppData\Local\Temp\EW3902.tmp
#        (E:\Users\bertz\Documents\GitHub\BSPv2.2\BSPv2.2\EWARM\BSPv2.2\Obj\adc.o
#        E:\Users\bertz\Documents\GitHub\BSPv2.2\BSPv2.2\EWARM\BSPv2.2\Obj\bsp_dac5571.o
#        E:\Users\bertz\Documents\GitHub\BSPv2.2\BSPv2.2\EWARM\BSPv2.2\Obj\bsp_DataTransmissionLayer.o
#        E:\Users\bertz\Documents\GitHub\BSPv2.2\BSPv2.2\EWARM\BSPv2.2\Obj\bsp_digitalfloodcontrol.o
#        E:\Users\bertz\Documents\GitHub\BSPv2.2\BSPv2.2\EWARM\BSPv2.2\Obj\bsp_motor.o
#        E:\Users\bertz\Documents\GitHub\BSPv2.2\BSPv2.2\EWARM\BSPv2.2\Obj\bsp_ProtocolLayer.o
#        E:\Users\bertz\Documents\GitHub\BSPv2.2\BSPv2.2\EWARM\BSPv2.2\Obj\data.o
#        E:\Users\bertz\Documents\GitHub\BSPv2.2\BSPv2.2\EWARM\BSPv2.2\Obj\dma.o
#        E:\Users\bertz\Documents\GitHub\BSPv2.2\BSPv2.2\EWARM\BSPv2.2\Obj\gpio.o
#        E:\Users\bertz\Documents\GitHub\BSPv2.2\BSPv2.2\EWARM\BSPv2.2\Obj\i2c.o
#        E:\Users\bertz\Documents\GitHub\BSPv2.2\BSPv2.2\EWARM\BSPv2.2\Obj\main.o
#        E:\Users\bertz\Documents\GitHub\BSPv2.2\BSPv2.2\EWARM\BSPv2.2\Obj\spi.o
#        E:\Users\bertz\Documents\GitHub\BSPv2.2\BSPv2.2\EWARM\BSPv2.2\Obj\startup_stm32f103xe.o
#        E:\Users\bertz\Documents\GitHub\BSPv2.2\BSPv2.2\EWARM\BSPv2.2\Obj\stm32f1xx_hal.o
#        E:\Users\bertz\Documents\GitHub\BSPv2.2\BSPv2.2\EWARM\BSPv2.2\Obj\stm32f1xx_hal_adc.o
#        E:\Users\bertz\Documents\GitHub\BSPv2.2\BSPv2.2\EWARM\BSPv2.2\Obj\stm32f1xx_hal_adc_ex.o
#        E:\Users\bertz\Documents\GitHub\BSPv2.2\BSPv2.2\EWARM\BSPv2.2\Obj\stm32f1xx_hal_cortex.o
#        E:\Users\bertz\Documents\GitHub\BSPv2.2\BSPv2.2\EWARM\BSPv2.2\Obj\stm32f1xx_hal_dma.o
#        E:\Users\bertz\Documents\GitHub\BSPv2.2\BSPv2.2\EWARM\BSPv2.2\Obj\stm32f1xx_hal_flash.o
#        E:\Users\bertz\Documents\GitHub\BSPv2.2\BSPv2.2\EWARM\BSPv2.2\Obj\stm32f1xx_hal_flash_ex.o
#        E:\Users\bertz\Documents\GitHub\BSPv2.2\BSPv2.2\EWARM\BSPv2.2\Obj\stm32f1xx_hal_gpio.o
#        E:\Users\bertz\Documents\GitHub\BSPv2.2\BSPv2.2\EWARM\BSPv2.2\Obj\stm32f1xx_hal_gpio_ex.o
#        E:\Users\bertz\Documents\GitHub\BSPv2.2\BSPv2.2\EWARM\BSPv2.2\Obj\stm32f1xx_hal_i2c.o
#        E:\Users\bertz\Documents\GitHub\BSPv2.2\BSPv2.2\EWARM\BSPv2.2\Obj\stm32f1xx_hal_msp.o
#        E:\Users\bertz\Documents\GitHub\BSPv2.2\BSPv2.2\EWARM\BSPv2.2\Obj\stm32f1xx_hal_pwr.o
#        E:\Users\bertz\Documents\GitHub\BSPv2.2\BSPv2.2\EWARM\BSPv2.2\Obj\stm32f1xx_hal_rcc.o
#        E:\Users\bertz\Documents\GitHub\BSPv2.2\BSPv2.2\EWARM\BSPv2.2\Obj\stm32f1xx_hal_rcc_ex.o
#        E:\Users\bertz\Documents\GitHub\BSPv2.2\BSPv2.2\EWARM\BSPv2.2\Obj\stm32f1xx_hal_spi.o
#        E:\Users\bertz\Documents\GitHub\BSPv2.2\BSPv2.2\EWARM\BSPv2.2\Obj\stm32f1xx_hal_spi_ex.o
#        E:\Users\bertz\Documents\GitHub\BSPv2.2\BSPv2.2\EWARM\BSPv2.2\Obj\stm32f1xx_hal_tim.o
#        E:\Users\bertz\Documents\GitHub\BSPv2.2\BSPv2.2\EWARM\BSPv2.2\Obj\stm32f1xx_hal_tim_ex.o
#        E:\Users\bertz\Documents\GitHub\BSPv2.2\BSPv2.2\EWARM\BSPv2.2\Obj\stm32f1xx_hal_uart.o
#        E:\Users\bertz\Documents\GitHub\BSPv2.2\BSPv2.2\EWARM\BSPv2.2\Obj\stm32f1xx_it.o
#        E:\Users\bertz\Documents\GitHub\BSPv2.2\BSPv2.2\EWARM\BSPv2.2\Obj\system_stm32f1xx.o
#        E:\Users\bertz\Documents\GitHub\BSPv2.2\BSPv2.2\EWARM\BSPv2.2\Obj\tim.o
#        E:\Users\bertz\Documents\GitHub\BSPv2.2\BSPv2.2\EWARM\BSPv2.2\Obj\usart.o
#        --redirect _Printf=_PrintfFull --redirect _Scanf=_ScanfFull -o
#        E:\Users\bertz\Documents\GitHub\BSPv2.2\BSPv2.2\EWARM\BSPv2.2\Exe\BSPv2.2.out
#        --map
#        E:\Users\bertz\Documents\GitHub\BSPv2.2\BSPv2.2\EWARM\BSPv2.2\List\BSPv2.2.map
#        --config
#        E:\Users\bertz\Documents\GitHub\BSPv2.2\BSPv2.2\EWARM/stm32f103xe_flash.icf
#        --semihosting --entry __iar_program_start --vfe --text_out locale)
#
###############################################################################

*******************************************************************************
*** RUNTIME MODEL ATTRIBUTES
***

CppFlavor       = *
__SystemLibrary = DLib
__dlib_version  = 6


*******************************************************************************
*** HEAP SELECTION
***

The basic heap was selected because no calls to memory allocation
functions were found in the application outside of system library
functions, and there are calls to deallocation functions in the
application.


*******************************************************************************
*** PLACEMENT SUMMARY
***

"A0":  place at 0x08000000 { ro section .intvec };
"P1":  place in [from 0x08000000 to 0x0807ffff] { ro };
define block CSTACK with size = 1K, alignment = 8 { };
define block HEAP with size = 512, alignment = 8 { };
"P2":  place in [from 0x20000000 to 0x2000ffff] {
          rw, block CSTACK, block HEAP };
initialize by copy { rw };

  Section            Kind        Address    Size  Object
  -------            ----        -------    ----  ------
"A0":                                      0x130
  .intvec            ro code  0x08000000   0x130  startup_stm32f103xe.o [1]
                            - 0x08000130   0x130

"P1":                                     0x467c
  .text              ro code  0x08000130   0xefa  stm32f1xx_hal_i2c.o [1]
  .text              ro code  0x0800102c    0xc4  i2c.o [1]
  .text              ro code  0x080010f0   0x4e2  stm32f1xx_hal_rcc.o [1]
  .text              ro code  0x080015d4     0xc  stm32f1xx_hal.o [1]
  .text              ro code  0x080015e0     0x2  stm32f1xx_hal_i2c.o [1]
  .text              ro code  0x080015e2     0x2  stm32f1xx_hal_i2c.o [1]
  .text              ro code  0x080015e4     0x2  stm32f1xx_hal_i2c.o [1]
  .text              ro code  0x080015e6     0x2  stm32f1xx_hal_i2c.o [1]
  .text              ro code  0x080015e8     0x2  stm32f1xx_hal_i2c.o [1]
  .text              ro code  0x080015ea     0x2  stm32f1xx_hal_i2c.o [1]
  .text              ro code  0x080015ec     0x2  stm32f1xx_hal_i2c.o [1]
  .text              ro code  0x080015ee     0x2  stm32f1xx_hal_i2c.o [1]
  .text              ro code  0x080015f0   0x422  stm32f1xx_hal_dma.o [1]
  .text              ro code  0x08001a12     0x2  stm32f1xx_hal_i2c.o [1]
  .text              ro code  0x08001a14     0x2  stm32f1xx_hal_i2c.o [1]
  .text              ro code  0x08001a18   0x668  main.o [1]
  .text              ro code  0x08002080   0x1f4  stm32f1xx_hal_gpio.o [1]
  .text              ro code  0x08002274    0x40  stm32f1xx_hal.o [1]
  .text              ro code  0x080022b4    0x24  stm32f1xx_hal.o [1]
  .text              ro code  0x080022d8    0xde  gpio.o [1]
  .text              ro code  0x080023b8    0x20  dma.o [1]
  .text              ro code  0x080023d8   0x1f8  tim.o [1]
  .text              ro code  0x080025d0   0x19c  usart.o [1]
  .text              ro code  0x0800276c    0xe4  spi.o [1]
  .text              ro code  0x08002850   0x134  adc.o [1]
  .text              ro code  0x08002984   0x1f0  bsp_motor.o [1]
  .text              ro code  0x08002b74    0x78  bsp_digitalfloodcontrol.o [1]
  .text              ro code  0x08002bec   0x124  bsp_DataTransmissionLayer.o [1]
  .text              ro code  0x08002d10   0x398  stm32f1xx_hal_tim.o [1]
  .text              ro code  0x080030a8   0x3ac  bsp_ProtocolLayer.o [1]
  .text              ro code  0x08003454    0xe8  stm32f1xx_hal_rcc_ex.o [1]
  .text              ro code  0x0800353c    0xe6  stm32f1xx_hal_cortex.o [1]
  .text              ro code  0x08003624   0x59a  stm32f1xx_hal_adc.o [1]
  .text              ro code  0x08003bc0    0x88  stm32f1xx_hal_msp.o [1]
  .text              ro code  0x08003c48    0x4a  stm32f1xx_hal_tim_ex.o [1]
  .text              ro code  0x08003c94   0x618  stm32f1xx_hal_uart.o [1]
  .text              ro code  0x080042ac    0x82  stm32f1xx_hal_spi_ex.o [1]
  .text              ro code  0x08004330    0x2c  bsp_dac5571.o [1]
  .text              ro code  0x0800435c     0x2  stm32f1xx_hal_tim.o [1]
  .text              ro code  0x0800435e     0x2  stm32f1xx_hal_tim.o [1]
  .text              ro code  0x08004360     0x2  stm32f1xx_hal_tim_ex.o [1]
  .text              ro code  0x08004362     0x2  stm32f1xx_hal_tim.o [1]
  .text              ro code  0x08004364     0x2  stm32f1xx_hal_tim_ex.o [1]
  .text              ro code  0x08004366     0x2  stm32f1xx_hal_tim.o [1]
  .text              ro code  0x08004368     0x2  stm32f1xx_hal_adc_ex.o [1]
  .text              ro code  0x0800436a     0x2  stm32f1xx_hal_adc.o [1]
  .text              ro code  0x0800436c     0x2  stm32f1xx_hal_adc.o [1]
  .text              ro code  0x0800436e     0x2  stm32f1xx_hal_adc.o [1]
  .text              ro code  0x08004370     0x2  stm32f1xx_hal_uart.o [1]
  .text              ro code  0x08004372     0x2  stm32f1xx_hal_uart.o [1]
  .text              ro code  0x08004374     0x2  stm32f1xx_hal_uart.o [1]
  .text              ro code  0x08004376     0x2  stm32f1xx_hal_uart.o [1]
  Initializer bytes  const    0x08004378   0x13c  <for P2-1>
  .text              ro code  0x080044b4    0xa8  stm32f1xx_it.o [1]
  .text              ro code  0x0800455c    0x10  stm32f1xx_hal.o [1]
  .text              ro code  0x0800456c    0x5c  system_stm32f1xx.o [1]
  .text              ro code  0x080045c8    0x40  zero_init3.o [4]
  .text              ro code  0x08004608    0x2c  copy_init3.o [4]
  .text              ro code  0x08004634    0x28  data_init.o [4]
  .iar.init_table    const    0x0800465c    0x24  - Linker created -
  .text              ro code  0x08004680    0x1e  cmain.o [4]
  .text              ro code  0x0800469e     0x4  low_level_init.o [3]
  .text              ro code  0x080046a2     0x4  exit.o [3]
  .text              ro code  0x080046a8     0xa  cexit.o [4]
  .text              ro code  0x080046b4    0x14  exit.o [5]
  .text              ro code  0x080046c8    0x10  startup_stm32f103xe.o [1]
  .text              ro code  0x080046d8     0xc  cstartup_M.o [4]
  .rodata            const    0x080046e4     0x8  system_stm32f1xx.o [1]
  .text              ro code  0x080046ec     0x4  startup_stm32f103xe.o [1]
  .text              ro code  0x080046f0     0x4  startup_stm32f103xe.o [1]
  .text              ro code  0x080046f4     0x4  startup_stm32f103xe.o [1]
  .text              ro code  0x080046f8     0x4  startup_stm32f103xe.o [1]
  .text              ro code  0x080046fc     0x4  startup_stm32f103xe.o [1]
  .text              ro code  0x08004700     0x4  startup_stm32f103xe.o [1]
  .text              ro code  0x08004704     0x4  startup_stm32f103xe.o [1]
  .text              ro code  0x08004708     0x4  startup_stm32f103xe.o [1]
  .text              ro code  0x0800470c     0x4  startup_stm32f103xe.o [1]
  .text              ro code  0x08004710     0x4  startup_stm32f103xe.o [1]
  .text              ro code  0x08004714     0x4  startup_stm32f103xe.o [1]
  .text              ro code  0x08004718     0x4  startup_stm32f103xe.o [1]
  .text              ro code  0x0800471c     0x4  startup_stm32f103xe.o [1]
  .text              ro code  0x08004720     0x4  startup_stm32f103xe.o [1]
  .text              ro code  0x08004724     0x4  startup_stm32f103xe.o [1]
  .text              ro code  0x08004728     0x4  startup_stm32f103xe.o [1]
  .text              ro code  0x0800472c     0x4  startup_stm32f103xe.o [1]
  .text              ro code  0x08004730     0x4  startup_stm32f103xe.o [1]
  .text              ro code  0x08004734     0x4  startup_stm32f103xe.o [1]
  .text              ro code  0x08004738     0x4  startup_stm32f103xe.o [1]
  .text              ro code  0x0800473c     0x4  startup_stm32f103xe.o [1]
  .text              ro code  0x08004740     0x4  startup_stm32f103xe.o [1]
  .text              ro code  0x08004744     0x4  startup_stm32f103xe.o [1]
  .text              ro code  0x08004748     0x4  startup_stm32f103xe.o [1]
  .text              ro code  0x0800474c     0x4  startup_stm32f103xe.o [1]
  .text              ro code  0x08004750     0x4  startup_stm32f103xe.o [1]
  .text              ro code  0x08004754     0x4  startup_stm32f103xe.o [1]
  .text              ro code  0x08004758     0x4  startup_stm32f103xe.o [1]
  .text              ro code  0x0800475c     0x4  startup_stm32f103xe.o [1]
  .text              ro code  0x08004760     0x4  startup_stm32f103xe.o [1]
  .text              ro code  0x08004764     0x4  startup_stm32f103xe.o [1]
  .text              ro code  0x08004768     0x4  startup_stm32f103xe.o [1]
  .text              ro code  0x0800476c     0x4  startup_stm32f103xe.o [1]
  .text              ro code  0x08004770     0x4  startup_stm32f103xe.o [1]
  .text              ro code  0x08004774     0x4  startup_stm32f103xe.o [1]
  .text              ro code  0x08004778     0x4  startup_stm32f103xe.o [1]
  .text              ro code  0x0800477c     0x4  startup_stm32f103xe.o [1]
  .text              ro code  0x08004780     0x4  startup_stm32f103xe.o [1]
  .text              ro code  0x08004784     0x4  startup_stm32f103xe.o [1]
  .text              ro code  0x08004788     0x4  startup_stm32f103xe.o [1]
  .text              ro code  0x0800478c     0x4  startup_stm32f103xe.o [1]
  .text              ro code  0x08004790     0x4  startup_stm32f103xe.o [1]
  .text              ro code  0x08004794     0x4  startup_stm32f103xe.o [1]
  .text              ro code  0x08004798     0x4  startup_stm32f103xe.o [1]
  .text              ro code  0x0800479c     0x4  startup_stm32f103xe.o [1]
  .text              ro code  0x080047a0     0x4  startup_stm32f103xe.o [1]
  .text              ro code  0x080047a4     0x4  startup_stm32f103xe.o [1]
  .text              ro code  0x080047a8     0x4  startup_stm32f103xe.o [1]
  .rodata            const    0x080047ac     0x0  zero_init3.o [4]
  .rodata            const    0x080047ac     0x0  copy_init3.o [4]
                            - 0x080047ac  0x467c

"P2", part 1 of 3:                         0x13c
  P2-1                        0x20000000   0x13c  <Init block>
    .data            inited   0x20000000   0x12c  data.o [1]
    .data            inited   0x2000012c     0xc  stm32f1xx_hal.o [1]
    .data            inited   0x20000138     0x4  system_stm32f1xx.o [1]
                            - 0x2000013c   0x13c

"P2", part 2 of 3:                         0xa48
  .bss               zero     0x2000013c   0x204  bsp_DataTransmissionLayer.o [1]
  .bss               zero     0x20000340   0x204  bsp_DataTransmissionLayer.o [1]
  .bss               zero     0x20000544   0x100  bsp_digitalfloodcontrol.o [1]
  .bss               zero     0x20000644    0xac  bsp_ProtocolLayer.o [1]
  .bss               zero     0x200006f0    0x88  usart.o [1]
  .bss               zero     0x20000778    0x80  main.o [1]
  .bss               zero     0x200007f8    0x70  bsp_ProtocolLayer.o [1]
  .bss               zero     0x20000868    0x58  spi.o [1]
  .bss               zero     0x200008c0    0x54  i2c.o [1]
  .bss               zero     0x20000914    0x44  adc.o [1]
  .bss               zero     0x20000958    0x40  tim.o [1]
  .bss               zero     0x20000998    0x40  tim.o [1]
  .bss               zero     0x200009d8    0x40  tim.o [1]
  .bss               zero     0x20000a18    0x40  tim.o [1]
  .bss               zero     0x20000a58    0x40  usart.o [1]
  .bss               zero     0x20000a98    0x40  usart.o [1]
  .bss               zero     0x20000ad8    0x30  adc.o [1]
  .bss               zero     0x20000b08    0x28  main.o [1]
  .bss               zero     0x20000b30    0x20  main.o [1]
  .bss               zero     0x20000b50    0x14  bsp_ProtocolLayer.o [1]
  .bss               zero     0x20000b64    0x10  bsp_digitalfloodcontrol.o [1]
  .bss               zero     0x20000b74     0x8  main.o [1]
  .bss               zero     0x20000b7c     0x2  bsp_dac5571.o [1]
  .bss               zero     0x20000b7e     0x2  bsp_digitalfloodcontrol.o [1]
  .bss               zero     0x20000b80     0x2  data.o [1]
                            - 0x20000b82   0xa46

"P2", part 3 of 3:                         0x400
  CSTACK                      0x20000b88   0x400  <Block>
    CSTACK           uninit   0x20000b88   0x400  <Block tail>
                            - 0x20000f88   0x400


*******************************************************************************
*** INIT TABLE
***

          Address     Size
          -------     ----
Zero (__iar_zero_init3)
    1 destination range, total size 0xa46:
          0x2000013c  0xa46

Copy (__iar_copy_init3)
    1 source range, total size 0x13c:
          0x08004378  0x13c
    1 destination range, total size 0x13c:
          0x20000000  0x13c



*******************************************************************************
*** MODULE SUMMARY
***

    Module                       ro code  ro data  rw data
    ------                       -------  -------  -------
E:\Users\bertz\Documents\GitHub\BSPv2.2\BSPv2.2\EWARM\BSPv2.2\Obj: [1]
    adc.o                            308               116
    bsp_DataTransmissionLayer.o      292             1 032
    bsp_ProtocolLayer.o              940               304
    bsp_dac5571.o                     44                 2
    bsp_digitalfloodcontrol.o        120               274
    bsp_motor.o                      496
    data.o                                    300      302
    dma.o                             32
    gpio.o                           222
    i2c.o                            196                84
    main.o                         1 640               208
    spi.o                            228                88
    startup_stm32f103xe.o            512
    stm32f1xx_hal.o                  128       12       12
    stm32f1xx_hal_adc.o            1 440
    stm32f1xx_hal_adc_ex.o             2
    stm32f1xx_hal_cortex.o           230
    stm32f1xx_hal_dma.o            1 058
    stm32f1xx_hal_gpio.o             500
    stm32f1xx_hal_i2c.o            3 854
    stm32f1xx_hal_msp.o              136
    stm32f1xx_hal_rcc.o            1 250
    stm32f1xx_hal_rcc_ex.o           232
    stm32f1xx_hal_spi_ex.o           130
    stm32f1xx_hal_tim.o              928
    stm32f1xx_hal_tim_ex.o            78
    stm32f1xx_hal_uart.o           1 568
    stm32f1xx_it.o                   168
    system_stm32f1xx.o                92       12        4
    tim.o                            504               256
    usart.o                          412               264
    ------------------------------------------------------
    Total:                        17 740      324    2 946

command line: [2]
    ------------------------------------------------------
    Total:

dl7M_tlf.a: [3]
    exit.o                             4
    low_level_init.o                   4
    ------------------------------------------------------
    Total:                             8

rt7M_tl.a: [4]
    cexit.o                           10
    cmain.o                           30
    copy_init3.o                      44
    cstartup_M.o                      12
    data_init.o                       40
    zero_init3.o                      64
    ------------------------------------------------------
    Total:                           200

shb_l.a: [5]
    exit.o                            20
    ------------------------------------------------------
    Total:                            20

    Gaps                              20
    Linker created                             36    1 024
----------------------------------------------------------
    Grand Total:                  17 988      360    3 970


*******************************************************************************
*** ENTRY LIST
***

Entry                      Address   Size  Type      Object
-----                      -------   ----  ----      ------
.iar.init_table$$Base   0x0800465c          --   Gb  - Linker created -
.iar.init_table$$Limit  0x08004680          --   Gb  - Linker created -
?main                   0x08004681         Code  Gb  cmain.o [4]
ADC1_2_IRQHandler       0x080044e5    0x6  Code  Gb  stm32f1xx_it.o [1]
ADCBuffer               0x20000778   0x80  Data  Gb  main.o [1]
ADC_ConversionStop_Disable
                        0x08003b15   0x44  Code  Gb  stm32f1xx_hal_adc.o [1]
ADC_DMAConvCplt         0x08003b59   0x48  Code  Gb  stm32f1xx_hal_adc.o [1]
ADC_DMAError            0x08003ba9   0x16  Code  Gb  stm32f1xx_hal_adc.o [1]
ADC_DMAHalfConvCplt     0x08003ba1    0x6  Code  Gb  stm32f1xx_hal_adc.o [1]
ADC_Enable              0x08003a81   0x6a  Code  Gb  stm32f1xx_hal_adc.o [1]
AHBPrescTable           0x080045b8   0x10  Data  Gb  system_stm32f1xx.o [1]
APBPrescTable           0x080046e4    0x8  Data  Gb  system_stm32f1xx.o [1]
BSP_DAC5571_WriteValue  0x08004331   0x1a  Code  Gb  bsp_dac5571.o [1]
BSP_DriverBoardProtocolInit
                        0x08002c5f   0x14  Code  Gb  bsp_DataTransmissionLayer.o [1]
BSP_DriverBoardUsartReceive_IDLE
                        0x08002bed   0x20  Code  Gb  bsp_DataTransmissionLayer.o [1]
BSP_HandingDriverBoardRequest
                        0x08003283  0x13a  Code  Gb  bsp_ProtocolLayer.o [1]
BSP_HandingUartData     0x080030c3  0x1a0  Code  Lc  bsp_ProtocolLayer.o [1]
BSP_HandingUartDataFromDriverBoard
                        0x08003275    0xe  Code  Gb  bsp_ProtocolLayer.o [1]
BSP_LeftDoorBoardUsartReceive_IDLE
                        0x08002c0d   0x20  Code  Gb  bsp_DataTransmissionLayer.o [1]
BSP_MotorAction         0x08002ac9   0x76  Code  Gb  bsp_motor.o [1]
BSP_MotorCheck          0x08002a57   0x72  Code  Gb  bsp_motor.o [1]
BSP_MotorInit           0x08002985   0x32  Code  Gb  bsp_motor.o [1]
BSP_MotorRun            0x080029d5   0x38  Code  Gb  bsp_motor.o [1]
BSP_MotorSpeedSet       0x08002a49    0xe  Code  Gb  bsp_motor.o [1]
BSP_MotorStop           0x08002a2b   0x14  Code  Gb  bsp_motor.o [1]
BSP_SendAckData         0x080033bd   0x82  Code  Gb  bsp_ProtocolLayer.o [1]
BSP_SendByteToDriverBoard
                        0x08002c8d   0x36  Code  Gb  bsp_DataTransmissionLayer.o [1]
BSP_SendDataToDriverBoard
                        0x08002cc3   0x36  Code  Gb  bsp_DataTransmissionLayer.o [1]
BusFault_Handler        0x080044bb    0x2  Code  Gb  stm32f1xx_it.o [1]
CSTACK$$Base            0x20000b88          --   Gb  - Linker created -
CSTACK$$Limit           0x20000f88          --   Gb  - Linker created -
DMA1_Channel1_IRQHandler
                        0x080044d3    0x6  Code  Gb  stm32f1xx_it.o [1]
DMA1_Channel5_IRQHandler
                        0x080044d9    0x6  Code  Gb  stm32f1xx_it.o [1]
DMA1_Channel6_IRQHandler
                        0x080044df    0x6  Code  Gb  stm32f1xx_it.o [1]
DMA_SetConfig           0x080019f1   0x22  Code  Lc  stm32f1xx_hal_dma.o [1]
DebugMon_Handler        0x080044c1    0x2  Code  Gb  stm32f1xx_it.o [1]
DigitalfloodInit        0x08002bcb   0x1a  Code  Gb  bsp_digitalfloodcontrol.o [1]
DriverBoardAckedData    0x20000658   0x18  Data  Gb  bsp_ProtocolLayer.o [1]
DriverBoardRevDataStruct
                        0x20000644   0x10  Data  Gb  bsp_ProtocolLayer.o [1]
DriverBoardUsartType    0x2000013c  0x204  Data  Gb  bsp_DataTransmissionLayer.o [1]
DriverRevDataBuf        0x20000670   0x80  Data  Lc  bsp_ProtocolLayer.o [1]
HAL_ADCEx_InjectedConvCpltCallback
                        0x08004369    0x2  Code  Wk  stm32f1xx_hal_adc_ex.o [1]
HAL_ADC_ConfigChannel   0x08003985   0xe4  Code  Gb  stm32f1xx_hal_adc.o [1]
HAL_ADC_ConvCpltCallback
                        0x0800206d    0x2  Code  Gb  main.o [1]
HAL_ADC_IRQHandler      0x08003895   0xd8  Code  Gb  stm32f1xx_hal_adc.o [1]
HAL_ADC_Init            0x08003625  0x110  Code  Gb  stm32f1xx_hal_adc.o [1]
HAL_ADC_MspInit         0x080028c1   0x6e  Code  Gb  adc.o [1]
HAL_ADC_Start_DMA       0x08003749   0xfa  Code  Gb  stm32f1xx_hal_adc.o [1]
HAL_ADC_Stop_DMA        0x08003843   0x3e  Code  Gb  stm32f1xx_hal_adc.o [1]
HAL_DMA_Abort           0x080016eb   0x32  Code  Gb  stm32f1xx_hal_dma.o [1]
HAL_DMA_Abort_IT        0x0800171d   0xdc  Code  Gb  stm32f1xx_hal_dma.o [1]
HAL_DMA_IRQHandler      0x080017f9  0x1b4  Code  Gb  stm32f1xx_hal_dma.o [1]
HAL_DMA_Init            0x080015f1   0x78  Code  Gb  stm32f1xx_hal_dma.o [1]
HAL_DMA_Start_IT        0x08001677   0x74  Code  Gb  stm32f1xx_hal_dma.o [1]
HAL_GPIO_Init           0x08002081  0x196  Code  Gb  stm32f1xx_hal_gpio.o [1]
HAL_GPIO_ReadPin        0x08002217    0xc  Code  Gb  stm32f1xx_hal_gpio.o [1]
HAL_GPIO_TogglePin      0x0800222f    0x8  Code  Gb  stm32f1xx_hal_gpio.o [1]
HAL_GPIO_WritePin       0x08002223    0xc  Code  Gb  stm32f1xx_hal_gpio.o [1]
HAL_GetTick             0x080015d5    0xc  Code  Wk  stm32f1xx_hal.o [1]
HAL_I2C_ER_IRQHandler   0x080005fb   0xc0  Code  Gb  stm32f1xx_hal_i2c.o [1]
HAL_I2C_EV_IRQHandler   0x080003c9  0x20e  Code  Gb  stm32f1xx_hal_i2c.o [1]
HAL_I2C_Init            0x08000131   0xdc  Code  Gb  stm32f1xx_hal_i2c.o [1]
HAL_I2C_Master_Transmit
                        0x08000229   0xa2  Code  Gb  stm32f1xx_hal_i2c.o [1]
HAL_I2C_MspInit         0x08001065   0x3a  Code  Gb  i2c.o [1]
HAL_IncTick             0x0800455d   0x10  Code  Wk  stm32f1xx_hal.o [1]
HAL_Init                0x080022b5   0x20  Code  Gb  stm32f1xx_hal.o [1]
HAL_InitTick            0x08002275   0x40  Code  Wk  stm32f1xx_hal.o [1]
HAL_MspInit             0x08003bc1   0x88  Code  Gb  stm32f1xx_hal_msp.o [1]
HAL_NVIC_EnableIRQ      0x080035af    0xa  Code  Gb  stm32f1xx_hal_cortex.o [1]
HAL_NVIC_SetPriority    0x08003575   0x3a  Code  Gb  stm32f1xx_hal_cortex.o [1]
HAL_NVIC_SetPriorityGrouping
                        0x0800355b   0x1a  Code  Gb  stm32f1xx_hal_cortex.o [1]
HAL_RCCEx_PeriphCLKConfig
                        0x08003455   0xda  Code  Gb  stm32f1xx_hal_rcc_ex.o [1]
HAL_RCC_ClockConfig     0x0800140d  0x10c  Code  Gb  stm32f1xx_hal_rcc.o [1]
HAL_RCC_GetHCLKFreq     0x08001569    0x6  Code  Gb  stm32f1xx_hal_rcc.o [1]
HAL_RCC_GetPCLK1Freq    0x0800156f   0x10  Code  Gb  stm32f1xx_hal_rcc.o [1]
HAL_RCC_GetPCLK2Freq    0x0800157f    0xe  Code  Gb  stm32f1xx_hal_rcc.o [1]
HAL_RCC_GetSysClockFreq
                        0x0800152d   0x3c  Code  Gb  stm32f1xx_hal_rcc.o [1]
HAL_RCC_GetSysClockFreq::aPLLMULFactorTable
                        0x080015c0   0x10  Data  Lc  stm32f1xx_hal_rcc.o [1]
HAL_RCC_GetSysClockFreq::aPredivFactorTable
                        0x080015d0    0x2  Data  Lc  stm32f1xx_hal_rcc.o [1]
HAL_RCC_OscConfig       0x080010f1  0x314  Code  Gb  stm32f1xx_hal_rcc.o [1]
HAL_SPI_Init            0x080042ad   0x82  Code  Gb  stm32f1xx_hal_spi_ex.o [1]
HAL_SPI_MspInit         0x080027b5   0x4e  Code  Gb  spi.o [1]
HAL_SYSTICK_CLKSourceConfig
                        0x080035eb   0x1a  Code  Gb  stm32f1xx_hal_cortex.o [1]
HAL_SYSTICK_Config      0x080035c3   0x28  Code  Gb  stm32f1xx_hal_cortex.o [1]
HAL_SYSTICK_IRQHandler  0x0800361d    0x4  Code  Gb  stm32f1xx_hal_cortex.o [1]
HAL_TIMEx_BreakCallback
                        0x08004361    0x2  Code  Wk  stm32f1xx_hal_tim_ex.o [1]
HAL_TIMEx_CommutationCallback
                        0x08004365    0x2  Code  Wk  stm32f1xx_hal_tim_ex.o [1]
HAL_TIMEx_MasterConfigSynchronization
                        0x08003c49   0x4a  Code  Gb  stm32f1xx_hal_tim_ex.o [1]
HAL_TIM_Base_Init       0x08002d11   0x1a  Code  Gb  stm32f1xx_hal_tim.o [1]
HAL_TIM_Base_MspInit    0x0800250b   0x64  Code  Gb  tim.o [1]
HAL_TIM_Base_Start_IT   0x08002d2b   0x16  Code  Gb  stm32f1xx_hal_tim.o [1]
HAL_TIM_Base_Stop_IT    0x08002d41   0x2e  Code  Gb  stm32f1xx_hal_tim.o [1]
HAL_TIM_ConfigClockSource
                        0x08002edb   0xac  Code  Gb  stm32f1xx_hal_tim.o [1]
HAL_TIM_IRQHandler      0x08002d93  0x142  Code  Gb  stm32f1xx_hal_tim.o [1]
HAL_TIM_PeriodElapsedCallback
                        0x08001d09  0x202  Code  Gb  main.o [1]
HAL_UART_DMAStop        0x08003e51   0x48  Code  Gb  stm32f1xx_hal_uart.o [1]
HAL_UART_IRQHandler     0x08003eb1  0x152  Code  Gb  stm32f1xx_hal_uart.o [1]
HAL_UART_Init           0x08003c95   0x1e  Code  Gb  stm32f1xx_hal_uart.o [1]
HAL_UART_MspInit        0x08002625   0xc8  Code  Gb  usart.o [1]
HAL_UART_Receive_DMA    0x08003dbf   0x92  Code  Gb  stm32f1xx_hal_uart.o [1]
HAL_UART_Transmit       0x08003d0d   0xaa  Code  Gb  stm32f1xx_hal_uart.o [1]
HardFault_Handler       0x080044b7    0x2  Code  Gb  stm32f1xx_it.o [1]
I2C2_ER_IRQHandler      0x080044fd    0x6  Code  Gb  stm32f1xx_it.o [1]
I2C2_EV_IRQHandler      0x080044f7    0x6  Code  Gb  stm32f1xx_it.o [1]
I2C_DMAAbort            0x08000e35   0x50  Code  Lc  stm32f1xx_hal_i2c.o [1]
I2C_ITError             0x08000c45   0xde  Code  Lc  stm32f1xx_hal_i2c.o [1]
I2C_IsAcknowledgeFailed
                        0x08001003   0x28  Code  Lc  stm32f1xx_hal_i2c.o [1]
I2C_MasterReceive_BTF   0x080008d3   0x90  Code  Lc  stm32f1xx_hal_i2c.o [1]
I2C_MasterReceive_RXNE  0x0800081f   0x9c  Code  Lc  stm32f1xx_hal_i2c.o [1]
I2C_MasterRequestWrite  0x08000d51   0x7c  Code  Lc  stm32f1xx_hal_i2c.o [1]
I2C_MasterTransmit_BTF  0x08000783   0x48  Code  Lc  stm32f1xx_hal_i2c.o [1]
I2C_MasterTransmit_TXE  0x080006bb   0xc8  Code  Lc  stm32f1xx_hal_i2c.o [1]
I2C_Master_ADDR         0x08000989  0x12c  Code  Lc  stm32f1xx_hal_i2c.o [1]
I2C_Slave_AF            0x08000bcd   0x78  Code  Lc  stm32f1xx_hal_i2c.o [1]
I2C_Slave_STOPF         0x08000af1   0xd6  Code  Lc  stm32f1xx_hal_i2c.o [1]
I2C_WaitOnBTFFlagUntilTimeout
                        0x08000fa7   0x34  Code  Lc  stm32f1xx_hal_i2c.o [1]
I2C_WaitOnFlagUntilTimeout
                        0x08000e85   0x6c  Code  Lc  stm32f1xx_hal_i2c.o [1]
I2C_WaitOnMasterAddressFlagUntilTimeout
                        0x08000ef1   0x82  Code  Lc  stm32f1xx_hal_i2c.o [1]
I2C_WaitOnTXEFlagUntilTimeout
                        0x08000f73   0x34  Code  Lc  stm32f1xx_hal_i2c.o [1]
LeftDoorBoardUsartType  0x20000340  0x204  Data  Gb  bsp_DataTransmissionLayer.o [1]
MX_ADC1_Init            0x08002851   0x6e  Code  Gb  adc.o [1]
MX_DMA_Init             0x080023b9   0x20  Code  Gb  dma.o [1]
MX_GPIO_Init            0x080022d9   0xc0  Code  Gb  gpio.o [1]
MX_I2C2_Init            0x0800102d   0x38  Code  Gb  i2c.o [1]
MX_NVIC_Init            0x08001c43   0xc6  Code  Lc  main.o [1]
MX_SPI1_Init            0x0800276d   0x48  Code  Gb  spi.o [1]
MX_TIM3_Init            0x080023d9   0x3e  Code  Gb  tim.o [1]
MX_TIM4_Init            0x08002417   0x3a  Code  Gb  tim.o [1]
MX_TIM5_Init            0x0800246d   0x42  Code  Gb  tim.o [1]
MX_TIM6_Init            0x080024cb   0x34  Code  Gb  tim.o [1]
MX_USART1_UART_Init     0x080025d1   0x16  Code  Gb  usart.o [1]
MX_USART2_UART_Init     0x080025e7   0x16  Code  Gb  usart.o [1]
MemManage_Handler       0x080044b9    0x2  Code  Gb  stm32f1xx_it.o [1]
NMI_Handler             0x080044b5    0x2  Code  Gb  stm32f1xx_it.o [1]
NVIC_SetPriority        0x0800353d   0x1e  Code  Lc  stm32f1xx_hal_cortex.o [1]
PendSV_Handler          0x080044c3    0x2  Code  Gb  stm32f1xx_it.o [1]
Region$$Table$$Base     0x0800465c          --   Gb  - Linker created -
Region$$Table$$Limit    0x08004680          --   Gb  - Linker created -
SVC_Handler             0x080044bf    0x2  Code  Gb  stm32f1xx_it.o [1]
SendOpenFlag            0x20000654    0x4  Data  Gb  bsp_ProtocolLayer.o [1]
SettingVbaseValeFlag    0x20000b65    0x1  Data  Gb  bsp_digitalfloodcontrol.o [1]
SpeedDataBufferOne      0x20000000  0x12c  Data  Gb  data.o [1]
SpeedDataBufferPtr      0x20000b80    0x2  Data  Gb  data.o [1]
SysTick_Handler         0x080044c5    0xe  Code  Gb  stm32f1xx_it.o [1]
SystemClock_Config      0x08001bbd   0x86  Code  Gb  main.o [1]
SystemCoreClock         0x20000138    0x4  Data  Gb  system_stm32f1xx.o [1]
SystemInit              0x0800456d   0x3a  Code  Gb  system_stm32f1xx.o [1]
TIM3_IRQHandler         0x080044eb    0x6  Code  Gb  stm32f1xx_it.o [1]
TIM4_IRQHandler         0x080044f1    0x6  Code  Gb  stm32f1xx_it.o [1]
TIM5_IRQHandler         0x08004523    0x6  Code  Gb  stm32f1xx_it.o [1]
TIM6_IRQHandler         0x08004529    0x6  Code  Gb  stm32f1xx_it.o [1]
TIM_Base_SetConfig      0x08002fb1   0x74  Code  Gb  stm32f1xx_hal_tim.o [1]
TIM_ETR_SetConfig       0x0800308f   0x14  Code  Lc  stm32f1xx_hal_tim.o [1]
TIM_ITRx_SetConfig      0x0800307f   0x10  Code  Lc  stm32f1xx_hal_tim.o [1]
TIM_TI1_ConfigInputStage
                        0x0800303d   0x1e  Code  Lc  stm32f1xx_hal_tim.o [1]
TIM_TI2_ConfigInputStage
                        0x0800305b   0x24  Code  Lc  stm32f1xx_hal_tim.o [1]
Table                   0x20000b50   0x14  Data  Gb  bsp_ProtocolLayer.o [1]
TiggerTimeCnt           0x20000b70    0x2  Data  Gb  bsp_digitalfloodcontrol.o [1]
TiggerTimeSum           0x20000b6e    0x2  Data  Gb  bsp_digitalfloodcontrol.o [1]
UART_DMAAbortOnError    0x08004121    0xc  Code  Lc  stm32f1xx_hal_uart.o [1]
UART_DMAError           0x08004045   0x4a  Code  Lc  stm32f1xx_hal_uart.o [1]
UART_DMAReceiveCplt     0x08004005   0x38  Code  Lc  stm32f1xx_hal_uart.o [1]
UART_DMARxHalfCplt      0x0800403d    0x6  Code  Lc  stm32f1xx_hal_uart.o [1]
UART_EndRxTransfer      0x08004105   0x1c  Code  Lc  stm32f1xx_hal_uart.o [1]
UART_EndTxTransfer      0x080040f3   0x12  Code  Lc  stm32f1xx_hal_uart.o [1]
UART_Receive_IT         0x0800412d   0x96  Code  Lc  stm32f1xx_hal_uart.o [1]
UART_SetConfig          0x080041c3   0xde  Code  Lc  stm32f1xx_hal_uart.o [1]
UART_WaitOnFlagUntilTimeout
                        0x0800408f   0x56  Code  Lc  stm32f1xx_hal_uart.o [1]
USART1_IRQHandler       0x08004503    0xc  Code  Gb  stm32f1xx_it.o [1]
USART2_IRQHandler       0x0800450f    0xa  Code  Gb  stm32f1xx_it.o [1]
UpdateVbaseValue        0x08002b75   0x56  Code  Gb  bsp_digitalfloodcontrol.o [1]
UsageFault_Handler      0x080044bd    0x2  Code  Gb  stm32f1xx_it.o [1]
Vbase                   0x20000b68    0x2  Data  Gb  bsp_digitalfloodcontrol.o [1]
VbaseBuffer             0x20000544  0x100  Data  Gb  bsp_digitalfloodcontrol.o [1]
VbaseCnt                0x20000b72    0x2  Data  Gb  bsp_digitalfloodcontrol.o [1]
Vdelta                  0x20000b7e    0x2  Data  Gb  bsp_digitalfloodcontrol.o [1]
Vnormal                 0x20000b6c    0x2  Data  Gb  bsp_digitalfloodcontrol.o [1]
Vnormalt                0x20000b6a    0x2  Data  Gb  bsp_digitalfloodcontrol.o [1]
Vthreshold              0x20000b66    0x2  Data  Gb  bsp_digitalfloodcontrol.o [1]
_Error_Handler          0x0800206f    0x2  Code  Gb  main.o [1]
__cmain                 0x08004681         Code  Gb  cmain.o [4]
__exit                  0x080046b5   0x14  Code  Gb  exit.o [5]
__iar_copy_init3        0x08004609   0x2c  Code  Gb  copy_init3.o [4]
__iar_data_init3        0x08004635   0x28  Code  Gb  data_init.o [4]
__iar_program_start     0x080046d9         Code  Gb  cstartup_M.o [4]
__iar_systems$$module {Abs}
                        0x00000001         Data  Gb  command line/config [2]
__iar_zero_init3        0x080045c9   0x40  Code  Gb  zero_init3.o [4]
__low_level_init        0x0800469f    0x4  Code  Gb  low_level_init.o [3]
__vector_table          0x08000000         Data  Gb  startup_stm32f103xe.o [1]
_call_main              0x0800468d         Code  Gb  cmain.o [4]
_exit                   0x080046a9         Code  Gb  cexit.o [4]
_main                   0x0800469b         Code  Gb  cmain.o [4]
bsp_ADCCheck            0x08001f95   0x82  Code  Gb  main.o [1]
bsp_GpioStructInit      0x08001f63   0x32  Code  Gb  main.o [1]
bsp_SendCarEnterFlag    0x08001f0b   0x14  Code  Gb  main.o [1]
bsp_SendCarEnterTimeroutFlag
                        0x08001f1f   0x12  Code  Gb  main.o [1]
exit                    0x080046a3    0x4  Code  Gb  exit.o [3]
gAirSensorGpio          0x20000b10    0x8  Data  Gb  main.o [1]
gBarFirstArriveClosedPosionFlag
                        0x20000b25    0x1  Data  Gb  main.o [1]
gBarFirstArriveOpenedPosinFlag
                        0x20000b24    0x1  Data  Gb  main.o [1]
gCarEnteredFlag         0x20000b27    0x1  Data  Gb  main.o [1]
gDigitalFoodFlag        0x20000b64    0x1  Data  Gb  bsp_digitalfloodcontrol.o [1]
gGentleSensorGpio       0x20000b08    0x8  Data  Gb  main.o [1]
gHorCloseFlag           0x20000b49    0x1  Data  Gb  main.o [1]
gHorGpio                0x20000b18    0x8  Data  Gb  main.o [1]
gLedTimerFlag           0x20000b28    0x1  Data  Gb  main.o [1]
gLogTimerCnt            0x20000b4c    0x4  Data  Gb  main.o [1]
gLogTimerFlag           0x20000b20    0x1  Data  Gb  main.o [1]
gMotorMachine           0x20000b30   0x18  Data  Gb  main.o [1]
gOpenBarTimeoutFlag     0x20000b21    0x1  Data  Gb  main.o [1]
gOpenBarTimerCnt        0x20000b2c    0x4  Data  Gb  main.o [1]
gOpenBarTimerFlag       0x20000b22    0x1  Data  Gb  main.o [1]
gOpenFlag               0x20000b26    0x1  Data  Gb  main.o [1]
gOpenSpeedTimerCnt      0x20000b48    0x1  Data  Gb  main.o [1]
gOpenSpeedTimerFlag     0x20000b23    0x1  Data  Gb  main.o [1]
gVerGpio                0x20000b74    0x8  Data  Gb  main.o [1]
getXORCode              0x080030a9   0x1a  Code  Lc  bsp_ProtocolLayer.o [1]
hadc1                   0x20000ad8   0x30  Data  Gb  adc.o [1]
hdma_adc1               0x20000914   0x44  Data  Gb  adc.o [1]
hdma_usart1_rx          0x200006f0   0x44  Data  Gb  usart.o [1]
hdma_usart2_rx          0x20000734   0x44  Data  Gb  usart.o [1]
hi2c2                   0x200008c0   0x54  Data  Gb  i2c.o [1]
hspi1                   0x20000868   0x58  Data  Gb  spi.o [1]
htim3                   0x20000958   0x40  Data  Gb  tim.o [1]
htim4                   0x20000998   0x40  Data  Gb  tim.o [1]
htim5                   0x200009d8   0x40  Data  Gb  tim.o [1]
htim6                   0x20000a18   0x40  Data  Gb  tim.o [1]
huart1                  0x20000a58   0x40  Data  Gb  usart.o [1]
huart2                  0x20000a98   0x40  Data  Gb  usart.o [1]
main                    0x08001a19  0x18c  Code  Gb  main.o [1]
sNeedToAckStruct        0x200007f8   0x70  Data  Gb  bsp_ProtocolLayer.o [1]
uwTick                  0x20000130    0x4  Data  Gb  stm32f1xx_hal.o [1]
uwTickFreq              0x2000012c    0x1  Data  Gb  stm32f1xx_hal.o [1]
uwTickPrio              0x20000134    0x4  Data  Gb  stm32f1xx_hal.o [1]
writebuffer             0x20000b7c    0x2  Data  Lc  bsp_dac5571.o [1]


[1] = E:\Users\bertz\Documents\GitHub\BSPv2.2\BSPv2.2\EWARM\BSPv2.2\Obj
[2] = command line
[3] = dl7M_tlf.a
[4] = rt7M_tl.a
[5] = shb_l.a

  17 988 bytes of readonly  code memory
     360 bytes of readonly  data memory
   3 970 bytes of readwrite data memory

Errors: none
Warnings: none
