###############################################################################
#
# IAR ELF Linker V8.22.1.15669/W32 for ARM                17/Apr/2018  18:59:04
# Copyright 2007-2018 IAR Systems AB.
#
#    Output file  =  
#        E:\Users\bertz\Documents\GitHub\BSPv2.2\BSPv2.2\EWARM\BSPv2.2\Exe\BSPv2.2.out
#    Map file     =  
#        E:\Users\bertz\Documents\GitHub\BSPv2.2\BSPv2.2\EWARM\BSPv2.2\List\BSPv2.2.map
#    Command line =  
#        -f C:\Users\bertz\AppData\Local\Temp\EW5F0F.tmp
#        (E:\Users\bertz\Documents\GitHub\BSPv2.2\BSPv2.2\EWARM\BSPv2.2\Obj\adc.o
#        E:\Users\bertz\Documents\GitHub\BSPv2.2\BSPv2.2\EWARM\BSPv2.2\Obj\bsp_dac5571.o
#        E:\Users\bertz\Documents\GitHub\BSPv2.2\BSPv2.2\EWARM\BSPv2.2\Obj\bsp_DataTransmissionLayer.o
#        E:\Users\bertz\Documents\GitHub\BSPv2.2\BSPv2.2\EWARM\BSPv2.2\Obj\bsp_digitalfloodcontrol.o
#        E:\Users\bertz\Documents\GitHub\BSPv2.2\BSPv2.2\EWARM\BSPv2.2\Obj\bsp_motor.o
#        E:\Users\bertz\Documents\GitHub\BSPv2.2\BSPv2.2\EWARM\BSPv2.2\Obj\bsp_ProtocolLayer.o
#        E:\Users\bertz\Documents\GitHub\BSPv2.2\BSPv2.2\EWARM\BSPv2.2\Obj\dma.o
#        E:\Users\bertz\Documents\GitHub\BSPv2.2\BSPv2.2\EWARM\BSPv2.2\Obj\gpio.o
#        E:\Users\bertz\Documents\GitHub\BSPv2.2\BSPv2.2\EWARM\BSPv2.2\Obj\i2c.o
#        E:\Users\bertz\Documents\GitHub\BSPv2.2\BSPv2.2\EWARM\BSPv2.2\Obj\main.o
#        E:\Users\bertz\Documents\GitHub\BSPv2.2\BSPv2.2\EWARM\BSPv2.2\Obj\spi.o
#        E:\Users\bertz\Documents\GitHub\BSPv2.2\BSPv2.2\EWARM\BSPv2.2\Obj\startup_stm32f103xe.o
#        E:\Users\bertz\Documents\GitHub\BSPv2.2\BSPv2.2\EWARM\BSPv2.2\Obj\stm32f1xx_hal.o
#        E:\Users\bertz\Documents\GitHub\BSPv2.2\BSPv2.2\EWARM\BSPv2.2\Obj\stm32f1xx_hal_adc.o
#        E:\Users\bertz\Documents\GitHub\BSPv2.2\BSPv2.2\EWARM\BSPv2.2\Obj\stm32f1xx_hal_adc_ex.o
#        E:\Users\bertz\Documents\GitHub\BSPv2.2\BSPv2.2\EWARM\BSPv2.2\Obj\stm32f1xx_hal_cortex.o
#        E:\Users\bertz\Documents\GitHub\BSPv2.2\BSPv2.2\EWARM\BSPv2.2\Obj\stm32f1xx_hal_dma.o
#        E:\Users\bertz\Documents\GitHub\BSPv2.2\BSPv2.2\EWARM\BSPv2.2\Obj\stm32f1xx_hal_flash.o
#        E:\Users\bertz\Documents\GitHub\BSPv2.2\BSPv2.2\EWARM\BSPv2.2\Obj\stm32f1xx_hal_flash_ex.o
#        E:\Users\bertz\Documents\GitHub\BSPv2.2\BSPv2.2\EWARM\BSPv2.2\Obj\stm32f1xx_hal_gpio.o
#        E:\Users\bertz\Documents\GitHub\BSPv2.2\BSPv2.2\EWARM\BSPv2.2\Obj\stm32f1xx_hal_gpio_ex.o
#        E:\Users\bertz\Documents\GitHub\BSPv2.2\BSPv2.2\EWARM\BSPv2.2\Obj\stm32f1xx_hal_i2c.o
#        E:\Users\bertz\Documents\GitHub\BSPv2.2\BSPv2.2\EWARM\BSPv2.2\Obj\stm32f1xx_hal_msp.o
#        E:\Users\bertz\Documents\GitHub\BSPv2.2\BSPv2.2\EWARM\BSPv2.2\Obj\stm32f1xx_hal_pwr.o
#        E:\Users\bertz\Documents\GitHub\BSPv2.2\BSPv2.2\EWARM\BSPv2.2\Obj\stm32f1xx_hal_rcc.o
#        E:\Users\bertz\Documents\GitHub\BSPv2.2\BSPv2.2\EWARM\BSPv2.2\Obj\stm32f1xx_hal_rcc_ex.o
#        E:\Users\bertz\Documents\GitHub\BSPv2.2\BSPv2.2\EWARM\BSPv2.2\Obj\stm32f1xx_hal_spi.o
#        E:\Users\bertz\Documents\GitHub\BSPv2.2\BSPv2.2\EWARM\BSPv2.2\Obj\stm32f1xx_hal_spi_ex.o
#        E:\Users\bertz\Documents\GitHub\BSPv2.2\BSPv2.2\EWARM\BSPv2.2\Obj\stm32f1xx_hal_tim.o
#        E:\Users\bertz\Documents\GitHub\BSPv2.2\BSPv2.2\EWARM\BSPv2.2\Obj\stm32f1xx_hal_tim_ex.o
#        E:\Users\bertz\Documents\GitHub\BSPv2.2\BSPv2.2\EWARM\BSPv2.2\Obj\stm32f1xx_hal_uart.o
#        E:\Users\bertz\Documents\GitHub\BSPv2.2\BSPv2.2\EWARM\BSPv2.2\Obj\stm32f1xx_it.o
#        E:\Users\bertz\Documents\GitHub\BSPv2.2\BSPv2.2\EWARM\BSPv2.2\Obj\system_stm32f1xx.o
#        E:\Users\bertz\Documents\GitHub\BSPv2.2\BSPv2.2\EWARM\BSPv2.2\Obj\tim.o
#        E:\Users\bertz\Documents\GitHub\BSPv2.2\BSPv2.2\EWARM\BSPv2.2\Obj\usart.o
#        --redirect _Printf=_PrintfFull --redirect _Scanf=_ScanfFull -o
#        E:\Users\bertz\Documents\GitHub\BSPv2.2\BSPv2.2\EWARM\BSPv2.2\Exe\BSPv2.2.out
#        --map
#        E:\Users\bertz\Documents\GitHub\BSPv2.2\BSPv2.2\EWARM\BSPv2.2\List\BSPv2.2.map
#        --config
#        E:\Users\bertz\Documents\GitHub\BSPv2.2\BSPv2.2\EWARM/stm32f103xe_flash.icf
#        --semihosting --entry __iar_program_start --vfe --text_out locale)
#
###############################################################################

*******************************************************************************
*** RUNTIME MODEL ATTRIBUTES
***

CppFlavor       = *
__SystemLibrary = DLib
__dlib_version  = 6


*******************************************************************************
*** HEAP SELECTION
***

The basic heap was selected because no calls to memory allocation
functions were found in the application outside of system library
functions, and there are calls to deallocation functions in the
application.


*******************************************************************************
*** PLACEMENT SUMMARY
***

"A0":  place at 0x08000000 { ro section .intvec };
"P1":  place in [from 0x08000000 to 0x0807ffff] { ro };
define block CSTACK with size = 1K, alignment = 8 { };
define block HEAP with size = 512, alignment = 8 { };
"P2":  place in [from 0x20000000 to 0x2000ffff] {
          rw, block CSTACK, block HEAP };
initialize by copy { rw };

  Section            Kind        Address    Size  Object
  -------            ----        -------    ----  ------
"A0":                                      0x130
  .intvec            ro code  0x08000000   0x130  startup_stm32f103xe.o [1]
                            - 0x08000130   0x130

"P1":                                     0x4374
  .text              ro code  0x08000130   0xefa  stm32f1xx_hal_i2c.o [1]
  .text              ro code  0x0800102c    0xc4  i2c.o [1]
  .text              ro code  0x080010f0   0x4e2  stm32f1xx_hal_rcc.o [1]
  .text              ro code  0x080015d4     0xc  stm32f1xx_hal.o [1]
  .text              ro code  0x080015e0     0x2  stm32f1xx_hal_i2c.o [1]
  .text              ro code  0x080015e2     0x2  stm32f1xx_hal_i2c.o [1]
  .text              ro code  0x080015e4     0x2  stm32f1xx_hal_i2c.o [1]
  .text              ro code  0x080015e6     0x2  stm32f1xx_hal_i2c.o [1]
  .text              ro code  0x080015e8     0x2  stm32f1xx_hal_i2c.o [1]
  .text              ro code  0x080015ea     0x2  stm32f1xx_hal_i2c.o [1]
  .text              ro code  0x080015ec     0x2  stm32f1xx_hal_i2c.o [1]
  .text              ro code  0x080015ee     0x2  stm32f1xx_hal_i2c.o [1]
  .text              ro code  0x080015f0   0x422  stm32f1xx_hal_dma.o [1]
  .text              ro code  0x08001a12     0x2  stm32f1xx_hal_i2c.o [1]
  .text              ro code  0x08001a14     0x2  stm32f1xx_hal_i2c.o [1]
  .text              ro code  0x08001a18   0x540  main.o [1]
  .text              ro code  0x08001f58   0x1ec  stm32f1xx_hal_gpio.o [1]
  .text              ro code  0x08002144    0x40  stm32f1xx_hal.o [1]
  .text              ro code  0x08002184    0x24  stm32f1xx_hal.o [1]
  .text              ro code  0x080021a8    0xde  gpio.o [1]
  .text              ro code  0x08002288    0x20  dma.o [1]
  .text              ro code  0x080022a8   0x1f4  tim.o [1]
  .text              ro code  0x0800249c   0x19c  usart.o [1]
  .text              ro code  0x08002638    0xe4  spi.o [1]
  .text              ro code  0x0800271c   0x130  adc.o [1]
  .text              ro code  0x0800284c   0x1d0  bsp_motor.o [1]
  .text              ro code  0x08002a1c    0x78  bsp_digitalfloodcontrol.o [1]
  .text              ro code  0x08002a94    0xf0  bsp_DataTransmissionLayer.o [1]
  .text              ro code  0x08002b84   0x54a  stm32f1xx_hal_adc.o [1]
  .text              ro code  0x080030d0   0x398  stm32f1xx_hal_tim.o [1]
  .text              ro code  0x08003468   0x3ac  bsp_ProtocolLayer.o [1]
  .text              ro code  0x08003814    0xe8  stm32f1xx_hal_rcc_ex.o [1]
  .text              ro code  0x080038fc    0xe6  stm32f1xx_hal_cortex.o [1]
  .text              ro code  0x080039e4    0x88  stm32f1xx_hal_msp.o [1]
  .text              ro code  0x08003a6c    0x4a  stm32f1xx_hal_tim_ex.o [1]
  .text              ro code  0x08003ab8   0x618  stm32f1xx_hal_uart.o [1]
  .text              ro code  0x080040d0    0x82  stm32f1xx_hal_spi_ex.o [1]
  .text              ro code  0x08004154    0x2c  bsp_dac5571.o [1]
  .text              ro code  0x08004180     0x2  stm32f1xx_hal_adc_ex.o [1]
  .text              ro code  0x08004182     0x2  stm32f1xx_hal_adc.o [1]
  .text              ro code  0x08004184     0x2  stm32f1xx_hal_adc.o [1]
  .text              ro code  0x08004186     0x2  stm32f1xx_hal_adc.o [1]
  .text              ro code  0x08004188     0x2  stm32f1xx_hal_tim.o [1]
  .text              ro code  0x0800418a     0x2  stm32f1xx_hal_tim.o [1]
  .text              ro code  0x0800418c     0x2  stm32f1xx_hal_tim_ex.o [1]
  .text              ro code  0x0800418e     0x2  stm32f1xx_hal_tim.o [1]
  .text              ro code  0x08004190     0x2  stm32f1xx_hal_tim_ex.o [1]
  .text              ro code  0x08004192     0x2  stm32f1xx_hal_tim.o [1]
  .text              ro code  0x08004194     0x2  stm32f1xx_hal_uart.o [1]
  .text              ro code  0x08004196     0x2  stm32f1xx_hal_uart.o [1]
  .text              ro code  0x08004198     0x2  stm32f1xx_hal_uart.o [1]
  .text              ro code  0x0800419a     0x2  stm32f1xx_hal_uart.o [1]
  .text              ro code  0x0800419c    0xa8  stm32f1xx_it.o [1]
  .text              ro code  0x08004244    0x10  stm32f1xx_hal.o [1]
  .text              ro code  0x08004254    0x5c  system_stm32f1xx.o [1]
  .text              ro code  0x080042b0    0x40  zero_init3.o [4]
  .text              ro code  0x080042f0    0x2c  copy_init3.o [4]
  .text              ro code  0x0800431c    0x28  data_init.o [4]
  .iar.init_table    const    0x08004344    0x24  - Linker created -
  .text              ro code  0x08004368    0x1e  cmain.o [4]
  .text              ro code  0x08004386     0x4  low_level_init.o [3]
  .text              ro code  0x0800438a     0x4  exit.o [3]
  .text              ro code  0x08004390     0xa  cexit.o [4]
  .text              ro code  0x0800439c    0x14  exit.o [5]
  .text              ro code  0x080043b0    0x10  startup_stm32f103xe.o [1]
  Initializer bytes  const    0x080043c0    0x10  <for P2-1>
  .text              ro code  0x080043d0     0xc  cstartup_M.o [4]
  .rodata            const    0x080043dc     0x8  system_stm32f1xx.o [1]
  .text              ro code  0x080043e4     0x4  startup_stm32f103xe.o [1]
  .text              ro code  0x080043e8     0x4  startup_stm32f103xe.o [1]
  .text              ro code  0x080043ec     0x4  startup_stm32f103xe.o [1]
  .text              ro code  0x080043f0     0x4  startup_stm32f103xe.o [1]
  .text              ro code  0x080043f4     0x4  startup_stm32f103xe.o [1]
  .text              ro code  0x080043f8     0x4  startup_stm32f103xe.o [1]
  .text              ro code  0x080043fc     0x4  startup_stm32f103xe.o [1]
  .text              ro code  0x08004400     0x4  startup_stm32f103xe.o [1]
  .text              ro code  0x08004404     0x4  startup_stm32f103xe.o [1]
  .text              ro code  0x08004408     0x4  startup_stm32f103xe.o [1]
  .text              ro code  0x0800440c     0x4  startup_stm32f103xe.o [1]
  .text              ro code  0x08004410     0x4  startup_stm32f103xe.o [1]
  .text              ro code  0x08004414     0x4  startup_stm32f103xe.o [1]
  .text              ro code  0x08004418     0x4  startup_stm32f103xe.o [1]
  .text              ro code  0x0800441c     0x4  startup_stm32f103xe.o [1]
  .text              ro code  0x08004420     0x4  startup_stm32f103xe.o [1]
  .text              ro code  0x08004424     0x4  startup_stm32f103xe.o [1]
  .text              ro code  0x08004428     0x4  startup_stm32f103xe.o [1]
  .text              ro code  0x0800442c     0x4  startup_stm32f103xe.o [1]
  .text              ro code  0x08004430     0x4  startup_stm32f103xe.o [1]
  .text              ro code  0x08004434     0x4  startup_stm32f103xe.o [1]
  .text              ro code  0x08004438     0x4  startup_stm32f103xe.o [1]
  .text              ro code  0x0800443c     0x4  startup_stm32f103xe.o [1]
  .text              ro code  0x08004440     0x4  startup_stm32f103xe.o [1]
  .text              ro code  0x08004444     0x4  startup_stm32f103xe.o [1]
  .text              ro code  0x08004448     0x4  startup_stm32f103xe.o [1]
  .text              ro code  0x0800444c     0x4  startup_stm32f103xe.o [1]
  .text              ro code  0x08004450     0x4  startup_stm32f103xe.o [1]
  .text              ro code  0x08004454     0x4  startup_stm32f103xe.o [1]
  .text              ro code  0x08004458     0x4  startup_stm32f103xe.o [1]
  .text              ro code  0x0800445c     0x4  startup_stm32f103xe.o [1]
  .text              ro code  0x08004460     0x4  startup_stm32f103xe.o [1]
  .text              ro code  0x08004464     0x4  startup_stm32f103xe.o [1]
  .text              ro code  0x08004468     0x4  startup_stm32f103xe.o [1]
  .text              ro code  0x0800446c     0x4  startup_stm32f103xe.o [1]
  .text              ro code  0x08004470     0x4  startup_stm32f103xe.o [1]
  .text              ro code  0x08004474     0x4  startup_stm32f103xe.o [1]
  .text              ro code  0x08004478     0x4  startup_stm32f103xe.o [1]
  .text              ro code  0x0800447c     0x4  startup_stm32f103xe.o [1]
  .text              ro code  0x08004480     0x4  startup_stm32f103xe.o [1]
  .text              ro code  0x08004484     0x4  startup_stm32f103xe.o [1]
  .text              ro code  0x08004488     0x4  startup_stm32f103xe.o [1]
  .text              ro code  0x0800448c     0x4  startup_stm32f103xe.o [1]
  .text              ro code  0x08004490     0x4  startup_stm32f103xe.o [1]
  .text              ro code  0x08004494     0x4  startup_stm32f103xe.o [1]
  .text              ro code  0x08004498     0x4  startup_stm32f103xe.o [1]
  .text              ro code  0x0800449c     0x4  startup_stm32f103xe.o [1]
  .text              ro code  0x080044a0     0x4  startup_stm32f103xe.o [1]
  .rodata            const    0x080044a4     0x0  zero_init3.o [4]
  .rodata            const    0x080044a4     0x0  copy_init3.o [4]
                            - 0x080044a4  0x4374

"P2", part 1 of 3:                          0x10
  P2-1                        0x20000000    0x10  <Init block>
    .data            inited   0x20000000     0xc  stm32f1xx_hal.o [1]
    .data            inited   0x2000000c     0x4  system_stm32f1xx.o [1]
                            - 0x20000010    0x10

"P2", part 2 of 3:                         0xf38
  .bss               zero     0x20000010   0x400  main.o [1]
  .bss               zero     0x20000410   0x22c  bsp_ProtocolLayer.o [1]
  .bss               zero     0x2000063c   0x204  bsp_DataTransmissionLayer.o [1]
  .bss               zero     0x20000840   0x204  bsp_DataTransmissionLayer.o [1]
  .bss               zero     0x20000a44   0x100  bsp_digitalfloodcontrol.o [1]
  .bss               zero     0x20000b44    0x88  usart.o [1]
  .bss               zero     0x20000bcc    0x70  bsp_ProtocolLayer.o [1]
  .bss               zero     0x20000c3c    0x58  spi.o [1]
  .bss               zero     0x20000c94    0x54  i2c.o [1]
  .bss               zero     0x20000ce8    0x44  adc.o [1]
  .bss               zero     0x20000d2c    0x40  tim.o [1]
  .bss               zero     0x20000d6c    0x40  tim.o [1]
  .bss               zero     0x20000dac    0x40  tim.o [1]
  .bss               zero     0x20000dec    0x40  tim.o [1]
  .bss               zero     0x20000e2c    0x40  usart.o [1]
  .bss               zero     0x20000e6c    0x40  usart.o [1]
  .bss               zero     0x20000eac    0x30  adc.o [1]
  .bss               zero     0x20000edc    0x24  main.o [1]
  .bss               zero     0x20000f00    0x20  main.o [1]
  .bss               zero     0x20000f20    0x14  bsp_ProtocolLayer.o [1]
  .bss               zero     0x20000f34    0x10  bsp_digitalfloodcontrol.o [1]
  .bss               zero     0x20000f44     0x2  bsp_dac5571.o [1]
  .bss               zero     0x20000f46     0x2  bsp_digitalfloodcontrol.o [1]
                            - 0x20000f48   0xf38

"P2", part 3 of 3:                         0x400
  CSTACK                      0x20000f48   0x400  <Block>
    CSTACK           uninit   0x20000f48   0x400  <Block tail>
                            - 0x20001348   0x400


*******************************************************************************
*** INIT TABLE
***

          Address     Size
          -------     ----
Zero (__iar_zero_init3)
    1 destination range, total size 0xf38:
          0x20000010  0xf38

Copy (__iar_copy_init3)
    1 source range, total size 0x10:
          0x080043c0   0x10
    1 destination range, total size 0x10:
          0x20000000   0x10



*******************************************************************************
*** MODULE SUMMARY
***

    Module                       ro code  ro data  rw data
    ------                       -------  -------  -------
E:\Users\bertz\Documents\GitHub\BSPv2.2\BSPv2.2\EWARM\BSPv2.2\Obj: [1]
    adc.o                            304               116
    bsp_DataTransmissionLayer.o      240             1 032
    bsp_ProtocolLayer.o              940               688
    bsp_dac5571.o                     44                 2
    bsp_digitalfloodcontrol.o        120               274
    bsp_motor.o                      464
    dma.o                             32
    gpio.o                           222
    i2c.o                            196                84
    main.o                         1 344             1 092
    spi.o                            228                88
    startup_stm32f103xe.o            512
    stm32f1xx_hal.o                  128       12       12
    stm32f1xx_hal_adc.o            1 360
    stm32f1xx_hal_adc_ex.o             2
    stm32f1xx_hal_cortex.o           230
    stm32f1xx_hal_dma.o            1 058
    stm32f1xx_hal_gpio.o             492
    stm32f1xx_hal_i2c.o            3 854
    stm32f1xx_hal_msp.o              136
    stm32f1xx_hal_rcc.o            1 250
    stm32f1xx_hal_rcc_ex.o           232
    stm32f1xx_hal_spi_ex.o           130
    stm32f1xx_hal_tim.o              928
    stm32f1xx_hal_tim_ex.o            78
    stm32f1xx_hal_uart.o           1 568
    stm32f1xx_it.o                   168
    system_stm32f1xx.o                92       12        4
    tim.o                            500               256
    usart.o                          412               264
    ------------------------------------------------------
    Total:                        17 264       24    3 912

command line: [2]
    ------------------------------------------------------
    Total:

dl7M_tlf.a: [3]
    exit.o                             4
    low_level_init.o                   4
    ------------------------------------------------------
    Total:                             8

rt7M_tl.a: [4]
    cexit.o                           10
    cmain.o                           30
    copy_init3.o                      44
    cstartup_M.o                      12
    data_init.o                       40
    zero_init3.o                      64
    ------------------------------------------------------
    Total:                           200

shb_l.a: [5]
    exit.o                            20
    ------------------------------------------------------
    Total:                            20

    Gaps                              20
    Linker created                             36    1 024
----------------------------------------------------------
    Grand Total:                  17 512       60    4 936


*******************************************************************************
*** ENTRY LIST
***

Entry                      Address   Size  Type      Object
-----                      -------   ----  ----      ------
.iar.init_table$$Base   0x08004344          --   Gb  - Linker created -
.iar.init_table$$Limit  0x08004368          --   Gb  - Linker created -
?main                   0x08004369         Code  Gb  cmain.o [4]
ADC1_2_IRQHandler       0x080041cd    0x6  Code  Gb  stm32f1xx_it.o [1]
ADCBuffer               0x20000010  0x400  Data  Gb  main.o [1]
ADC_ConversionStop_Disable
                        0x08003025   0x44  Code  Gb  stm32f1xx_hal_adc.o [1]
ADC_DMAConvCplt         0x08003069   0x48  Code  Gb  stm32f1xx_hal_adc.o [1]
ADC_DMAError            0x080030b9   0x16  Code  Gb  stm32f1xx_hal_adc.o [1]
ADC_DMAHalfConvCplt     0x080030b1    0x6  Code  Gb  stm32f1xx_hal_adc.o [1]
ADC_Enable              0x08002f8f   0x6a  Code  Gb  stm32f1xx_hal_adc.o [1]
AHBPrescTable           0x080042a0   0x10  Data  Gb  system_stm32f1xx.o [1]
APBPrescTable           0x080043dc    0x8  Data  Gb  system_stm32f1xx.o [1]
BSP_DAC5571_WriteValue  0x08004155   0x1a  Code  Gb  bsp_dac5571.o [1]
BSP_DriverBoardProtocolInit
                        0x08002b07   0x14  Code  Gb  bsp_DataTransmissionLayer.o [1]
BSP_DriverBoardUsartReceive_IDLE
                        0x08002a95   0x20  Code  Gb  bsp_DataTransmissionLayer.o [1]
BSP_HandingDriverBoardRequest
                        0x08003643  0x13a  Code  Gb  bsp_ProtocolLayer.o [1]
BSP_HandingUartData     0x08003483  0x1a0  Code  Lc  bsp_ProtocolLayer.o [1]
BSP_HandingUartDataFromDriverBoard
                        0x08003635    0xe  Code  Gb  bsp_ProtocolLayer.o [1]
BSP_LeftDoorBoardUsartReceive_IDLE
                        0x08002ab5   0x20  Code  Gb  bsp_DataTransmissionLayer.o [1]
BSP_MotorAction         0x08002985   0x54  Code  Gb  bsp_motor.o [1]
BSP_MotorCheck          0x08002921   0x64  Code  Gb  bsp_motor.o [1]
BSP_MotorInit           0x0800284d   0x32  Code  Gb  bsp_motor.o [1]
BSP_MotorRun            0x0800289d   0x38  Code  Gb  bsp_motor.o [1]
BSP_MotorSpeedSet       0x08002911    0xe  Code  Gb  bsp_motor.o [1]
BSP_MotorStop           0x080028f3   0x14  Code  Gb  bsp_motor.o [1]
BSP_SendAckData         0x0800377d   0x82  Code  Gb  bsp_ProtocolLayer.o [1]
BSP_SendDataToDriverBoard
                        0x08002b35   0x36  Code  Gb  bsp_DataTransmissionLayer.o [1]
BusFault_Handler        0x080041a3    0x2  Code  Gb  stm32f1xx_it.o [1]
CSTACK$$Base            0x20000f48          --   Gb  - Linker created -
CSTACK$$Limit           0x20001348          --   Gb  - Linker created -
DMA1_Channel1_IRQHandler
                        0x080041bb    0x6  Code  Gb  stm32f1xx_it.o [1]
DMA1_Channel5_IRQHandler
                        0x080041c1    0x6  Code  Gb  stm32f1xx_it.o [1]
DMA1_Channel6_IRQHandler
                        0x080041c7    0x6  Code  Gb  stm32f1xx_it.o [1]
DMA_SetConfig           0x080019f1   0x22  Code  Lc  stm32f1xx_hal_dma.o [1]
DebugMon_Handler        0x080041a9    0x2  Code  Gb  stm32f1xx_it.o [1]
DigitalfloodInit        0x08002a75   0x18  Code  Gb  bsp_digitalfloodcontrol.o [1]
DriverBoardAckedData    0x20000424   0x18  Data  Gb  bsp_ProtocolLayer.o [1]
DriverBoardRevDataStruct
                        0x20000410   0x10  Data  Gb  bsp_ProtocolLayer.o [1]
DriverBoardUsartType    0x2000063c  0x204  Data  Gb  bsp_DataTransmissionLayer.o [1]
DriverRevDataBuf        0x2000043c  0x200  Data  Lc  bsp_ProtocolLayer.o [1]
HAL_ADCEx_InjectedConvCpltCallback
                        0x08004181    0x2  Code  Wk  stm32f1xx_hal_adc_ex.o [1]
HAL_ADC_ConfigChannel   0x08002e93   0xe4  Code  Gb  stm32f1xx_hal_adc.o [1]
HAL_ADC_ConvCpltCallback
                        0x08001f55    0x2  Code  Gb  main.o [1]
HAL_ADC_IRQHandler      0x08002da3   0xd8  Code  Gb  stm32f1xx_hal_adc.o [1]
HAL_ADC_Init            0x08002b85  0x110  Code  Gb  stm32f1xx_hal_adc.o [1]
HAL_ADC_MspInit         0x08002789   0x6e  Code  Gb  adc.o [1]
HAL_ADC_Start_DMA       0x08002ca9   0xfa  Code  Gb  stm32f1xx_hal_adc.o [1]
HAL_DMA_Abort           0x080016eb   0x32  Code  Gb  stm32f1xx_hal_dma.o [1]
HAL_DMA_Abort_IT        0x0800171d   0xdc  Code  Gb  stm32f1xx_hal_dma.o [1]
HAL_DMA_IRQHandler      0x080017f9  0x1b4  Code  Gb  stm32f1xx_hal_dma.o [1]
HAL_DMA_Init            0x080015f1   0x78  Code  Gb  stm32f1xx_hal_dma.o [1]
HAL_DMA_Start_IT        0x08001677   0x74  Code  Gb  stm32f1xx_hal_dma.o [1]
HAL_GPIO_Init           0x08001f59  0x196  Code  Gb  stm32f1xx_hal_gpio.o [1]
HAL_GPIO_ReadPin        0x080020ef    0xc  Code  Gb  stm32f1xx_hal_gpio.o [1]
HAL_GPIO_WritePin       0x080020fb    0xc  Code  Gb  stm32f1xx_hal_gpio.o [1]
HAL_GetTick             0x080015d5    0xc  Code  Wk  stm32f1xx_hal.o [1]
HAL_I2C_ER_IRQHandler   0x080005fb   0xc0  Code  Gb  stm32f1xx_hal_i2c.o [1]
HAL_I2C_EV_IRQHandler   0x080003c9  0x20e  Code  Gb  stm32f1xx_hal_i2c.o [1]
HAL_I2C_Init            0x08000131   0xdc  Code  Gb  stm32f1xx_hal_i2c.o [1]
HAL_I2C_Master_Transmit
                        0x08000229   0xa2  Code  Gb  stm32f1xx_hal_i2c.o [1]
HAL_I2C_MspInit         0x08001065   0x3a  Code  Gb  i2c.o [1]
HAL_IncTick             0x08004245   0x10  Code  Wk  stm32f1xx_hal.o [1]
HAL_Init                0x08002185   0x20  Code  Gb  stm32f1xx_hal.o [1]
HAL_InitTick            0x08002145   0x40  Code  Wk  stm32f1xx_hal.o [1]
HAL_MspInit             0x080039e5   0x88  Code  Gb  stm32f1xx_hal_msp.o [1]
HAL_NVIC_EnableIRQ      0x0800396f    0xa  Code  Gb  stm32f1xx_hal_cortex.o [1]
HAL_NVIC_SetPriority    0x08003935   0x3a  Code  Gb  stm32f1xx_hal_cortex.o [1]
HAL_NVIC_SetPriorityGrouping
                        0x0800391b   0x1a  Code  Gb  stm32f1xx_hal_cortex.o [1]
HAL_RCCEx_PeriphCLKConfig
                        0x08003815   0xda  Code  Gb  stm32f1xx_hal_rcc_ex.o [1]
HAL_RCC_ClockConfig     0x0800140d  0x10c  Code  Gb  stm32f1xx_hal_rcc.o [1]
HAL_RCC_GetHCLKFreq     0x08001569    0x6  Code  Gb  stm32f1xx_hal_rcc.o [1]
HAL_RCC_GetPCLK1Freq    0x0800156f   0x10  Code  Gb  stm32f1xx_hal_rcc.o [1]
HAL_RCC_GetPCLK2Freq    0x0800157f    0xe  Code  Gb  stm32f1xx_hal_rcc.o [1]
HAL_RCC_GetSysClockFreq
                        0x0800152d   0x3c  Code  Gb  stm32f1xx_hal_rcc.o [1]
HAL_RCC_GetSysClockFreq::aPLLMULFactorTable
                        0x080015c0   0x10  Data  Lc  stm32f1xx_hal_rcc.o [1]
HAL_RCC_GetSysClockFreq::aPredivFactorTable
                        0x080015d0    0x2  Data  Lc  stm32f1xx_hal_rcc.o [1]
HAL_RCC_OscConfig       0x080010f1  0x314  Code  Gb  stm32f1xx_hal_rcc.o [1]
HAL_SPI_Init            0x080040d1   0x82  Code  Gb  stm32f1xx_hal_spi_ex.o [1]
HAL_SPI_MspInit         0x08002681   0x4e  Code  Gb  spi.o [1]
HAL_SYSTICK_CLKSourceConfig
                        0x080039ab   0x1a  Code  Gb  stm32f1xx_hal_cortex.o [1]
HAL_SYSTICK_Config      0x08003983   0x28  Code  Gb  stm32f1xx_hal_cortex.o [1]
HAL_SYSTICK_IRQHandler  0x080039dd    0x4  Code  Gb  stm32f1xx_hal_cortex.o [1]
HAL_TIMEx_BreakCallback
                        0x0800418d    0x2  Code  Wk  stm32f1xx_hal_tim_ex.o [1]
HAL_TIMEx_CommutationCallback
                        0x08004191    0x2  Code  Wk  stm32f1xx_hal_tim_ex.o [1]
HAL_TIMEx_MasterConfigSynchronization
                        0x08003a6d   0x4a  Code  Gb  stm32f1xx_hal_tim_ex.o [1]
HAL_TIM_Base_Init       0x080030d1   0x1a  Code  Gb  stm32f1xx_hal_tim.o [1]
HAL_TIM_Base_MspInit    0x080023d7   0x64  Code  Gb  tim.o [1]
HAL_TIM_Base_Start_IT   0x080030eb   0x16  Code  Gb  stm32f1xx_hal_tim.o [1]
HAL_TIM_Base_Stop_IT    0x08003101   0x2e  Code  Gb  stm32f1xx_hal_tim.o [1]
HAL_TIM_ConfigClockSource
                        0x0800329b   0xac  Code  Gb  stm32f1xx_hal_tim.o [1]
HAL_TIM_IRQHandler      0x08003153  0x142  Code  Gb  stm32f1xx_hal_tim.o [1]
HAL_TIM_PeriodElapsedCallback
                        0x08001c49  0x1fe  Code  Gb  main.o [1]
HAL_UART_DMAStop        0x08003c75   0x48  Code  Gb  stm32f1xx_hal_uart.o [1]
HAL_UART_IRQHandler     0x08003cd5  0x152  Code  Gb  stm32f1xx_hal_uart.o [1]
HAL_UART_Init           0x08003ab9   0x1e  Code  Gb  stm32f1xx_hal_uart.o [1]
HAL_UART_MspInit        0x080024f1   0xc8  Code  Gb  usart.o [1]
HAL_UART_Receive_DMA    0x08003be3   0x92  Code  Gb  stm32f1xx_hal_uart.o [1]
HAL_UART_Transmit       0x08003b31   0xaa  Code  Gb  stm32f1xx_hal_uart.o [1]
HardFault_Handler       0x0800419f    0x2  Code  Gb  stm32f1xx_it.o [1]
I2C2_ER_IRQHandler      0x080041e5    0x6  Code  Gb  stm32f1xx_it.o [1]
I2C2_EV_IRQHandler      0x080041df    0x6  Code  Gb  stm32f1xx_it.o [1]
I2C_DMAAbort            0x08000e35   0x50  Code  Lc  stm32f1xx_hal_i2c.o [1]
I2C_ITError             0x08000c45   0xde  Code  Lc  stm32f1xx_hal_i2c.o [1]
I2C_IsAcknowledgeFailed
                        0x08001003   0x28  Code  Lc  stm32f1xx_hal_i2c.o [1]
I2C_MasterReceive_BTF   0x080008d3   0x90  Code  Lc  stm32f1xx_hal_i2c.o [1]
I2C_MasterReceive_RXNE  0x0800081f   0x9c  Code  Lc  stm32f1xx_hal_i2c.o [1]
I2C_MasterRequestWrite  0x08000d51   0x7c  Code  Lc  stm32f1xx_hal_i2c.o [1]
I2C_MasterTransmit_BTF  0x08000783   0x48  Code  Lc  stm32f1xx_hal_i2c.o [1]
I2C_MasterTransmit_TXE  0x080006bb   0xc8  Code  Lc  stm32f1xx_hal_i2c.o [1]
I2C_Master_ADDR         0x08000989  0x12c  Code  Lc  stm32f1xx_hal_i2c.o [1]
I2C_Slave_AF            0x08000bcd   0x78  Code  Lc  stm32f1xx_hal_i2c.o [1]
I2C_Slave_STOPF         0x08000af1   0xd6  Code  Lc  stm32f1xx_hal_i2c.o [1]
I2C_WaitOnBTFFlagUntilTimeout
                        0x08000fa7   0x34  Code  Lc  stm32f1xx_hal_i2c.o [1]
I2C_WaitOnFlagUntilTimeout
                        0x08000e85   0x6c  Code  Lc  stm32f1xx_hal_i2c.o [1]
I2C_WaitOnMasterAddressFlagUntilTimeout
                        0x08000ef1   0x82  Code  Lc  stm32f1xx_hal_i2c.o [1]
I2C_WaitOnTXEFlagUntilTimeout
                        0x08000f73   0x34  Code  Lc  stm32f1xx_hal_i2c.o [1]
LeftDoorBoardUsartType  0x20000840  0x204  Data  Gb  bsp_DataTransmissionLayer.o [1]
MX_ADC1_Init            0x0800271d   0x6c  Code  Gb  adc.o [1]
MX_DMA_Init             0x08002289   0x20  Code  Gb  dma.o [1]
MX_GPIO_Init            0x080021a9   0xc0  Code  Gb  gpio.o [1]
MX_I2C2_Init            0x0800102d   0x38  Code  Gb  i2c.o [1]
MX_NVIC_Init            0x08001b83   0xc6  Code  Lc  main.o [1]
MX_SPI1_Init            0x08002639   0x48  Code  Gb  spi.o [1]
MX_TIM3_Init            0x080022a9   0x3e  Code  Gb  tim.o [1]
MX_TIM4_Init            0x080022e7   0x3a  Code  Gb  tim.o [1]
MX_TIM5_Init            0x0800233d   0x40  Code  Gb  tim.o [1]
MX_TIM6_Init            0x08002397   0x34  Code  Gb  tim.o [1]
MX_USART1_UART_Init     0x0800249d   0x16  Code  Gb  usart.o [1]
MX_USART2_UART_Init     0x080024b3   0x16  Code  Gb  usart.o [1]
MemManage_Handler       0x080041a1    0x2  Code  Gb  stm32f1xx_it.o [1]
NMI_Handler             0x0800419d    0x2  Code  Gb  stm32f1xx_it.o [1]
NVIC_SetPriority        0x080038fd   0x1e  Code  Lc  stm32f1xx_hal_cortex.o [1]
PendSV_Handler          0x080041ab    0x2  Code  Gb  stm32f1xx_it.o [1]
Region$$Table$$Base     0x08004344          --   Gb  - Linker created -
Region$$Table$$Limit    0x08004368          --   Gb  - Linker created -
SVC_Handler             0x080041a7    0x2  Code  Gb  stm32f1xx_it.o [1]
SendOpenFlag            0x20000420    0x4  Data  Gb  bsp_ProtocolLayer.o [1]
SettingVbaseValeFlag    0x20000f34    0x1  Data  Gb  bsp_digitalfloodcontrol.o [1]
SysTick_Handler         0x080041ad    0xe  Code  Gb  stm32f1xx_it.o [1]
SystemClock_Config      0x08001afd   0x86  Code  Gb  main.o [1]
SystemCoreClock         0x2000000c    0x4  Data  Gb  system_stm32f1xx.o [1]
SystemInit              0x08004255   0x3a  Code  Gb  system_stm32f1xx.o [1]
TIM3_IRQHandler         0x080041d3    0x6  Code  Gb  stm32f1xx_it.o [1]
TIM4_IRQHandler         0x080041d9    0x6  Code  Gb  stm32f1xx_it.o [1]
TIM5_IRQHandler         0x0800420b    0x6  Code  Gb  stm32f1xx_it.o [1]
TIM6_IRQHandler         0x08004211    0x6  Code  Gb  stm32f1xx_it.o [1]
TIM_Base_SetConfig      0x08003371   0x74  Code  Gb  stm32f1xx_hal_tim.o [1]
TIM_ETR_SetConfig       0x0800344f   0x14  Code  Lc  stm32f1xx_hal_tim.o [1]
TIM_ITRx_SetConfig      0x0800343f   0x10  Code  Lc  stm32f1xx_hal_tim.o [1]
TIM_TI1_ConfigInputStage
                        0x080033fd   0x1e  Code  Lc  stm32f1xx_hal_tim.o [1]
TIM_TI2_ConfigInputStage
                        0x0800341b   0x24  Code  Lc  stm32f1xx_hal_tim.o [1]
Table                   0x20000f20   0x14  Data  Gb  bsp_ProtocolLayer.o [1]
TiggerTimeCnt           0x20000f40    0x2  Data  Gb  bsp_digitalfloodcontrol.o [1]
TiggerTimeSum           0x20000f3e    0x2  Data  Gb  bsp_digitalfloodcontrol.o [1]
UART_DMAAbortOnError    0x08003f45    0xc  Code  Lc  stm32f1xx_hal_uart.o [1]
UART_DMAError           0x08003e69   0x4a  Code  Lc  stm32f1xx_hal_uart.o [1]
UART_DMAReceiveCplt     0x08003e29   0x38  Code  Lc  stm32f1xx_hal_uart.o [1]
UART_DMARxHalfCplt      0x08003e61    0x6  Code  Lc  stm32f1xx_hal_uart.o [1]
UART_EndRxTransfer      0x08003f29   0x1c  Code  Lc  stm32f1xx_hal_uart.o [1]
UART_EndTxTransfer      0x08003f17   0x12  Code  Lc  stm32f1xx_hal_uart.o [1]
UART_Receive_IT         0x08003f51   0x96  Code  Lc  stm32f1xx_hal_uart.o [1]
UART_SetConfig          0x08003fe7   0xde  Code  Lc  stm32f1xx_hal_uart.o [1]
UART_WaitOnFlagUntilTimeout
                        0x08003eb3   0x56  Code  Lc  stm32f1xx_hal_uart.o [1]
USART1_IRQHandler       0x080041eb    0xc  Code  Gb  stm32f1xx_it.o [1]
USART2_IRQHandler       0x080041f7    0xa  Code  Gb  stm32f1xx_it.o [1]
UpdateVbaseValue        0x08002a1d   0x58  Code  Gb  bsp_digitalfloodcontrol.o [1]
UsageFault_Handler      0x080041a5    0x2  Code  Gb  stm32f1xx_it.o [1]
Vbase                   0x20000f38    0x2  Data  Gb  bsp_digitalfloodcontrol.o [1]
VbaseBuffer             0x20000a44  0x100  Data  Gb  bsp_digitalfloodcontrol.o [1]
VbaseCnt                0x20000f42    0x2  Data  Gb  bsp_digitalfloodcontrol.o [1]
Vdelta                  0x20000f46    0x2  Data  Gb  bsp_digitalfloodcontrol.o [1]
Vnormal                 0x20000f3a    0x2  Data  Gb  bsp_digitalfloodcontrol.o [1]
Vnormalt                0x20000f3c    0x2  Data  Gb  bsp_digitalfloodcontrol.o [1]
Vthreshold              0x20000f36    0x2  Data  Gb  bsp_digitalfloodcontrol.o [1]
_Error_Handler          0x08001f57    0x2  Code  Gb  main.o [1]
__cmain                 0x08004369         Code  Gb  cmain.o [4]
__exit                  0x0800439d   0x14  Code  Gb  exit.o [5]
__iar_copy_init3        0x080042f1   0x2c  Code  Gb  copy_init3.o [4]
__iar_data_init3        0x0800431d   0x28  Code  Gb  data_init.o [4]
__iar_program_start     0x080043d1         Code  Gb  cstartup_M.o [4]
__iar_systems$$module {Abs}
                        0x00000001         Data  Gb  command line/config [2]
__iar_zero_init3        0x080042b1   0x40  Code  Gb  zero_init3.o [4]
__low_level_init        0x08004387    0x4  Code  Gb  low_level_init.o [3]
__vector_table          0x08000000         Data  Gb  startup_stm32f103xe.o [1]
_call_main              0x08004375         Code  Gb  cmain.o [4]
_exit                   0x08004391         Code  Gb  cexit.o [4]
_main                   0x08004383         Code  Gb  cmain.o [4]
bsp_ADCCheck            0x08001ec7   0x46  Code  Gb  main.o [1]
bsp_GpioStructInit      0x08001e9f   0x28  Code  Gb  main.o [1]
bsp_SendCarEnterFlag    0x08001e47   0x14  Code  Gb  main.o [1]
bsp_SendCarEnterTimeroutFlag
                        0x08001e5b   0x12  Code  Gb  main.o [1]
exit                    0x0800438b    0x4  Code  Gb  exit.o [3]
gBarFirstArriveClosedPosionFlag
                        0x20000ef8    0x1  Data  Gb  main.o [1]
gBarFirstArriveOpenedPosinFlag
                        0x20000ef7    0x1  Data  Gb  main.o [1]
gCarEnteredFlag         0x20000efa    0x1  Data  Gb  main.o [1]
gGentleSensorGpio       0x20000edc    0x8  Data  Gb  main.o [1]
gHorCloseFlag           0x20000f1a    0x1  Data  Gb  main.o [1]
gHorGpio                0x20000ee4    0x8  Data  Gb  main.o [1]
gLogTimerCnt            0x20000f1c    0x4  Data  Gb  main.o [1]
gLogTimerFlag           0x20000ef4    0x1  Data  Gb  main.o [1]
gMotorMachine           0x20000f00   0x18  Data  Gb  main.o [1]
gOpenBarTimeoutFlag     0x20000ef5    0x1  Data  Gb  main.o [1]
gOpenBarTimerCnt        0x20000efc    0x4  Data  Gb  main.o [1]
gOpenBarTimerFlag       0x20000ef6    0x1  Data  Gb  main.o [1]
gOpenFlag               0x20000ef9    0x1  Data  Gb  main.o [1]
gOpenSpeedTimerCnt      0x20000f19    0x1  Data  Gb  main.o [1]
gOpenSpeedTimerFlag     0x20000f18    0x1  Data  Gb  main.o [1]
gVerGpio                0x20000eec    0x8  Data  Gb  main.o [1]
getXORCode              0x08003469   0x1a  Code  Lc  bsp_ProtocolLayer.o [1]
hadc1                   0x20000eac   0x30  Data  Gb  adc.o [1]
hdma_adc1               0x20000ce8   0x44  Data  Gb  adc.o [1]
hdma_usart1_rx          0x20000b44   0x44  Data  Gb  usart.o [1]
hdma_usart2_rx          0x20000b88   0x44  Data  Gb  usart.o [1]
hi2c2                   0x20000c94   0x54  Data  Gb  i2c.o [1]
hspi1                   0x20000c3c   0x58  Data  Gb  spi.o [1]
htim3                   0x20000d2c   0x40  Data  Gb  tim.o [1]
htim4                   0x20000d6c   0x40  Data  Gb  tim.o [1]
htim5                   0x20000dac   0x40  Data  Gb  tim.o [1]
htim6                   0x20000dec   0x40  Data  Gb  tim.o [1]
huart1                  0x20000e2c   0x40  Data  Gb  usart.o [1]
huart2                  0x20000e6c   0x40  Data  Gb  usart.o [1]
main                    0x08001a19   0xe4  Code  Gb  main.o [1]
sNeedToAckStruct        0x20000bcc   0x70  Data  Gb  bsp_ProtocolLayer.o [1]
uwTick                  0x20000004    0x4  Data  Gb  stm32f1xx_hal.o [1]
uwTickFreq              0x20000000    0x1  Data  Gb  stm32f1xx_hal.o [1]
uwTickPrio              0x20000008    0x4  Data  Gb  stm32f1xx_hal.o [1]
writebuffer             0x20000f44    0x2  Data  Lc  bsp_dac5571.o [1]


[1] = E:\Users\bertz\Documents\GitHub\BSPv2.2\BSPv2.2\EWARM\BSPv2.2\Obj
[2] = command line
[3] = dl7M_tlf.a
[4] = rt7M_tl.a
[5] = shb_l.a

  17 512 bytes of readonly  code memory
      60 bytes of readonly  data memory
   4 936 bytes of readwrite data memory

Errors: none
Warnings: none
