###############################################################################
#
# IAR ELF Linker V8.22.1.15669/W32 for ARM                17/Apr/2018  11:48:50
# Copyright 2007-2018 IAR Systems AB.
#
#    Output file  =  
#        E:\Users\bertz\Documents\GitHub\BSPv2.2\BSPv2.2\EWARM\BSPv2.2\Exe\BSPv2.2.out
#    Map file     =  
#        E:\Users\bertz\Documents\GitHub\BSPv2.2\BSPv2.2\EWARM\BSPv2.2\List\BSPv2.2.map
#    Command line =  
#        -f C:\Users\bertz\AppData\Local\Temp\EW234B.tmp
#        (E:\Users\bertz\Documents\GitHub\BSPv2.2\BSPv2.2\EWARM\BSPv2.2\Obj\adc.o
#        E:\Users\bertz\Documents\GitHub\BSPv2.2\BSPv2.2\EWARM\BSPv2.2\Obj\bsp_dac5571.o
#        E:\Users\bertz\Documents\GitHub\BSPv2.2\BSPv2.2\EWARM\BSPv2.2\Obj\bsp_DataTransmissionLayer.o
#        E:\Users\bertz\Documents\GitHub\BSPv2.2\BSPv2.2\EWARM\BSPv2.2\Obj\bsp_digitalfloodcontrol.o
#        E:\Users\bertz\Documents\GitHub\BSPv2.2\BSPv2.2\EWARM\BSPv2.2\Obj\bsp_motor.o
#        E:\Users\bertz\Documents\GitHub\BSPv2.2\BSPv2.2\EWARM\BSPv2.2\Obj\bsp_ProtocolLayer.o
#        E:\Users\bertz\Documents\GitHub\BSPv2.2\BSPv2.2\EWARM\BSPv2.2\Obj\dma.o
#        E:\Users\bertz\Documents\GitHub\BSPv2.2\BSPv2.2\EWARM\BSPv2.2\Obj\gpio.o
#        E:\Users\bertz\Documents\GitHub\BSPv2.2\BSPv2.2\EWARM\BSPv2.2\Obj\i2c.o
#        E:\Users\bertz\Documents\GitHub\BSPv2.2\BSPv2.2\EWARM\BSPv2.2\Obj\main.o
#        E:\Users\bertz\Documents\GitHub\BSPv2.2\BSPv2.2\EWARM\BSPv2.2\Obj\spi.o
#        E:\Users\bertz\Documents\GitHub\BSPv2.2\BSPv2.2\EWARM\BSPv2.2\Obj\startup_stm32f103xe.o
#        E:\Users\bertz\Documents\GitHub\BSPv2.2\BSPv2.2\EWARM\BSPv2.2\Obj\stm32f1xx_hal.o
#        E:\Users\bertz\Documents\GitHub\BSPv2.2\BSPv2.2\EWARM\BSPv2.2\Obj\stm32f1xx_hal_adc.o
#        E:\Users\bertz\Documents\GitHub\BSPv2.2\BSPv2.2\EWARM\BSPv2.2\Obj\stm32f1xx_hal_adc_ex.o
#        E:\Users\bertz\Documents\GitHub\BSPv2.2\BSPv2.2\EWARM\BSPv2.2\Obj\stm32f1xx_hal_cortex.o
#        E:\Users\bertz\Documents\GitHub\BSPv2.2\BSPv2.2\EWARM\BSPv2.2\Obj\stm32f1xx_hal_dma.o
#        E:\Users\bertz\Documents\GitHub\BSPv2.2\BSPv2.2\EWARM\BSPv2.2\Obj\stm32f1xx_hal_flash.o
#        E:\Users\bertz\Documents\GitHub\BSPv2.2\BSPv2.2\EWARM\BSPv2.2\Obj\stm32f1xx_hal_flash_ex.o
#        E:\Users\bertz\Documents\GitHub\BSPv2.2\BSPv2.2\EWARM\BSPv2.2\Obj\stm32f1xx_hal_gpio.o
#        E:\Users\bertz\Documents\GitHub\BSPv2.2\BSPv2.2\EWARM\BSPv2.2\Obj\stm32f1xx_hal_gpio_ex.o
#        E:\Users\bertz\Documents\GitHub\BSPv2.2\BSPv2.2\EWARM\BSPv2.2\Obj\stm32f1xx_hal_i2c.o
#        E:\Users\bertz\Documents\GitHub\BSPv2.2\BSPv2.2\EWARM\BSPv2.2\Obj\stm32f1xx_hal_msp.o
#        E:\Users\bertz\Documents\GitHub\BSPv2.2\BSPv2.2\EWARM\BSPv2.2\Obj\stm32f1xx_hal_pwr.o
#        E:\Users\bertz\Documents\GitHub\BSPv2.2\BSPv2.2\EWARM\BSPv2.2\Obj\stm32f1xx_hal_rcc.o
#        E:\Users\bertz\Documents\GitHub\BSPv2.2\BSPv2.2\EWARM\BSPv2.2\Obj\stm32f1xx_hal_rcc_ex.o
#        E:\Users\bertz\Documents\GitHub\BSPv2.2\BSPv2.2\EWARM\BSPv2.2\Obj\stm32f1xx_hal_spi.o
#        E:\Users\bertz\Documents\GitHub\BSPv2.2\BSPv2.2\EWARM\BSPv2.2\Obj\stm32f1xx_hal_spi_ex.o
#        E:\Users\bertz\Documents\GitHub\BSPv2.2\BSPv2.2\EWARM\BSPv2.2\Obj\stm32f1xx_hal_tim.o
#        E:\Users\bertz\Documents\GitHub\BSPv2.2\BSPv2.2\EWARM\BSPv2.2\Obj\stm32f1xx_hal_tim_ex.o
#        E:\Users\bertz\Documents\GitHub\BSPv2.2\BSPv2.2\EWARM\BSPv2.2\Obj\stm32f1xx_hal_uart.o
#        E:\Users\bertz\Documents\GitHub\BSPv2.2\BSPv2.2\EWARM\BSPv2.2\Obj\stm32f1xx_it.o
#        E:\Users\bertz\Documents\GitHub\BSPv2.2\BSPv2.2\EWARM\BSPv2.2\Obj\system_stm32f1xx.o
#        E:\Users\bertz\Documents\GitHub\BSPv2.2\BSPv2.2\EWARM\BSPv2.2\Obj\tim.o
#        E:\Users\bertz\Documents\GitHub\BSPv2.2\BSPv2.2\EWARM\BSPv2.2\Obj\usart.o
#        --redirect _Printf=_PrintfFull --redirect _Scanf=_ScanfFull -o
#        E:\Users\bertz\Documents\GitHub\BSPv2.2\BSPv2.2\EWARM\BSPv2.2\Exe\BSPv2.2.out
#        --map
#        E:\Users\bertz\Documents\GitHub\BSPv2.2\BSPv2.2\EWARM\BSPv2.2\List\BSPv2.2.map
#        --config
#        E:\Users\bertz\Documents\GitHub\BSPv2.2\BSPv2.2\EWARM/stm32f103xe_flash.icf
#        --semihosting --entry __iar_program_start --vfe --text_out locale)
#
###############################################################################

*******************************************************************************
*** RUNTIME MODEL ATTRIBUTES
***

CppFlavor       = *
__SystemLibrary = DLib
__dlib_version  = 6


*******************************************************************************
*** HEAP SELECTION
***

The basic heap was selected because no calls to memory allocation
functions were found in the application outside of system library
functions, and there are calls to deallocation functions in the
application.


*******************************************************************************
*** PLACEMENT SUMMARY
***

"A0":  place at 0x08000000 { ro section .intvec };
"P1":  place in [from 0x08000000 to 0x0807ffff] { ro };
define block CSTACK with size = 1K, alignment = 8 { };
define block HEAP with size = 512, alignment = 8 { };
"P2":  place in [from 0x20000000 to 0x2000ffff] {
          rw, block CSTACK, block HEAP };
initialize by copy { rw };

  Section            Kind        Address    Size  Object
  -------            ----        -------    ----  ------
"A0":                                      0x130
  .intvec            ro code  0x08000000   0x130  startup_stm32f103xe.o [1]
                            - 0x08000130   0x130

"P1":                                     0x3f40
  .text              ro code  0x08000130   0xefa  stm32f1xx_hal_i2c.o [1]
  .text              ro code  0x0800102c    0xc4  i2c.o [1]
  .text              ro code  0x080010f0   0x4e2  stm32f1xx_hal_rcc.o [1]
  .text              ro code  0x080015d4     0xc  stm32f1xx_hal.o [1]
  .text              ro code  0x080015e0     0x2  stm32f1xx_hal_i2c.o [1]
  .text              ro code  0x080015e2     0x2  stm32f1xx_hal_i2c.o [1]
  .text              ro code  0x080015e4     0x2  stm32f1xx_hal_i2c.o [1]
  .text              ro code  0x080015e6     0x2  stm32f1xx_hal_i2c.o [1]
  .text              ro code  0x080015e8     0x2  stm32f1xx_hal_i2c.o [1]
  .text              ro code  0x080015ea     0x2  stm32f1xx_hal_i2c.o [1]
  .text              ro code  0x080015ec     0x2  stm32f1xx_hal_i2c.o [1]
  .text              ro code  0x080015ee     0x2  stm32f1xx_hal_i2c.o [1]
  .text              ro code  0x080015f0   0x422  stm32f1xx_hal_dma.o [1]
  .text              ro code  0x08001a12     0x2  stm32f1xx_hal_i2c.o [1]
  .text              ro code  0x08001a14     0x2  stm32f1xx_hal_i2c.o [1]
  .text              ro code  0x08001a18   0x4ee  main.o [1]
  .text              ro code  0x08001f08   0x1ec  stm32f1xx_hal_gpio.o [1]
  .text              ro code  0x080020f4    0x40  stm32f1xx_hal.o [1]
  .text              ro code  0x08002134    0x24  stm32f1xx_hal.o [1]
  .text              ro code  0x08002158    0xde  gpio.o [1]
  .text              ro code  0x08002238    0x20  dma.o [1]
  .text              ro code  0x08002258   0x1f4  tim.o [1]
  .text              ro code  0x0800244c   0x19c  usart.o [1]
  .text              ro code  0x080025e8    0xe4  spi.o [1]
  .text              ro code  0x080026cc   0x134  adc.o [1]
  .text              ro code  0x08002800   0x19c  bsp_motor.o [1]
  .text              ro code  0x0800299c    0x68  bsp_digitalfloodcontrol.o [1]
  .text              ro code  0x08002a04   0x54a  stm32f1xx_hal_adc.o [1]
  .text              ro code  0x08002f50   0x398  stm32f1xx_hal_tim.o [1]
  .text              ro code  0x080032e8    0xf4  bsp_DataTransmissionLayer.o [1]
  .text              ro code  0x080033dc    0xe8  stm32f1xx_hal_rcc_ex.o [1]
  .text              ro code  0x080034c4    0xe6  stm32f1xx_hal_cortex.o [1]
  .text              ro code  0x080035ac    0x88  stm32f1xx_hal_msp.o [1]
  .text              ro code  0x08003634    0x4a  stm32f1xx_hal_tim_ex.o [1]
  .text              ro code  0x08003680   0x618  stm32f1xx_hal_uart.o [1]
  .text              ro code  0x08003c98    0x82  stm32f1xx_hal_spi_ex.o [1]
  .text              ro code  0x08003d1c    0x2c  bsp_dac5571.o [1]
  .text              ro code  0x08003d48     0x2  stm32f1xx_hal_adc.o [1]
  .text              ro code  0x08003d4c     0x2  stm32f1xx_hal_adc_ex.o [1]
  .text              ro code  0x08003d4e     0x2  stm32f1xx_hal_adc.o [1]
  .text              ro code  0x08003d50     0x2  stm32f1xx_hal_adc.o [1]
  .text              ro code  0x08003d52     0x2  stm32f1xx_hal_adc.o [1]
  .text              ro code  0x08003d54     0x2  stm32f1xx_hal_tim.o [1]
  .text              ro code  0x08003d56     0x2  stm32f1xx_hal_tim.o [1]
  .text              ro code  0x08003d58     0x2  stm32f1xx_hal_tim_ex.o [1]
  .text              ro code  0x08003d5a     0x2  stm32f1xx_hal_tim.o [1]
  .text              ro code  0x08003d5c     0x2  stm32f1xx_hal_tim_ex.o [1]
  .text              ro code  0x08003d5e     0x2  stm32f1xx_hal_tim.o [1]
  .text              ro code  0x08003d60     0x2  stm32f1xx_hal_uart.o [1]
  .text              ro code  0x08003d62     0x2  stm32f1xx_hal_uart.o [1]
  .text              ro code  0x08003d64     0x2  stm32f1xx_hal_uart.o [1]
  .text              ro code  0x08003d66     0x2  stm32f1xx_hal_uart.o [1]
  .text              ro code  0x08003d68    0xa8  stm32f1xx_it.o [1]
  .text              ro code  0x08003e10    0x10  stm32f1xx_hal.o [1]
  .text              ro code  0x08003e20    0x5c  system_stm32f1xx.o [1]
  .text              ro code  0x08003e7c    0x40  zero_init3.o [4]
  .text              ro code  0x08003ebc    0x2c  copy_init3.o [4]
  .text              ro code  0x08003ee8    0x28  data_init.o [4]
  .iar.init_table    const    0x08003f10    0x24  - Linker created -
  .text              ro code  0x08003f34    0x1e  cmain.o [4]
  .text              ro code  0x08003f52     0x4  low_level_init.o [3]
  .text              ro code  0x08003f56     0x4  exit.o [3]
  .text              ro code  0x08003f5c     0xa  cexit.o [4]
  .text              ro code  0x08003f68    0x14  exit.o [5]
  .text              ro code  0x08003f7c    0x10  startup_stm32f103xe.o [1]
  Initializer bytes  const    0x08003f8c    0x10  <for P2-1>
  .text              ro code  0x08003f9c     0xc  cstartup_M.o [4]
  .rodata            const    0x08003fa8     0x8  system_stm32f1xx.o [1]
  .text              ro code  0x08003fb0     0x4  startup_stm32f103xe.o [1]
  .text              ro code  0x08003fb4     0x4  startup_stm32f103xe.o [1]
  .text              ro code  0x08003fb8     0x4  startup_stm32f103xe.o [1]
  .text              ro code  0x08003fbc     0x4  startup_stm32f103xe.o [1]
  .text              ro code  0x08003fc0     0x4  startup_stm32f103xe.o [1]
  .text              ro code  0x08003fc4     0x4  startup_stm32f103xe.o [1]
  .text              ro code  0x08003fc8     0x4  startup_stm32f103xe.o [1]
  .text              ro code  0x08003fcc     0x4  startup_stm32f103xe.o [1]
  .text              ro code  0x08003fd0     0x4  startup_stm32f103xe.o [1]
  .text              ro code  0x08003fd4     0x4  startup_stm32f103xe.o [1]
  .text              ro code  0x08003fd8     0x4  startup_stm32f103xe.o [1]
  .text              ro code  0x08003fdc     0x4  startup_stm32f103xe.o [1]
  .text              ro code  0x08003fe0     0x4  startup_stm32f103xe.o [1]
  .text              ro code  0x08003fe4     0x4  startup_stm32f103xe.o [1]
  .text              ro code  0x08003fe8     0x4  startup_stm32f103xe.o [1]
  .text              ro code  0x08003fec     0x4  startup_stm32f103xe.o [1]
  .text              ro code  0x08003ff0     0x4  startup_stm32f103xe.o [1]
  .text              ro code  0x08003ff4     0x4  startup_stm32f103xe.o [1]
  .text              ro code  0x08003ff8     0x4  startup_stm32f103xe.o [1]
  .text              ro code  0x08003ffc     0x4  startup_stm32f103xe.o [1]
  .text              ro code  0x08004000     0x4  startup_stm32f103xe.o [1]
  .text              ro code  0x08004004     0x4  startup_stm32f103xe.o [1]
  .text              ro code  0x08004008     0x4  startup_stm32f103xe.o [1]
  .text              ro code  0x0800400c     0x4  startup_stm32f103xe.o [1]
  .text              ro code  0x08004010     0x4  startup_stm32f103xe.o [1]
  .text              ro code  0x08004014     0x4  startup_stm32f103xe.o [1]
  .text              ro code  0x08004018     0x4  startup_stm32f103xe.o [1]
  .text              ro code  0x0800401c     0x4  startup_stm32f103xe.o [1]
  .text              ro code  0x08004020     0x4  startup_stm32f103xe.o [1]
  .text              ro code  0x08004024     0x4  startup_stm32f103xe.o [1]
  .text              ro code  0x08004028     0x4  startup_stm32f103xe.o [1]
  .text              ro code  0x0800402c     0x4  startup_stm32f103xe.o [1]
  .text              ro code  0x08004030     0x4  startup_stm32f103xe.o [1]
  .text              ro code  0x08004034     0x4  startup_stm32f103xe.o [1]
  .text              ro code  0x08004038     0x4  startup_stm32f103xe.o [1]
  .text              ro code  0x0800403c     0x4  startup_stm32f103xe.o [1]
  .text              ro code  0x08004040     0x4  startup_stm32f103xe.o [1]
  .text              ro code  0x08004044     0x4  startup_stm32f103xe.o [1]
  .text              ro code  0x08004048     0x4  startup_stm32f103xe.o [1]
  .text              ro code  0x0800404c     0x4  startup_stm32f103xe.o [1]
  .text              ro code  0x08004050     0x4  startup_stm32f103xe.o [1]
  .text              ro code  0x08004054     0x4  startup_stm32f103xe.o [1]
  .text              ro code  0x08004058     0x4  startup_stm32f103xe.o [1]
  .text              ro code  0x0800405c     0x4  startup_stm32f103xe.o [1]
  .text              ro code  0x08004060     0x4  startup_stm32f103xe.o [1]
  .text              ro code  0x08004064     0x4  startup_stm32f103xe.o [1]
  .text              ro code  0x08004068     0x4  startup_stm32f103xe.o [1]
  .text              ro code  0x0800406c     0x4  startup_stm32f103xe.o [1]
  .rodata            const    0x08004070     0x0  zero_init3.o [4]
  .rodata            const    0x08004070     0x0  copy_init3.o [4]
                            - 0x08004070  0x3f40

"P2", part 1 of 3:                          0x10
  P2-1                        0x20000000    0x10  <Init block>
    .data            inited   0x20000000     0xc  stm32f1xx_hal.o [1]
    .data            inited   0x2000000c     0x4  system_stm32f1xx.o [1]
                            - 0x20000010    0x10

"P2", part 2 of 3:                         0xf8c
  .bss               zero     0x20000010   0x400  bsp_digitalfloodcontrol.o [1]
  .bss               zero     0x20000410   0x400  main.o [1]
  .bss               zero     0x20000810   0x204  bsp_DataTransmissionLayer.o [1]
  .bss               zero     0x20000a14   0x204  bsp_DataTransmissionLayer.o [1]
  .bss               zero     0x20000c18    0x88  usart.o [1]
  .bss               zero     0x20000ca0    0x58  spi.o [1]
  .bss               zero     0x20000cf8    0x54  i2c.o [1]
  .bss               zero     0x20000d4c    0x44  adc.o [1]
  .bss               zero     0x20000d90    0x40  tim.o [1]
  .bss               zero     0x20000dd0    0x40  tim.o [1]
  .bss               zero     0x20000e10    0x40  tim.o [1]
  .bss               zero     0x20000e50    0x40  tim.o [1]
  .bss               zero     0x20000e90    0x40  usart.o [1]
  .bss               zero     0x20000ed0    0x40  usart.o [1]
  .bss               zero     0x20000f10    0x30  adc.o [1]
  .bss               zero     0x20000f40    0x24  main.o [1]
  .bss               zero     0x20000f64    0x24  main.o [1]
  .bss               zero     0x20000f88     0xe  bsp_digitalfloodcontrol.o [1]
  .bss               zero     0x20000f96     0x2  bsp_dac5571.o [1]
  .bss               zero     0x20000f98     0x2  bsp_digitalfloodcontrol.o [1]
                            - 0x20000f9a   0xf8a

"P2", part 3 of 3:                         0x400
  CSTACK                      0x20000fa0   0x400  <Block>
    CSTACK           uninit   0x20000fa0   0x400  <Block tail>
                            - 0x200013a0   0x400


*******************************************************************************
*** INIT TABLE
***

          Address     Size
          -------     ----
Zero (__iar_zero_init3)
    1 destination range, total size 0xf8a:
          0x20000010  0xf8a

Copy (__iar_copy_init3)
    1 source range, total size 0x10:
          0x08003f8c   0x10
    1 destination range, total size 0x10:
          0x20000000   0x10



*******************************************************************************
*** MODULE SUMMARY
***

    Module                       ro code  ro data  rw data
    ------                       -------  -------  -------
E:\Users\bertz\Documents\GitHub\BSPv2.2\BSPv2.2\EWARM\BSPv2.2\Obj: [1]
    adc.o                            308               116
    bsp_DataTransmissionLayer.o      244             1 032
    bsp_dac5571.o                     44                 2
    bsp_digitalfloodcontrol.o        104             1 040
    bsp_motor.o                      412
    dma.o                             32
    gpio.o                           222
    i2c.o                            196                84
    main.o                         1 262             1 096
    spi.o                            228                88
    startup_stm32f103xe.o            512
    stm32f1xx_hal.o                  128       12       12
    stm32f1xx_hal_adc.o            1 362
    stm32f1xx_hal_adc_ex.o             2
    stm32f1xx_hal_cortex.o           230
    stm32f1xx_hal_dma.o            1 058
    stm32f1xx_hal_gpio.o             492
    stm32f1xx_hal_i2c.o            3 854
    stm32f1xx_hal_msp.o              136
    stm32f1xx_hal_rcc.o            1 250
    stm32f1xx_hal_rcc_ex.o           232
    stm32f1xx_hal_spi_ex.o           130
    stm32f1xx_hal_tim.o              928
    stm32f1xx_hal_tim_ex.o            78
    stm32f1xx_hal_uart.o           1 568
    stm32f1xx_it.o                   168
    system_stm32f1xx.o                92       12        4
    tim.o                            500               256
    usart.o                          412               264
    ------------------------------------------------------
    Total:                        16 184       24    3 994

command line: [2]
    ------------------------------------------------------
    Total:

dl7M_tlf.a: [3]
    exit.o                             4
    low_level_init.o                   4
    ------------------------------------------------------
    Total:                             8

rt7M_tl.a: [4]
    cexit.o                           10
    cmain.o                           30
    copy_init3.o                      44
    cstartup_M.o                      12
    data_init.o                       40
    zero_init3.o                      64
    ------------------------------------------------------
    Total:                           200

shb_l.a: [5]
    exit.o                            20
    ------------------------------------------------------
    Total:                            20

    Gaps                              24
    Linker created                             36    1 024
----------------------------------------------------------
    Grand Total:                  16 436       60    5 018


*******************************************************************************
*** ENTRY LIST
***

Entry                      Address   Size  Type      Object
-----                      -------   ----  ----      ------
.iar.init_table$$Base   0x08003f10          --   Gb  - Linker created -
.iar.init_table$$Limit  0x08003f34          --   Gb  - Linker created -
?main                   0x08003f35         Code  Gb  cmain.o [4]
ADC1_2_IRQHandler       0x08003d99    0x6  Code  Gb  stm32f1xx_it.o [1]
ADCBuffer               0x20000410  0x400  Data  Gb  main.o [1]
ADC_ConversionStop_Disable
                        0x08002ea5   0x44  Code  Gb  stm32f1xx_hal_adc.o [1]
ADC_DMAConvCplt         0x08002ee9   0x48  Code  Gb  stm32f1xx_hal_adc.o [1]
ADC_DMAError            0x08002f39   0x16  Code  Gb  stm32f1xx_hal_adc.o [1]
ADC_DMAHalfConvCplt     0x08002f31    0x6  Code  Gb  stm32f1xx_hal_adc.o [1]
ADC_Enable              0x08002e0f   0x6a  Code  Gb  stm32f1xx_hal_adc.o [1]
AHBPrescTable           0x08003e6c   0x10  Data  Gb  system_stm32f1xx.o [1]
APBPrescTable           0x08003fa8    0x8  Data  Gb  system_stm32f1xx.o [1]
BSP_DAC5571_WriteValue  0x08003d1d   0x1a  Code  Gb  bsp_dac5571.o [1]
BSP_DriverBoardUsartReceive_IDLE
                        0x080032e9   0x20  Code  Gb  bsp_DataTransmissionLayer.o [1]
BSP_LeftDoorBoardUsartReceive_IDLE
                        0x08003309   0x20  Code  Gb  bsp_DataTransmissionLayer.o [1]
BSP_MotorAction         0x08002921   0x54  Code  Gb  bsp_motor.o [1]
BSP_MotorCheck          0x080028d3   0x4e  Code  Gb  bsp_motor.o [1]
BSP_MotorInit           0x08002801   0x32  Code  Gb  bsp_motor.o [1]
BSP_MotorRun            0x08002851   0x38  Code  Gb  bsp_motor.o [1]
BSP_MotorSpeedSet       0x080028c5    0xe  Code  Gb  bsp_motor.o [1]
BSP_MotorStop           0x080028a7   0x14  Code  Gb  bsp_motor.o [1]
BSP_SendByteToDriverBoard
                        0x0800335b   0x36  Code  Gb  bsp_DataTransmissionLayer.o [1]
BSP_SendDataToDriverBoard
                        0x08003391   0x36  Code  Gb  bsp_DataTransmissionLayer.o [1]
BusFault_Handler        0x08003d6f    0x2  Code  Gb  stm32f1xx_it.o [1]
CSTACK$$Base            0x20000fa0          --   Gb  - Linker created -
CSTACK$$Limit           0x200013a0          --   Gb  - Linker created -
DMA1_Channel1_IRQHandler
                        0x08003d87    0x6  Code  Gb  stm32f1xx_it.o [1]
DMA1_Channel5_IRQHandler
                        0x08003d8d    0x6  Code  Gb  stm32f1xx_it.o [1]
DMA1_Channel6_IRQHandler
                        0x08003d93    0x6  Code  Gb  stm32f1xx_it.o [1]
DMA_SetConfig           0x080019f1   0x22  Code  Lc  stm32f1xx_hal_dma.o [1]
DebugMon_Handler        0x08003d75    0x2  Code  Gb  stm32f1xx_it.o [1]
DigitalfloodInit        0x080029e3   0x18  Code  Gb  bsp_digitalfloodcontrol.o [1]
DriverBoardUsartType    0x20000810  0x204  Data  Gb  bsp_DataTransmissionLayer.o [1]
HAL_ADCEx_InjectedConvCpltCallback
                        0x08003d4d    0x2  Code  Wk  stm32f1xx_hal_adc_ex.o [1]
HAL_ADC_ConfigChannel   0x08002d13   0xe4  Code  Gb  stm32f1xx_hal_adc.o [1]
HAL_ADC_IRQHandler      0x08002c23   0xd8  Code  Gb  stm32f1xx_hal_adc.o [1]
HAL_ADC_Init            0x08002a05  0x110  Code  Gb  stm32f1xx_hal_adc.o [1]
HAL_ADC_MspInit         0x0800273d   0x6e  Code  Gb  adc.o [1]
HAL_ADC_Start_DMA       0x08002b29   0xfa  Code  Gb  stm32f1xx_hal_adc.o [1]
HAL_DMA_Abort           0x080016eb   0x32  Code  Gb  stm32f1xx_hal_dma.o [1]
HAL_DMA_Abort_IT        0x0800171d   0xdc  Code  Gb  stm32f1xx_hal_dma.o [1]
HAL_DMA_IRQHandler      0x080017f9  0x1b4  Code  Gb  stm32f1xx_hal_dma.o [1]
HAL_DMA_Init            0x080015f1   0x78  Code  Gb  stm32f1xx_hal_dma.o [1]
HAL_DMA_Start_IT        0x08001677   0x74  Code  Gb  stm32f1xx_hal_dma.o [1]
HAL_GPIO_Init           0x08001f09  0x196  Code  Gb  stm32f1xx_hal_gpio.o [1]
HAL_GPIO_ReadPin        0x0800209f    0xc  Code  Gb  stm32f1xx_hal_gpio.o [1]
HAL_GPIO_WritePin       0x080020ab    0xc  Code  Gb  stm32f1xx_hal_gpio.o [1]
HAL_GetTick             0x080015d5    0xc  Code  Wk  stm32f1xx_hal.o [1]
HAL_I2C_ER_IRQHandler   0x080005fb   0xc0  Code  Gb  stm32f1xx_hal_i2c.o [1]
HAL_I2C_EV_IRQHandler   0x080003c9  0x20e  Code  Gb  stm32f1xx_hal_i2c.o [1]
HAL_I2C_Init            0x08000131   0xdc  Code  Gb  stm32f1xx_hal_i2c.o [1]
HAL_I2C_Master_Transmit
                        0x08000229   0xa2  Code  Gb  stm32f1xx_hal_i2c.o [1]
HAL_I2C_MspInit         0x08001065   0x3a  Code  Gb  i2c.o [1]
HAL_IncTick             0x08003e11   0x10  Code  Wk  stm32f1xx_hal.o [1]
HAL_Init                0x08002135   0x20  Code  Gb  stm32f1xx_hal.o [1]
HAL_InitTick            0x080020f5   0x40  Code  Wk  stm32f1xx_hal.o [1]
HAL_MspInit             0x080035ad   0x88  Code  Gb  stm32f1xx_hal_msp.o [1]
HAL_NVIC_EnableIRQ      0x08003537    0xa  Code  Gb  stm32f1xx_hal_cortex.o [1]
HAL_NVIC_SetPriority    0x080034fd   0x3a  Code  Gb  stm32f1xx_hal_cortex.o [1]
HAL_NVIC_SetPriorityGrouping
                        0x080034e3   0x1a  Code  Gb  stm32f1xx_hal_cortex.o [1]
HAL_RCCEx_PeriphCLKConfig
                        0x080033dd   0xda  Code  Gb  stm32f1xx_hal_rcc_ex.o [1]
HAL_RCC_ClockConfig     0x0800140d  0x10c  Code  Gb  stm32f1xx_hal_rcc.o [1]
HAL_RCC_GetHCLKFreq     0x08001569    0x6  Code  Gb  stm32f1xx_hal_rcc.o [1]
HAL_RCC_GetPCLK1Freq    0x0800156f   0x10  Code  Gb  stm32f1xx_hal_rcc.o [1]
HAL_RCC_GetPCLK2Freq    0x0800157f    0xe  Code  Gb  stm32f1xx_hal_rcc.o [1]
HAL_RCC_GetSysClockFreq
                        0x0800152d   0x3c  Code  Gb  stm32f1xx_hal_rcc.o [1]
HAL_RCC_GetSysClockFreq::aPLLMULFactorTable
                        0x080015c0   0x10  Data  Lc  stm32f1xx_hal_rcc.o [1]
HAL_RCC_GetSysClockFreq::aPredivFactorTable
                        0x080015d0    0x2  Data  Lc  stm32f1xx_hal_rcc.o [1]
HAL_RCC_OscConfig       0x080010f1  0x314  Code  Gb  stm32f1xx_hal_rcc.o [1]
HAL_SPI_Init            0x08003c99   0x82  Code  Gb  stm32f1xx_hal_spi_ex.o [1]
HAL_SPI_MspInit         0x08002631   0x4e  Code  Gb  spi.o [1]
HAL_SYSTICK_CLKSourceConfig
                        0x08003573   0x1a  Code  Gb  stm32f1xx_hal_cortex.o [1]
HAL_SYSTICK_Config      0x0800354b   0x28  Code  Gb  stm32f1xx_hal_cortex.o [1]
HAL_SYSTICK_IRQHandler  0x080035a5    0x4  Code  Gb  stm32f1xx_hal_cortex.o [1]
HAL_TIMEx_BreakCallback
                        0x08003d59    0x2  Code  Wk  stm32f1xx_hal_tim_ex.o [1]
HAL_TIMEx_CommutationCallback
                        0x08003d5d    0x2  Code  Wk  stm32f1xx_hal_tim_ex.o [1]
HAL_TIMEx_MasterConfigSynchronization
                        0x08003635   0x4a  Code  Gb  stm32f1xx_hal_tim_ex.o [1]
HAL_TIM_Base_Init       0x08002f51   0x1a  Code  Gb  stm32f1xx_hal_tim.o [1]
HAL_TIM_Base_MspInit    0x08002387   0x64  Code  Gb  tim.o [1]
HAL_TIM_Base_Start_IT   0x08002f6b   0x16  Code  Gb  stm32f1xx_hal_tim.o [1]
HAL_TIM_Base_Stop_IT    0x08002f81   0x2e  Code  Gb  stm32f1xx_hal_tim.o [1]
HAL_TIM_ConfigClockSource
                        0x0800311b   0xac  Code  Gb  stm32f1xx_hal_tim.o [1]
HAL_TIM_IRQHandler      0x08002fd3  0x142  Code  Gb  stm32f1xx_hal_tim.o [1]
HAL_TIM_PeriodElapsedCallback
                        0x08001c47  0x1f6  Code  Gb  main.o [1]
HAL_UART_DMAStop        0x0800383d   0x48  Code  Gb  stm32f1xx_hal_uart.o [1]
HAL_UART_IRQHandler     0x0800389d  0x152  Code  Gb  stm32f1xx_hal_uart.o [1]
HAL_UART_Init           0x08003681   0x1e  Code  Gb  stm32f1xx_hal_uart.o [1]
HAL_UART_MspInit        0x080024a1   0xc8  Code  Gb  usart.o [1]
HAL_UART_Receive_DMA    0x080037ab   0x92  Code  Gb  stm32f1xx_hal_uart.o [1]
HAL_UART_Transmit       0x080036f9   0xaa  Code  Gb  stm32f1xx_hal_uart.o [1]
HardFault_Handler       0x08003d6b    0x2  Code  Gb  stm32f1xx_it.o [1]
I2C2_ER_IRQHandler      0x08003db1    0x6  Code  Gb  stm32f1xx_it.o [1]
I2C2_EV_IRQHandler      0x08003dab    0x6  Code  Gb  stm32f1xx_it.o [1]
I2C_DMAAbort            0x08000e35   0x50  Code  Lc  stm32f1xx_hal_i2c.o [1]
I2C_ITError             0x08000c45   0xde  Code  Lc  stm32f1xx_hal_i2c.o [1]
I2C_IsAcknowledgeFailed
                        0x08001003   0x28  Code  Lc  stm32f1xx_hal_i2c.o [1]
I2C_MasterReceive_BTF   0x080008d3   0x90  Code  Lc  stm32f1xx_hal_i2c.o [1]
I2C_MasterReceive_RXNE  0x0800081f   0x9c  Code  Lc  stm32f1xx_hal_i2c.o [1]
I2C_MasterRequestWrite  0x08000d51   0x7c  Code  Lc  stm32f1xx_hal_i2c.o [1]
I2C_MasterTransmit_BTF  0x08000783   0x48  Code  Lc  stm32f1xx_hal_i2c.o [1]
I2C_MasterTransmit_TXE  0x080006bb   0xc8  Code  Lc  stm32f1xx_hal_i2c.o [1]
I2C_Master_ADDR         0x08000989  0x12c  Code  Lc  stm32f1xx_hal_i2c.o [1]
I2C_Slave_AF            0x08000bcd   0x78  Code  Lc  stm32f1xx_hal_i2c.o [1]
I2C_Slave_STOPF         0x08000af1   0xd6  Code  Lc  stm32f1xx_hal_i2c.o [1]
I2C_WaitOnBTFFlagUntilTimeout
                        0x08000fa7   0x34  Code  Lc  stm32f1xx_hal_i2c.o [1]
I2C_WaitOnFlagUntilTimeout
                        0x08000e85   0x6c  Code  Lc  stm32f1xx_hal_i2c.o [1]
I2C_WaitOnMasterAddressFlagUntilTimeout
                        0x08000ef1   0x82  Code  Lc  stm32f1xx_hal_i2c.o [1]
I2C_WaitOnTXEFlagUntilTimeout
                        0x08000f73   0x34  Code  Lc  stm32f1xx_hal_i2c.o [1]
LeftDoorBoardUsartType  0x20000a14  0x204  Data  Gb  bsp_DataTransmissionLayer.o [1]
MX_ADC1_Init            0x080026cd   0x70  Code  Gb  adc.o [1]
MX_DMA_Init             0x08002239   0x20  Code  Gb  dma.o [1]
MX_GPIO_Init            0x08002159   0xc0  Code  Gb  gpio.o [1]
MX_I2C2_Init            0x0800102d   0x38  Code  Gb  i2c.o [1]
MX_NVIC_Init            0x08001b81   0xc6  Code  Lc  main.o [1]
MX_SPI1_Init            0x080025e9   0x48  Code  Gb  spi.o [1]
MX_TIM3_Init            0x08002259   0x3e  Code  Gb  tim.o [1]
MX_TIM4_Init            0x08002297   0x3a  Code  Gb  tim.o [1]
MX_TIM5_Init            0x080022ed   0x40  Code  Gb  tim.o [1]
MX_TIM6_Init            0x08002347   0x34  Code  Gb  tim.o [1]
MX_USART1_UART_Init     0x0800244d   0x16  Code  Gb  usart.o [1]
MX_USART2_UART_Init     0x08002463   0x16  Code  Gb  usart.o [1]
MemManage_Handler       0x08003d6d    0x2  Code  Gb  stm32f1xx_it.o [1]
NMI_Handler             0x08003d69    0x2  Code  Gb  stm32f1xx_it.o [1]
NVIC_SetPriority        0x080034c5   0x1e  Code  Lc  stm32f1xx_hal_cortex.o [1]
PendSV_Handler          0x08003d77    0x2  Code  Gb  stm32f1xx_it.o [1]
Region$$Table$$Base     0x08003f10          --   Gb  - Linker created -
Region$$Table$$Limit    0x08003f34          --   Gb  - Linker created -
SVC_Handler             0x08003d73    0x2  Code  Gb  stm32f1xx_it.o [1]
SettingVbaseValeFlag    0x20000f89    0x1  Data  Gb  bsp_digitalfloodcontrol.o [1]
SysTick_Handler         0x08003d79    0xe  Code  Gb  stm32f1xx_it.o [1]
SystemClock_Config      0x08001afb   0x86  Code  Gb  main.o [1]
SystemCoreClock         0x2000000c    0x4  Data  Gb  system_stm32f1xx.o [1]
SystemInit              0x08003e21   0x3a  Code  Gb  system_stm32f1xx.o [1]
TIM3_IRQHandler         0x08003d9f    0x6  Code  Gb  stm32f1xx_it.o [1]
TIM4_IRQHandler         0x08003da5    0x6  Code  Gb  stm32f1xx_it.o [1]
TIM5_IRQHandler         0x08003dd7    0x6  Code  Gb  stm32f1xx_it.o [1]
TIM6_IRQHandler         0x08003ddd    0x6  Code  Gb  stm32f1xx_it.o [1]
TIM_Base_SetConfig      0x080031f1   0x74  Code  Gb  stm32f1xx_hal_tim.o [1]
TIM_ETR_SetConfig       0x080032cf   0x14  Code  Lc  stm32f1xx_hal_tim.o [1]
TIM_ITRx_SetConfig      0x080032bf   0x10  Code  Lc  stm32f1xx_hal_tim.o [1]
TIM_TI1_ConfigInputStage
                        0x0800327d   0x1e  Code  Lc  stm32f1xx_hal_tim.o [1]
TIM_TI2_ConfigInputStage
                        0x0800329b   0x24  Code  Lc  stm32f1xx_hal_tim.o [1]
TiggerTimeCnt           0x20000f92    0x2  Data  Gb  bsp_digitalfloodcontrol.o [1]
TiggerTimeSum           0x20000f90    0x2  Data  Gb  bsp_digitalfloodcontrol.o [1]
UART_DMAAbortOnError    0x08003b0d    0xc  Code  Lc  stm32f1xx_hal_uart.o [1]
UART_DMAError           0x08003a31   0x4a  Code  Lc  stm32f1xx_hal_uart.o [1]
UART_DMAReceiveCplt     0x080039f1   0x38  Code  Lc  stm32f1xx_hal_uart.o [1]
UART_DMARxHalfCplt      0x08003a29    0x6  Code  Lc  stm32f1xx_hal_uart.o [1]
UART_EndRxTransfer      0x08003af1   0x1c  Code  Lc  stm32f1xx_hal_uart.o [1]
UART_EndTxTransfer      0x08003adf   0x12  Code  Lc  stm32f1xx_hal_uart.o [1]
UART_Receive_IT         0x08003b19   0x96  Code  Lc  stm32f1xx_hal_uart.o [1]
UART_SetConfig          0x08003baf   0xde  Code  Lc  stm32f1xx_hal_uart.o [1]
UART_WaitOnFlagUntilTimeout
                        0x08003a7b   0x56  Code  Lc  stm32f1xx_hal_uart.o [1]
USART1_IRQHandler       0x08003db7    0xc  Code  Gb  stm32f1xx_it.o [1]
USART2_IRQHandler       0x08003dc3    0xa  Code  Gb  stm32f1xx_it.o [1]
UpdateVbaseValue        0x0800299d   0x46  Code  Gb  bsp_digitalfloodcontrol.o [1]
UsageFault_Handler      0x08003d71    0x2  Code  Gb  stm32f1xx_it.o [1]
Vadcdata                0x20000f60    0x4  Data  Gb  main.o [1]
Vbase                   0x20000f8a    0x2  Data  Gb  bsp_digitalfloodcontrol.o [1]
VbaseBuffer             0x20000010  0x400  Data  Gb  bsp_digitalfloodcontrol.o [1]
VbaseCnt                0x20000f94    0x2  Data  Gb  bsp_digitalfloodcontrol.o [1]
Vdelta                  0x20000f98    0x2  Data  Gb  bsp_digitalfloodcontrol.o [1]
Vnormal                 0x20000f8c    0x2  Data  Gb  bsp_digitalfloodcontrol.o [1]
Vnormalt                0x20000f8e    0x2  Data  Gb  bsp_digitalfloodcontrol.o [1]
Vthreshold              0x20000f88    0x1  Data  Gb  bsp_digitalfloodcontrol.o [1]
_Error_Handler          0x08001f05    0x2  Code  Gb  main.o [1]
__cmain                 0x08003f35         Code  Gb  cmain.o [4]
__exit                  0x08003f69   0x14  Code  Gb  exit.o [5]
__iar_copy_init3        0x08003ebd   0x2c  Code  Gb  copy_init3.o [4]
__iar_data_init3        0x08003ee9   0x28  Code  Gb  data_init.o [4]
__iar_program_start     0x08003f9d         Code  Gb  cstartup_M.o [4]
__iar_systems$$module {Abs}
                        0x00000001         Data  Gb  command line/config [2]
__iar_zero_init3        0x08003e7d   0x40  Code  Gb  zero_init3.o [4]
__low_level_init        0x08003f53    0x4  Code  Gb  low_level_init.o [3]
__vector_table          0x08000000         Data  Gb  startup_stm32f103xe.o [1]
_call_main              0x08003f41         Code  Gb  cmain.o [4]
_exit                   0x08003f5d         Code  Gb  cexit.o [4]
_main                   0x08003f4f         Code  Gb  cmain.o [4]
bsp_GpioStructInit      0x08001e95   0x28  Code  Gb  main.o [1]
bsp_SendCarEnterFlag    0x08001e3d   0x14  Code  Gb  main.o [1]
bsp_SendCarEnterTimeroutFlag
                        0x08001e51   0x12  Code  Gb  main.o [1]
exit                    0x08003f57    0x4  Code  Gb  exit.o [3]
gBarFirstArriveClosedPosionFlag
                        0x20000f80    0x1  Data  Gb  main.o [1]
gBarFirstArriveOpenedPosinFlag
                        0x20000f7f    0x1  Data  Gb  main.o [1]
gCarEnteredFlag         0x20000f82    0x1  Data  Gb  main.o [1]
gGentleSensorGpio       0x20000f64    0x8  Data  Gb  main.o [1]
gHorGpio                0x20000f6c    0x8  Data  Gb  main.o [1]
gLogTimerCnt            0x20000f5c    0x4  Data  Gb  main.o [1]
gLogTimerFlag           0x20000f7c    0x1  Data  Gb  main.o [1]
gMotorMachine           0x20000f40   0x18  Data  Gb  main.o [1]
gOpenBarTimeoutFlag     0x20000f7d    0x1  Data  Gb  main.o [1]
gOpenBarTimerCnt        0x20000f84    0x4  Data  Gb  main.o [1]
gOpenBarTimerFlag       0x20000f7e    0x1  Data  Gb  main.o [1]
gOpenFlag               0x20000f81    0x1  Data  Gb  main.o [1]
gOpenSpeedTimerCnt      0x20000f59    0x1  Data  Gb  main.o [1]
gOpenSpeedTimerFlag     0x20000f58    0x1  Data  Gb  main.o [1]
gVerGpio                0x20000f74    0x8  Data  Gb  main.o [1]
hadc1                   0x20000f10   0x30  Data  Gb  adc.o [1]
hdma_adc1               0x20000d4c   0x44  Data  Gb  adc.o [1]
hdma_usart1_rx          0x20000c18   0x44  Data  Gb  usart.o [1]
hdma_usart2_rx          0x20000c5c   0x44  Data  Gb  usart.o [1]
hi2c2                   0x20000cf8   0x54  Data  Gb  i2c.o [1]
hspi1                   0x20000ca0   0x58  Data  Gb  spi.o [1]
htim3                   0x20000d90   0x40  Data  Gb  tim.o [1]
htim4                   0x20000dd0   0x40  Data  Gb  tim.o [1]
htim5                   0x20000e10   0x40  Data  Gb  tim.o [1]
htim6                   0x20000e50   0x40  Data  Gb  tim.o [1]
huart1                  0x20000e90   0x40  Data  Gb  usart.o [1]
huart2                  0x20000ed0   0x40  Data  Gb  usart.o [1]
main                    0x08001a19   0xe2  Code  Gb  main.o [1]
uwTick                  0x20000004    0x4  Data  Gb  stm32f1xx_hal.o [1]
uwTickFreq              0x20000000    0x1  Data  Gb  stm32f1xx_hal.o [1]
uwTickPrio              0x20000008    0x4  Data  Gb  stm32f1xx_hal.o [1]
writebuffer             0x20000f96    0x2  Data  Lc  bsp_dac5571.o [1]


[1] = E:\Users\bertz\Documents\GitHub\BSPv2.2\BSPv2.2\EWARM\BSPv2.2\Obj
[2] = command line
[3] = dl7M_tlf.a
[4] = rt7M_tl.a
[5] = shb_l.a

  16 436 bytes of readonly  code memory
      60 bytes of readonly  data memory
   5 018 bytes of readwrite data memory

Errors: none
Warnings: none
