###############################################################################
#
# IAR ELF Linker V8.22.1.15669/W32 for ARM                12/Apr/2018  16:50:22
# Copyright 2007-2018 IAR Systems AB.
#
#    Output file  =  
#        C:\Users\bertz\Desktop\BSPv2.2\BSPv2.2\EWARM\BSPv2.2\Exe\BSPv2.2.out
#    Map file     =  
#        C:\Users\bertz\Desktop\BSPv2.2\BSPv2.2\EWARM\BSPv2.2\List\BSPv2.2.map
#    Command line =  
#        -f C:\Users\bertz\AppData\Local\Temp\EWCC06.tmp
#        (C:\Users\bertz\Desktop\BSPv2.2\BSPv2.2\EWARM\BSPv2.2\Obj\adc.o
#        C:\Users\bertz\Desktop\BSPv2.2\BSPv2.2\EWARM\BSPv2.2\Obj\bsp_digitalfloodcontrol.o
#        C:\Users\bertz\Desktop\BSPv2.2\BSPv2.2\EWARM\BSPv2.2\Obj\dma.o
#        C:\Users\bertz\Desktop\BSPv2.2\BSPv2.2\EWARM\BSPv2.2\Obj\gpio.o
#        C:\Users\bertz\Desktop\BSPv2.2\BSPv2.2\EWARM\BSPv2.2\Obj\i2c.o
#        C:\Users\bertz\Desktop\BSPv2.2\BSPv2.2\EWARM\BSPv2.2\Obj\main.o
#        C:\Users\bertz\Desktop\BSPv2.2\BSPv2.2\EWARM\BSPv2.2\Obj\spi.o
#        C:\Users\bertz\Desktop\BSPv2.2\BSPv2.2\EWARM\BSPv2.2\Obj\startup_stm32f103xe.o
#        C:\Users\bertz\Desktop\BSPv2.2\BSPv2.2\EWARM\BSPv2.2\Obj\stm32f1xx_hal.o
#        C:\Users\bertz\Desktop\BSPv2.2\BSPv2.2\EWARM\BSPv2.2\Obj\stm32f1xx_hal_adc.o
#        C:\Users\bertz\Desktop\BSPv2.2\BSPv2.2\EWARM\BSPv2.2\Obj\stm32f1xx_hal_adc_ex.o
#        C:\Users\bertz\Desktop\BSPv2.2\BSPv2.2\EWARM\BSPv2.2\Obj\stm32f1xx_hal_cortex.o
#        C:\Users\bertz\Desktop\BSPv2.2\BSPv2.2\EWARM\BSPv2.2\Obj\stm32f1xx_hal_dma.o
#        C:\Users\bertz\Desktop\BSPv2.2\BSPv2.2\EWARM\BSPv2.2\Obj\stm32f1xx_hal_flash.o
#        C:\Users\bertz\Desktop\BSPv2.2\BSPv2.2\EWARM\BSPv2.2\Obj\stm32f1xx_hal_flash_ex.o
#        C:\Users\bertz\Desktop\BSPv2.2\BSPv2.2\EWARM\BSPv2.2\Obj\stm32f1xx_hal_gpio.o
#        C:\Users\bertz\Desktop\BSPv2.2\BSPv2.2\EWARM\BSPv2.2\Obj\stm32f1xx_hal_gpio_ex.o
#        C:\Users\bertz\Desktop\BSPv2.2\BSPv2.2\EWARM\BSPv2.2\Obj\stm32f1xx_hal_i2c.o
#        C:\Users\bertz\Desktop\BSPv2.2\BSPv2.2\EWARM\BSPv2.2\Obj\stm32f1xx_hal_msp.o
#        C:\Users\bertz\Desktop\BSPv2.2\BSPv2.2\EWARM\BSPv2.2\Obj\stm32f1xx_hal_pwr.o
#        C:\Users\bertz\Desktop\BSPv2.2\BSPv2.2\EWARM\BSPv2.2\Obj\stm32f1xx_hal_rcc.o
#        C:\Users\bertz\Desktop\BSPv2.2\BSPv2.2\EWARM\BSPv2.2\Obj\stm32f1xx_hal_rcc_ex.o
#        C:\Users\bertz\Desktop\BSPv2.2\BSPv2.2\EWARM\BSPv2.2\Obj\stm32f1xx_hal_spi.o
#        C:\Users\bertz\Desktop\BSPv2.2\BSPv2.2\EWARM\BSPv2.2\Obj\stm32f1xx_hal_spi_ex.o
#        C:\Users\bertz\Desktop\BSPv2.2\BSPv2.2\EWARM\BSPv2.2\Obj\stm32f1xx_hal_tim.o
#        C:\Users\bertz\Desktop\BSPv2.2\BSPv2.2\EWARM\BSPv2.2\Obj\stm32f1xx_hal_tim_ex.o
#        C:\Users\bertz\Desktop\BSPv2.2\BSPv2.2\EWARM\BSPv2.2\Obj\stm32f1xx_hal_uart.o
#        C:\Users\bertz\Desktop\BSPv2.2\BSPv2.2\EWARM\BSPv2.2\Obj\stm32f1xx_it.o
#        C:\Users\bertz\Desktop\BSPv2.2\BSPv2.2\EWARM\BSPv2.2\Obj\system_stm32f1xx.o
#        C:\Users\bertz\Desktop\BSPv2.2\BSPv2.2\EWARM\BSPv2.2\Obj\tim.o
#        C:\Users\bertz\Desktop\BSPv2.2\BSPv2.2\EWARM\BSPv2.2\Obj\usart.o
#        --redirect _Printf=_PrintfFull --redirect _Scanf=_ScanfFull -o
#        C:\Users\bertz\Desktop\BSPv2.2\BSPv2.2\EWARM\BSPv2.2\Exe\BSPv2.2.out
#        --map
#        C:\Users\bertz\Desktop\BSPv2.2\BSPv2.2\EWARM\BSPv2.2\List\BSPv2.2.map
#        --config
#        C:\Users\bertz\Desktop\BSPv2.2\BSPv2.2\EWARM/stm32f103xe_flash.icf
#        --semihosting --entry __iar_program_start --vfe --text_out locale)
#
###############################################################################

*******************************************************************************
*** RUNTIME MODEL ATTRIBUTES
***

CppFlavor       = *
__SystemLibrary = DLib
__dlib_version  = 6


*******************************************************************************
*** HEAP SELECTION
***

The basic heap was selected because no calls to memory allocation
functions were found in the application outside of system library
functions, and there are calls to deallocation functions in the
application.


*******************************************************************************
*** PLACEMENT SUMMARY
***

"A0":  place at 0x08000000 { ro section .intvec };
"P1":  place in [from 0x08000000 to 0x0807ffff] { ro };
define block CSTACK with size = 1K, alignment = 8 { };
define block HEAP with size = 512, alignment = 8 { };
"P2":  place in [from 0x20000000 to 0x2000ffff] {
          rw, block CSTACK, block HEAP };
initialize by copy { rw };

  Section            Kind        Address    Size  Object
  -------            ----        -------    ----  ------
"A0":                                      0x130
  .intvec            ro code  0x08000000   0x130  startup_stm32f103xe.o [1]
                            - 0x08000130   0x130

"P1":                                     0x2ecc
  .text              ro code  0x08000130   0xb10  stm32f1xx_hal_i2c.o [1]
  .text              ro code  0x08000c40    0xbc  i2c.o [1]
  .text              ro code  0x08000cfc   0x4e2  stm32f1xx_hal_rcc.o [1]
  .text              ro code  0x080011de     0x2  stm32f1xx_hal_i2c.o [1]
  .text              ro code  0x080011e0     0x2  stm32f1xx_hal_i2c.o [1]
  .text              ro code  0x080011e2     0x2  stm32f1xx_hal_i2c.o [1]
  .text              ro code  0x080011e4     0x2  stm32f1xx_hal_i2c.o [1]
  .text              ro code  0x080011e6     0x2  stm32f1xx_hal_i2c.o [1]
  .text              ro code  0x080011e8     0x2  stm32f1xx_hal_i2c.o [1]
  .text              ro code  0x080011ea     0x2  stm32f1xx_hal_i2c.o [1]
  .text              ro code  0x080011ec     0x2  stm32f1xx_hal_i2c.o [1]
  .text              ro code  0x080011f0   0x35c  stm32f1xx_hal_dma.o [1]
  .text              ro code  0x0800154c     0x2  stm32f1xx_hal_i2c.o [1]
  .text              ro code  0x0800154e     0x2  stm32f1xx_hal_i2c.o [1]
  .text              ro code  0x08001550   0x18a  main.o [1]
  .text              ro code  0x080016dc   0x1e0  stm32f1xx_hal_gpio.o [1]
  .text              ro code  0x080018bc     0xc  stm32f1xx_hal.o [1]
  .text              ro code  0x080018c8    0x40  stm32f1xx_hal.o [1]
  .text              ro code  0x08001908    0x24  stm32f1xx_hal.o [1]
  .text              ro code  0x0800192c    0xde  gpio.o [1]
  .text              ro code  0x08001a0c    0x20  dma.o [1]
  .text              ro code  0x08001a2c   0x1cc  tim.o [1]
  .text              ro code  0x08001bf8   0x194  usart.o [1]
  .text              ro code  0x08001d8c    0xdc  spi.o [1]
  .text              ro code  0x08001e68   0x12c  adc.o [1]
  .text              ro code  0x08001f94    0xe8  stm32f1xx_hal_rcc_ex.o [1]
  .text              ro code  0x0800207c    0xe6  stm32f1xx_hal_cortex.o [1]
  .text              ro code  0x08002164    0x88  stm32f1xx_hal_msp.o [1]
  .text              ro code  0x080021ec   0x354  stm32f1xx_hal_tim.o [1]
  .text              ro code  0x08002540    0x4a  stm32f1xx_hal_tim_ex.o [1]
  .text              ro code  0x0800258c   0x380  stm32f1xx_hal_uart.o [1]
  .text              ro code  0x0800290c    0x82  stm32f1xx_hal_spi_ex.o [1]
  .text              ro code  0x08002990   0x35c  stm32f1xx_hal_adc.o [1]
  .text              ro code  0x08002cec     0x2  stm32f1xx_hal_tim.o [1]
  .text              ro code  0x08002cee     0x2  stm32f1xx_hal_tim.o [1]
  .text              ro code  0x08002cf0     0x2  stm32f1xx_hal_tim.o [1]
  .text              ro code  0x08002cf2     0x2  stm32f1xx_hal_tim_ex.o [1]
  .text              ro code  0x08002cf4     0x2  stm32f1xx_hal_tim.o [1]
  .text              ro code  0x08002cf6     0x2  stm32f1xx_hal_tim_ex.o [1]
  .text              ro code  0x08002cf8     0x2  stm32f1xx_hal_tim.o [1]
  .text              ro code  0x08002cfa     0x2  stm32f1xx_hal_uart.o [1]
  .text              ro code  0x08002cfc     0x2  stm32f1xx_hal_uart.o [1]
  .text              ro code  0x08002cfe     0x2  stm32f1xx_hal_uart.o [1]
  .text              ro code  0x08002d00     0x2  stm32f1xx_hal_adc.o [1]
  .text              ro code  0x08002d04     0x2  stm32f1xx_hal_adc_ex.o [1]
  .text              ro code  0x08002d06     0x2  stm32f1xx_hal_adc.o [1]
  .text              ro code  0x08002d08    0x94  stm32f1xx_it.o [1]
  .text              ro code  0x08002d9c    0x10  stm32f1xx_hal.o [1]
  .text              ro code  0x08002dac    0x5c  system_stm32f1xx.o [1]
  .text              ro code  0x08002e08    0x40  zero_init3.o [4]
  .text              ro code  0x08002e48    0x2c  copy_init3.o [4]
  .text              ro code  0x08002e74    0x28  data_init.o [4]
  .iar.init_table    const    0x08002e9c    0x24  - Linker created -
  .text              ro code  0x08002ec0    0x1e  cmain.o [4]
  .text              ro code  0x08002ede     0x4  low_level_init.o [3]
  .text              ro code  0x08002ee2     0x4  exit.o [3]
  .text              ro code  0x08002ee8     0xa  cexit.o [4]
  .text              ro code  0x08002ef4    0x14  exit.o [5]
  .text              ro code  0x08002f08    0x10  startup_stm32f103xe.o [1]
  Initializer bytes  const    0x08002f18    0x10  <for P2-1>
  .text              ro code  0x08002f28     0xc  cstartup_M.o [4]
  .rodata            const    0x08002f34     0x8  system_stm32f1xx.o [1]
  .text              ro code  0x08002f3c     0x4  startup_stm32f103xe.o [1]
  .text              ro code  0x08002f40     0x4  startup_stm32f103xe.o [1]
  .text              ro code  0x08002f44     0x4  startup_stm32f103xe.o [1]
  .text              ro code  0x08002f48     0x4  startup_stm32f103xe.o [1]
  .text              ro code  0x08002f4c     0x4  startup_stm32f103xe.o [1]
  .text              ro code  0x08002f50     0x4  startup_stm32f103xe.o [1]
  .text              ro code  0x08002f54     0x4  startup_stm32f103xe.o [1]
  .text              ro code  0x08002f58     0x4  startup_stm32f103xe.o [1]
  .text              ro code  0x08002f5c     0x4  startup_stm32f103xe.o [1]
  .text              ro code  0x08002f60     0x4  startup_stm32f103xe.o [1]
  .text              ro code  0x08002f64     0x4  startup_stm32f103xe.o [1]
  .text              ro code  0x08002f68     0x4  startup_stm32f103xe.o [1]
  .text              ro code  0x08002f6c     0x4  startup_stm32f103xe.o [1]
  .text              ro code  0x08002f70     0x4  startup_stm32f103xe.o [1]
  .text              ro code  0x08002f74     0x4  startup_stm32f103xe.o [1]
  .text              ro code  0x08002f78     0x4  startup_stm32f103xe.o [1]
  .text              ro code  0x08002f7c     0x4  startup_stm32f103xe.o [1]
  .text              ro code  0x08002f80     0x4  startup_stm32f103xe.o [1]
  .text              ro code  0x08002f84     0x4  startup_stm32f103xe.o [1]
  .text              ro code  0x08002f88     0x4  startup_stm32f103xe.o [1]
  .text              ro code  0x08002f8c     0x4  startup_stm32f103xe.o [1]
  .text              ro code  0x08002f90     0x4  startup_stm32f103xe.o [1]
  .text              ro code  0x08002f94     0x4  startup_stm32f103xe.o [1]
  .text              ro code  0x08002f98     0x4  startup_stm32f103xe.o [1]
  .text              ro code  0x08002f9c     0x4  startup_stm32f103xe.o [1]
  .text              ro code  0x08002fa0     0x4  startup_stm32f103xe.o [1]
  .text              ro code  0x08002fa4     0x4  startup_stm32f103xe.o [1]
  .text              ro code  0x08002fa8     0x4  startup_stm32f103xe.o [1]
  .text              ro code  0x08002fac     0x4  startup_stm32f103xe.o [1]
  .text              ro code  0x08002fb0     0x4  startup_stm32f103xe.o [1]
  .text              ro code  0x08002fb4     0x4  startup_stm32f103xe.o [1]
  .text              ro code  0x08002fb8     0x4  startup_stm32f103xe.o [1]
  .text              ro code  0x08002fbc     0x4  startup_stm32f103xe.o [1]
  .text              ro code  0x08002fc0     0x4  startup_stm32f103xe.o [1]
  .text              ro code  0x08002fc4     0x4  startup_stm32f103xe.o [1]
  .text              ro code  0x08002fc8     0x4  startup_stm32f103xe.o [1]
  .text              ro code  0x08002fcc     0x4  startup_stm32f103xe.o [1]
  .text              ro code  0x08002fd0     0x4  startup_stm32f103xe.o [1]
  .text              ro code  0x08002fd4     0x4  startup_stm32f103xe.o [1]
  .text              ro code  0x08002fd8     0x4  startup_stm32f103xe.o [1]
  .text              ro code  0x08002fdc     0x4  startup_stm32f103xe.o [1]
  .text              ro code  0x08002fe0     0x4  startup_stm32f103xe.o [1]
  .text              ro code  0x08002fe4     0x4  startup_stm32f103xe.o [1]
  .text              ro code  0x08002fe8     0x4  startup_stm32f103xe.o [1]
  .text              ro code  0x08002fec     0x4  startup_stm32f103xe.o [1]
  .text              ro code  0x08002ff0     0x4  startup_stm32f103xe.o [1]
  .text              ro code  0x08002ff4     0x4  startup_stm32f103xe.o [1]
  .text              ro code  0x08002ff8     0x4  startup_stm32f103xe.o [1]
  .rodata            const    0x08002ffc     0x0  zero_init3.o [4]
  .rodata            const    0x08002ffc     0x0  copy_init3.o [4]
                            - 0x08002ffc  0x2ecc

"P2", part 1 of 3:                          0x10
  P2-1                        0x20000000    0x10  <Init block>
    .data            inited   0x20000000     0xc  stm32f1xx_hal.o [1]
    .data            inited   0x2000000c     0x4  system_stm32f1xx.o [1]
                            - 0x20000010    0x10

"P2", part 2 of 3:                         0x328
  .bss               zero     0x20000010    0x88  usart.o [1]
  .bss               zero     0x20000098    0x58  spi.o [1]
  .bss               zero     0x200000f0    0x54  i2c.o [1]
  .bss               zero     0x20000144    0x44  adc.o [1]
  .bss               zero     0x20000188    0x40  tim.o [1]
  .bss               zero     0x200001c8    0x40  tim.o [1]
  .bss               zero     0x20000208    0x40  tim.o [1]
  .bss               zero     0x20000248    0x40  tim.o [1]
  .bss               zero     0x20000288    0x40  usart.o [1]
  .bss               zero     0x200002c8    0x40  usart.o [1]
  .bss               zero     0x20000308    0x30  adc.o [1]
                            - 0x20000338   0x328

"P2", part 3 of 3:                         0x400
  CSTACK                      0x20000338   0x400  <Block>
    CSTACK           uninit   0x20000338   0x400  <Block tail>
                            - 0x20000738   0x400


*******************************************************************************
*** INIT TABLE
***

          Address     Size
          -------     ----
Zero (__iar_zero_init3)
    1 destination range, total size 0x328:
          0x20000010  0x328

Copy (__iar_copy_init3)
    1 source range, total size 0x10:
          0x08002f18   0x10
    1 destination range, total size 0x10:
          0x20000000   0x10



*******************************************************************************
*** MODULE SUMMARY
***

    Module                  ro code  ro data  rw data
    ------                  -------  -------  -------
C:\Users\bertz\Desktop\BSPv2.2\BSPv2.2\EWARM\BSPv2.2\Obj: [1]
    adc.o                       300               116
    dma.o                        32
    gpio.o                      222
    i2c.o                       188                84
    main.o                      394
    spi.o                       220                88
    startup_stm32f103xe.o       512
    stm32f1xx_hal.o             128       12       12
    stm32f1xx_hal_adc.o         864
    stm32f1xx_hal_adc_ex.o        2
    stm32f1xx_hal_cortex.o      230
    stm32f1xx_hal_dma.o         860
    stm32f1xx_hal_gpio.o        480
    stm32f1xx_hal_i2c.o       2 852
    stm32f1xx_hal_msp.o         136
    stm32f1xx_hal_rcc.o       1 250
    stm32f1xx_hal_rcc_ex.o      232
    stm32f1xx_hal_spi_ex.o      130
    stm32f1xx_hal_tim.o         862
    stm32f1xx_hal_tim_ex.o       78
    stm32f1xx_hal_uart.o        902
    stm32f1xx_it.o              148
    system_stm32f1xx.o           92       12        4
    tim.o                       460               256
    usart.o                     404               264
    -------------------------------------------------
    Total:                   11 978       24      824

command line: [2]
    -------------------------------------------------
    Total:

dl7M_tlf.a: [3]
    exit.o                        4
    low_level_init.o              4
    -------------------------------------------------
    Total:                        8

rt7M_tl.a: [4]
    cexit.o                      10
    cmain.o                      30
    copy_init3.o                 44
    cstartup_M.o                 12
    data_init.o                  40
    zero_init3.o                 64
    -------------------------------------------------
    Total:                      200

shb_l.a: [5]
    exit.o                       20
    -------------------------------------------------
    Total:                       20

    Gaps                         18
    Linker created                        36    1 024
-----------------------------------------------------
    Grand Total:             12 224       60    1 848


*******************************************************************************
*** ENTRY LIST
***

Entry                      Address   Size  Type      Object
-----                      -------   ----  ----      ------
.iar.init_table$$Base   0x08002e9c          --   Gb  - Linker created -
.iar.init_table$$Limit  0x08002ec0          --   Gb  - Linker created -
?main                   0x08002ec1         Code  Gb  cmain.o [4]
ADC1_2_IRQHandler       0x08002d39    0x6  Code  Gb  stm32f1xx_it.o [1]
ADC_ConversionStop_Disable
                        0x08002ca9   0x44  Code  Gb  stm32f1xx_hal_adc.o [1]
AHBPrescTable           0x08002df8   0x10  Data  Gb  system_stm32f1xx.o [1]
APBPrescTable           0x08002f34    0x8  Data  Gb  system_stm32f1xx.o [1]
BusFault_Handler        0x08002d0f    0x2  Code  Gb  stm32f1xx_it.o [1]
CSTACK$$Base            0x20000338          --   Gb  - Linker created -
CSTACK$$Limit           0x20000738          --   Gb  - Linker created -
DMA1_Channel1_IRQHandler
                        0x08002d27    0x6  Code  Gb  stm32f1xx_it.o [1]
DMA1_Channel5_IRQHandler
                        0x08002d2d    0x6  Code  Gb  stm32f1xx_it.o [1]
DMA1_Channel6_IRQHandler
                        0x08002d33    0x6  Code  Gb  stm32f1xx_it.o [1]
DebugMon_Handler        0x08002d15    0x2  Code  Gb  stm32f1xx_it.o [1]
HAL_ADCEx_InjectedConvCpltCallback
                        0x08002d05    0x2  Code  Wk  stm32f1xx_hal_adc_ex.o [1]
HAL_ADC_ConfigChannel   0x08002b91   0xe4  Code  Gb  stm32f1xx_hal_adc.o [1]
HAL_ADC_IRQHandler      0x08002aa1   0xd8  Code  Gb  stm32f1xx_hal_adc.o [1]
HAL_ADC_Init            0x08002991  0x110  Code  Gb  stm32f1xx_hal_adc.o [1]
HAL_ADC_MspInit         0x08001ed9   0x6e  Code  Gb  adc.o [1]
HAL_DMA_Abort_IT        0x08001277   0xdc  Code  Gb  stm32f1xx_hal_dma.o [1]
HAL_DMA_IRQHandler      0x08001353  0x1b4  Code  Gb  stm32f1xx_hal_dma.o [1]
HAL_DMA_Init            0x080011f1   0x78  Code  Gb  stm32f1xx_hal_dma.o [1]
HAL_GPIO_Init           0x080016dd  0x196  Code  Gb  stm32f1xx_hal_gpio.o [1]
HAL_GPIO_WritePin       0x08001873    0xc  Code  Gb  stm32f1xx_hal_gpio.o [1]
HAL_GetTick             0x080018bd    0xc  Code  Wk  stm32f1xx_hal.o [1]
HAL_I2C_ER_IRQHandler   0x08000473   0xc0  Code  Gb  stm32f1xx_hal_i2c.o [1]
HAL_I2C_EV_IRQHandler   0x08000241  0x20e  Code  Gb  stm32f1xx_hal_i2c.o [1]
HAL_I2C_Init            0x08000131   0xdc  Code  Gb  stm32f1xx_hal_i2c.o [1]
HAL_I2C_MspInit         0x08000c79   0x3a  Code  Gb  i2c.o [1]
HAL_IncTick             0x08002d9d   0x10  Code  Wk  stm32f1xx_hal.o [1]
HAL_Init                0x08001909   0x20  Code  Gb  stm32f1xx_hal.o [1]
HAL_InitTick            0x080018c9   0x40  Code  Wk  stm32f1xx_hal.o [1]
HAL_MspInit             0x08002165   0x88  Code  Gb  stm32f1xx_hal_msp.o [1]
HAL_NVIC_EnableIRQ      0x080020ef    0xa  Code  Gb  stm32f1xx_hal_cortex.o [1]
HAL_NVIC_SetPriority    0x080020b5   0x3a  Code  Gb  stm32f1xx_hal_cortex.o [1]
HAL_NVIC_SetPriorityGrouping
                        0x0800209b   0x1a  Code  Gb  stm32f1xx_hal_cortex.o [1]
HAL_RCCEx_PeriphCLKConfig
                        0x08001f95   0xda  Code  Gb  stm32f1xx_hal_rcc_ex.o [1]
HAL_RCC_ClockConfig     0x08001019  0x10c  Code  Gb  stm32f1xx_hal_rcc.o [1]
HAL_RCC_GetHCLKFreq     0x08001175    0x6  Code  Gb  stm32f1xx_hal_rcc.o [1]
HAL_RCC_GetPCLK1Freq    0x0800117b   0x10  Code  Gb  stm32f1xx_hal_rcc.o [1]
HAL_RCC_GetPCLK2Freq    0x0800118b    0xe  Code  Gb  stm32f1xx_hal_rcc.o [1]
HAL_RCC_GetSysClockFreq
                        0x08001139   0x3c  Code  Gb  stm32f1xx_hal_rcc.o [1]
HAL_RCC_GetSysClockFreq::aPLLMULFactorTable
                        0x080011cc   0x10  Data  Lc  stm32f1xx_hal_rcc.o [1]
HAL_RCC_GetSysClockFreq::aPredivFactorTable
                        0x080011dc    0x2  Data  Lc  stm32f1xx_hal_rcc.o [1]
HAL_RCC_OscConfig       0x08000cfd  0x314  Code  Gb  stm32f1xx_hal_rcc.o [1]
HAL_SPI_Init            0x0800290d   0x82  Code  Gb  stm32f1xx_hal_spi_ex.o [1]
HAL_SPI_MspInit         0x08001dd5   0x4e  Code  Gb  spi.o [1]
HAL_SYSTICK_CLKSourceConfig
                        0x0800212b   0x1a  Code  Gb  stm32f1xx_hal_cortex.o [1]
HAL_SYSTICK_Config      0x08002103   0x28  Code  Gb  stm32f1xx_hal_cortex.o [1]
HAL_SYSTICK_IRQHandler  0x0800215d    0x4  Code  Gb  stm32f1xx_hal_cortex.o [1]
HAL_TIMEx_BreakCallback
                        0x08002cf3    0x2  Code  Wk  stm32f1xx_hal_tim_ex.o [1]
HAL_TIMEx_CommutationCallback
                        0x08002cf7    0x2  Code  Wk  stm32f1xx_hal_tim_ex.o [1]
HAL_TIMEx_MasterConfigSynchronization
                        0x08002541   0x4a  Code  Gb  stm32f1xx_hal_tim_ex.o [1]
HAL_TIM_Base_Init       0x080021ed   0x1a  Code  Gb  stm32f1xx_hal_tim.o [1]
HAL_TIM_Base_MspInit    0x08001b3d   0x64  Code  Gb  tim.o [1]
HAL_TIM_ConfigClockSource
                        0x08002373   0xac  Code  Gb  stm32f1xx_hal_tim.o [1]
HAL_TIM_IRQHandler      0x0800222b  0x142  Code  Gb  stm32f1xx_hal_tim.o [1]
HAL_UART_IRQHandler     0x08002611  0x152  Code  Gb  stm32f1xx_hal_uart.o [1]
HAL_UART_Init           0x0800258d   0x1e  Code  Gb  stm32f1xx_hal_uart.o [1]
HAL_UART_MspInit        0x08001c4d   0xc8  Code  Gb  usart.o [1]
HardFault_Handler       0x08002d0b    0x2  Code  Gb  stm32f1xx_it.o [1]
I2C2_ER_IRQHandler      0x08002d51    0x6  Code  Gb  stm32f1xx_it.o [1]
I2C2_EV_IRQHandler      0x08002d4b    0x6  Code  Gb  stm32f1xx_it.o [1]
I2C_DMAAbort            0x08000bf1   0x50  Code  Lc  stm32f1xx_hal_i2c.o [1]
I2C_ITError             0x08000ab9   0xde  Code  Lc  stm32f1xx_hal_i2c.o [1]
I2C_MasterReceive_BTF   0x08000745   0x90  Code  Lc  stm32f1xx_hal_i2c.o [1]
I2C_MasterReceive_RXNE  0x08000691   0x9c  Code  Lc  stm32f1xx_hal_i2c.o [1]
I2C_MasterTransmit_BTF  0x080005fb   0x48  Code  Lc  stm32f1xx_hal_i2c.o [1]
I2C_MasterTransmit_TXE  0x08000533   0xc8  Code  Lc  stm32f1xx_hal_i2c.o [1]
I2C_Master_ADDR         0x080007fd  0x12c  Code  Lc  stm32f1xx_hal_i2c.o [1]
I2C_Slave_AF            0x08000a41   0x78  Code  Lc  stm32f1xx_hal_i2c.o [1]
I2C_Slave_STOPF         0x08000965   0xd6  Code  Lc  stm32f1xx_hal_i2c.o [1]
MX_ADC1_Init            0x08001e69   0x70  Code  Gb  adc.o [1]
MX_DMA_Init             0x08001a0d   0x20  Code  Gb  dma.o [1]
MX_GPIO_Init            0x0800192d   0xc0  Code  Gb  gpio.o [1]
MX_I2C2_Init            0x08000c41   0x38  Code  Gb  i2c.o [1]
MX_NVIC_Init            0x08001613   0xc6  Code  Lc  main.o [1]
MX_SPI1_Init            0x08001d8d   0x48  Code  Gb  spi.o [1]
MX_TIM3_Init            0x08001a2d   0x34  Code  Gb  tim.o [1]
MX_TIM4_Init            0x08001a61   0x34  Code  Gb  tim.o [1]
MX_TIM5_Init            0x08001ab5   0x34  Code  Gb  tim.o [1]
MX_TIM6_Init            0x08001b03   0x3a  Code  Gb  tim.o [1]
MX_USART1_UART_Init     0x08001bf9   0x16  Code  Gb  usart.o [1]
MX_USART2_UART_Init     0x08001c0f   0x16  Code  Gb  usart.o [1]
MemManage_Handler       0x08002d0d    0x2  Code  Gb  stm32f1xx_it.o [1]
NMI_Handler             0x08002d09    0x2  Code  Gb  stm32f1xx_it.o [1]
NVIC_SetPriority        0x0800207d   0x1e  Code  Lc  stm32f1xx_hal_cortex.o [1]
PendSV_Handler          0x08002d17    0x2  Code  Gb  stm32f1xx_it.o [1]
Region$$Table$$Base     0x08002e9c          --   Gb  - Linker created -
Region$$Table$$Limit    0x08002ec0          --   Gb  - Linker created -
SVC_Handler             0x08002d13    0x2  Code  Gb  stm32f1xx_it.o [1]
SysTick_Handler         0x08002d19    0xe  Code  Gb  stm32f1xx_it.o [1]
SystemClock_Config      0x0800158d   0x86  Code  Gb  main.o [1]
SystemCoreClock         0x2000000c    0x4  Data  Gb  system_stm32f1xx.o [1]
SystemInit              0x08002dad   0x3a  Code  Gb  system_stm32f1xx.o [1]
TIM3_IRQHandler         0x08002d3f    0x6  Code  Gb  stm32f1xx_it.o [1]
TIM4_IRQHandler         0x08002d45    0x6  Code  Gb  stm32f1xx_it.o [1]
TIM5_IRQHandler         0x08002d63    0x6  Code  Gb  stm32f1xx_it.o [1]
TIM6_IRQHandler         0x08002d69    0x6  Code  Gb  stm32f1xx_it.o [1]
TIM_Base_SetConfig      0x08002449   0x74  Code  Gb  stm32f1xx_hal_tim.o [1]
TIM_ETR_SetConfig       0x08002527   0x14  Code  Lc  stm32f1xx_hal_tim.o [1]
TIM_ITRx_SetConfig      0x08002517   0x10  Code  Lc  stm32f1xx_hal_tim.o [1]
TIM_TI1_ConfigInputStage
                        0x080024d5   0x1e  Code  Lc  stm32f1xx_hal_tim.o [1]
TIM_TI2_ConfigInputStage
                        0x080024f3   0x24  Code  Lc  stm32f1xx_hal_tim.o [1]
UART_DMAAbortOnError    0x08002781    0xc  Code  Lc  stm32f1xx_hal_uart.o [1]
UART_EndRxTransfer      0x08002763   0x1c  Code  Lc  stm32f1xx_hal_uart.o [1]
UART_Receive_IT         0x0800278d   0x96  Code  Lc  stm32f1xx_hal_uart.o [1]
UART_SetConfig          0x08002823   0xde  Code  Lc  stm32f1xx_hal_uart.o [1]
USART1_IRQHandler       0x08002d57    0x6  Code  Gb  stm32f1xx_it.o [1]
USART2_IRQHandler       0x08002d5d    0x6  Code  Gb  stm32f1xx_it.o [1]
UsageFault_Handler      0x08002d11    0x2  Code  Gb  stm32f1xx_it.o [1]
_Error_Handler          0x080016d9    0x2  Code  Gb  main.o [1]
__cmain                 0x08002ec1         Code  Gb  cmain.o [4]
__exit                  0x08002ef5   0x14  Code  Gb  exit.o [5]
__iar_copy_init3        0x08002e49   0x2c  Code  Gb  copy_init3.o [4]
__iar_data_init3        0x08002e75   0x28  Code  Gb  data_init.o [4]
__iar_program_start     0x08002f29         Code  Gb  cstartup_M.o [4]
__iar_systems$$module {Abs}
                        0x00000001         Data  Gb  command line/config [2]
__iar_zero_init3        0x08002e09   0x40  Code  Gb  zero_init3.o [4]
__low_level_init        0x08002edf    0x4  Code  Gb  low_level_init.o [3]
__vector_table          0x08000000         Data  Gb  startup_stm32f103xe.o [1]
_call_main              0x08002ecd         Code  Gb  cmain.o [4]
_exit                   0x08002ee9         Code  Gb  cexit.o [4]
_main                   0x08002edb         Code  Gb  cmain.o [4]
exit                    0x08002ee3    0x4  Code  Gb  exit.o [3]
hadc1                   0x20000308   0x30  Data  Gb  adc.o [1]
hdma_adc1               0x20000144   0x44  Data  Gb  adc.o [1]
hdma_usart1_rx          0x20000010   0x44  Data  Gb  usart.o [1]
hdma_usart2_rx          0x20000054   0x44  Data  Gb  usart.o [1]
hi2c2                   0x200000f0   0x54  Data  Gb  i2c.o [1]
hspi1                   0x20000098   0x58  Data  Gb  spi.o [1]
htim3                   0x20000188   0x40  Data  Gb  tim.o [1]
htim4                   0x200001c8   0x40  Data  Gb  tim.o [1]
htim5                   0x20000208   0x40  Data  Gb  tim.o [1]
htim6                   0x20000248   0x40  Data  Gb  tim.o [1]
huart1                  0x20000288   0x40  Data  Gb  usart.o [1]
huart2                  0x200002c8   0x40  Data  Gb  usart.o [1]
main                    0x08001551   0x3c  Code  Gb  main.o [1]
uwTick                  0x20000004    0x4  Data  Gb  stm32f1xx_hal.o [1]
uwTickFreq              0x20000000    0x1  Data  Gb  stm32f1xx_hal.o [1]
uwTickPrio              0x20000008    0x4  Data  Gb  stm32f1xx_hal.o [1]


[1] = C:\Users\bertz\Desktop\BSPv2.2\BSPv2.2\EWARM\BSPv2.2\Obj
[2] = command line
[3] = dl7M_tlf.a
[4] = rt7M_tl.a
[5] = shb_l.a

  12 224 bytes of readonly  code memory
      60 bytes of readonly  data memory
   1 848 bytes of readwrite data memory

Errors: none
Warnings: none
