###############################################################################
#
# IAR ELF Linker V8.22.1.15669/W32 for ARM                16/Apr/2018  17:45:59
# Copyright 2007-2018 IAR Systems AB.
#
#    Output file  =  
#        E:\Users\bertz\Documents\GitHub\BSPv2.2\BSPv2.2\EWARM\BSPv2.2\Exe\BSPv2.2.out
#    Map file     =  
#        E:\Users\bertz\Documents\GitHub\BSPv2.2\BSPv2.2\EWARM\BSPv2.2\List\BSPv2.2.map
#    Command line =  
#        -f C:\Users\bertz\AppData\Local\Temp\EW7822.tmp
#        (E:\Users\bertz\Documents\GitHub\BSPv2.2\BSPv2.2\EWARM\BSPv2.2\Obj\adc.o
#        E:\Users\bertz\Documents\GitHub\BSPv2.2\BSPv2.2\EWARM\BSPv2.2\Obj\bsp_dac5571.o
#        E:\Users\bertz\Documents\GitHub\BSPv2.2\BSPv2.2\EWARM\BSPv2.2\Obj\bsp_DataTransmissionLayer.o
#        E:\Users\bertz\Documents\GitHub\BSPv2.2\BSPv2.2\EWARM\BSPv2.2\Obj\bsp_digitalfloodcontrol.o
#        E:\Users\bertz\Documents\GitHub\BSPv2.2\BSPv2.2\EWARM\BSPv2.2\Obj\bsp_motor.o
#        E:\Users\bertz\Documents\GitHub\BSPv2.2\BSPv2.2\EWARM\BSPv2.2\Obj\bsp_ProtocolLayer.o
#        E:\Users\bertz\Documents\GitHub\BSPv2.2\BSPv2.2\EWARM\BSPv2.2\Obj\dma.o
#        E:\Users\bertz\Documents\GitHub\BSPv2.2\BSPv2.2\EWARM\BSPv2.2\Obj\gpio.o
#        E:\Users\bertz\Documents\GitHub\BSPv2.2\BSPv2.2\EWARM\BSPv2.2\Obj\i2c.o
#        E:\Users\bertz\Documents\GitHub\BSPv2.2\BSPv2.2\EWARM\BSPv2.2\Obj\main.o
#        E:\Users\bertz\Documents\GitHub\BSPv2.2\BSPv2.2\EWARM\BSPv2.2\Obj\spi.o
#        E:\Users\bertz\Documents\GitHub\BSPv2.2\BSPv2.2\EWARM\BSPv2.2\Obj\startup_stm32f103xe.o
#        E:\Users\bertz\Documents\GitHub\BSPv2.2\BSPv2.2\EWARM\BSPv2.2\Obj\stm32f1xx_hal.o
#        E:\Users\bertz\Documents\GitHub\BSPv2.2\BSPv2.2\EWARM\BSPv2.2\Obj\stm32f1xx_hal_adc.o
#        E:\Users\bertz\Documents\GitHub\BSPv2.2\BSPv2.2\EWARM\BSPv2.2\Obj\stm32f1xx_hal_adc_ex.o
#        E:\Users\bertz\Documents\GitHub\BSPv2.2\BSPv2.2\EWARM\BSPv2.2\Obj\stm32f1xx_hal_cortex.o
#        E:\Users\bertz\Documents\GitHub\BSPv2.2\BSPv2.2\EWARM\BSPv2.2\Obj\stm32f1xx_hal_dma.o
#        E:\Users\bertz\Documents\GitHub\BSPv2.2\BSPv2.2\EWARM\BSPv2.2\Obj\stm32f1xx_hal_flash.o
#        E:\Users\bertz\Documents\GitHub\BSPv2.2\BSPv2.2\EWARM\BSPv2.2\Obj\stm32f1xx_hal_flash_ex.o
#        E:\Users\bertz\Documents\GitHub\BSPv2.2\BSPv2.2\EWARM\BSPv2.2\Obj\stm32f1xx_hal_gpio.o
#        E:\Users\bertz\Documents\GitHub\BSPv2.2\BSPv2.2\EWARM\BSPv2.2\Obj\stm32f1xx_hal_gpio_ex.o
#        E:\Users\bertz\Documents\GitHub\BSPv2.2\BSPv2.2\EWARM\BSPv2.2\Obj\stm32f1xx_hal_i2c.o
#        E:\Users\bertz\Documents\GitHub\BSPv2.2\BSPv2.2\EWARM\BSPv2.2\Obj\stm32f1xx_hal_msp.o
#        E:\Users\bertz\Documents\GitHub\BSPv2.2\BSPv2.2\EWARM\BSPv2.2\Obj\stm32f1xx_hal_pwr.o
#        E:\Users\bertz\Documents\GitHub\BSPv2.2\BSPv2.2\EWARM\BSPv2.2\Obj\stm32f1xx_hal_rcc.o
#        E:\Users\bertz\Documents\GitHub\BSPv2.2\BSPv2.2\EWARM\BSPv2.2\Obj\stm32f1xx_hal_rcc_ex.o
#        E:\Users\bertz\Documents\GitHub\BSPv2.2\BSPv2.2\EWARM\BSPv2.2\Obj\stm32f1xx_hal_spi.o
#        E:\Users\bertz\Documents\GitHub\BSPv2.2\BSPv2.2\EWARM\BSPv2.2\Obj\stm32f1xx_hal_spi_ex.o
#        E:\Users\bertz\Documents\GitHub\BSPv2.2\BSPv2.2\EWARM\BSPv2.2\Obj\stm32f1xx_hal_tim.o
#        E:\Users\bertz\Documents\GitHub\BSPv2.2\BSPv2.2\EWARM\BSPv2.2\Obj\stm32f1xx_hal_tim_ex.o
#        E:\Users\bertz\Documents\GitHub\BSPv2.2\BSPv2.2\EWARM\BSPv2.2\Obj\stm32f1xx_hal_uart.o
#        E:\Users\bertz\Documents\GitHub\BSPv2.2\BSPv2.2\EWARM\BSPv2.2\Obj\stm32f1xx_it.o
#        E:\Users\bertz\Documents\GitHub\BSPv2.2\BSPv2.2\EWARM\BSPv2.2\Obj\system_stm32f1xx.o
#        E:\Users\bertz\Documents\GitHub\BSPv2.2\BSPv2.2\EWARM\BSPv2.2\Obj\tim.o
#        E:\Users\bertz\Documents\GitHub\BSPv2.2\BSPv2.2\EWARM\BSPv2.2\Obj\usart.o
#        --redirect _Printf=_PrintfFull --redirect _Scanf=_ScanfFull -o
#        E:\Users\bertz\Documents\GitHub\BSPv2.2\BSPv2.2\EWARM\BSPv2.2\Exe\BSPv2.2.out
#        --map
#        E:\Users\bertz\Documents\GitHub\BSPv2.2\BSPv2.2\EWARM\BSPv2.2\List\BSPv2.2.map
#        --config
#        E:\Users\bertz\Documents\GitHub\BSPv2.2\BSPv2.2\EWARM/stm32f103xe_flash.icf
#        --semihosting --entry __iar_program_start --vfe --text_out locale)
#
###############################################################################

*******************************************************************************
*** RUNTIME MODEL ATTRIBUTES
***

CppFlavor       = *
__SystemLibrary = DLib
__dlib_version  = 6


*******************************************************************************
*** HEAP SELECTION
***

The basic heap was selected because no calls to memory allocation
functions were found in the application outside of system library
functions, and there are calls to deallocation functions in the
application.


*******************************************************************************
*** PLACEMENT SUMMARY
***

"A0":  place at 0x08000000 { ro section .intvec };
"P1":  place in [from 0x08000000 to 0x0807ffff] { ro };
define block CSTACK with size = 1K, alignment = 8 { };
define block HEAP with size = 512, alignment = 8 { };
"P2":  place in [from 0x20000000 to 0x2000ffff] {
          rw, block CSTACK, block HEAP };
initialize by copy { rw };

  Section            Kind        Address    Size  Object
  -------            ----        -------    ----  ------
"A0":                                      0x130
  .intvec            ro code  0x08000000   0x130  startup_stm32f103xe.o [1]
                            - 0x08000130   0x130

"P1":                                     0x3790
  .text              ro code  0x08000130   0xb10  stm32f1xx_hal_i2c.o [1]
  .text              ro code  0x08000c40    0xc4  i2c.o [1]
  .text              ro code  0x08000d04   0x4e2  stm32f1xx_hal_rcc.o [1]
  .text              ro code  0x080011e6     0x2  stm32f1xx_hal_i2c.o [1]
  .text              ro code  0x080011e8     0x2  stm32f1xx_hal_i2c.o [1]
  .text              ro code  0x080011ea     0x2  stm32f1xx_hal_i2c.o [1]
  .text              ro code  0x080011ec     0x2  stm32f1xx_hal_i2c.o [1]
  .text              ro code  0x080011ee     0x2  stm32f1xx_hal_i2c.o [1]
  .text              ro code  0x080011f0     0x2  stm32f1xx_hal_i2c.o [1]
  .text              ro code  0x080011f2     0x2  stm32f1xx_hal_i2c.o [1]
  .text              ro code  0x080011f4     0x2  stm32f1xx_hal_i2c.o [1]
  .text              ro code  0x080011f8   0x422  stm32f1xx_hal_dma.o [1]
  .text              ro code  0x0800161a     0x2  stm32f1xx_hal_i2c.o [1]
  .text              ro code  0x0800161c     0x2  stm32f1xx_hal_i2c.o [1]
  .text              ro code  0x08001620   0x3da  main.o [1]
  .text              ro code  0x080019fc   0x1ec  stm32f1xx_hal_gpio.o [1]
  .text              ro code  0x08001be8     0xc  stm32f1xx_hal.o [1]
  .text              ro code  0x08001bf4    0x40  stm32f1xx_hal.o [1]
  .text              ro code  0x08001c34    0x24  stm32f1xx_hal.o [1]
  .text              ro code  0x08001c58    0xde  gpio.o [1]
  .text              ro code  0x08001d38    0x20  dma.o [1]
  .text              ro code  0x08001d58   0x1f4  tim.o [1]
  .text              ro code  0x08001f4c   0x19c  usart.o [1]
  .text              ro code  0x080020e8    0xe4  spi.o [1]
  .text              ro code  0x080021cc   0x134  adc.o [1]
  .text              ro code  0x08002300   0x54a  stm32f1xx_hal_adc.o [1]
  .text              ro code  0x0800284c    0xe8  stm32f1xx_hal_rcc_ex.o [1]
  .text              ro code  0x08002934    0xe6  stm32f1xx_hal_cortex.o [1]
  .text              ro code  0x08002a1c    0xbc  bsp_DataTransmissionLayer.o [1]
  .text              ro code  0x08002ad8    0x88  stm32f1xx_hal_msp.o [1]
  .text              ro code  0x08002b60   0x354  stm32f1xx_hal_tim.o [1]
  .text              ro code  0x08002eb4    0x4a  stm32f1xx_hal_tim_ex.o [1]
  .text              ro code  0x08002f00   0x618  stm32f1xx_hal_uart.o [1]
  .text              ro code  0x08003518    0x82  stm32f1xx_hal_spi_ex.o [1]
  .text              ro code  0x0800359a     0x2  stm32f1xx_hal_adc.o [1]
  .text              ro code  0x0800359c     0x2  stm32f1xx_hal_adc_ex.o [1]
  .text              ro code  0x0800359e     0x2  stm32f1xx_hal_adc.o [1]
  .text              ro code  0x080035a0     0x2  stm32f1xx_hal_adc.o [1]
  .text              ro code  0x080035a2     0x2  stm32f1xx_hal_adc.o [1]
  .text              ro code  0x080035a4     0x2  stm32f1xx_hal_tim.o [1]
  .text              ro code  0x080035a6     0x2  stm32f1xx_hal_tim.o [1]
  .text              ro code  0x080035a8     0x2  stm32f1xx_hal_tim_ex.o [1]
  .text              ro code  0x080035aa     0x2  stm32f1xx_hal_tim.o [1]
  .text              ro code  0x080035ac     0x2  stm32f1xx_hal_tim_ex.o [1]
  .text              ro code  0x080035ae     0x2  stm32f1xx_hal_tim.o [1]
  .text              ro code  0x080035b0     0x2  stm32f1xx_hal_uart.o [1]
  .text              ro code  0x080035b2     0x2  stm32f1xx_hal_uart.o [1]
  .text              ro code  0x080035b4     0x2  stm32f1xx_hal_uart.o [1]
  .text              ro code  0x080035b6     0x2  stm32f1xx_hal_uart.o [1]
  .text              ro code  0x080035b8    0xa8  stm32f1xx_it.o [1]
  .text              ro code  0x08003660    0x10  stm32f1xx_hal.o [1]
  .text              ro code  0x08003670    0x5c  system_stm32f1xx.o [1]
  .text              ro code  0x080036cc    0x40  zero_init3.o [4]
  .text              ro code  0x0800370c    0x2c  copy_init3.o [4]
  .text              ro code  0x08003738    0x28  data_init.o [4]
  .iar.init_table    const    0x08003760    0x24  - Linker created -
  .text              ro code  0x08003784    0x1e  cmain.o [4]
  .text              ro code  0x080037a2     0x4  low_level_init.o [3]
  .text              ro code  0x080037a6     0x4  exit.o [3]
  .text              ro code  0x080037ac     0xa  cexit.o [4]
  .text              ro code  0x080037b8    0x14  exit.o [5]
  .text              ro code  0x080037cc    0x10  startup_stm32f103xe.o [1]
  Initializer bytes  const    0x080037dc    0x10  <for P2-1>
  .text              ro code  0x080037ec     0xc  cstartup_M.o [4]
  .rodata            const    0x080037f8     0x8  system_stm32f1xx.o [1]
  .text              ro code  0x08003800     0x4  startup_stm32f103xe.o [1]
  .text              ro code  0x08003804     0x4  startup_stm32f103xe.o [1]
  .text              ro code  0x08003808     0x4  startup_stm32f103xe.o [1]
  .text              ro code  0x0800380c     0x4  startup_stm32f103xe.o [1]
  .text              ro code  0x08003810     0x4  startup_stm32f103xe.o [1]
  .text              ro code  0x08003814     0x4  startup_stm32f103xe.o [1]
  .text              ro code  0x08003818     0x4  startup_stm32f103xe.o [1]
  .text              ro code  0x0800381c     0x4  startup_stm32f103xe.o [1]
  .text              ro code  0x08003820     0x4  startup_stm32f103xe.o [1]
  .text              ro code  0x08003824     0x4  startup_stm32f103xe.o [1]
  .text              ro code  0x08003828     0x4  startup_stm32f103xe.o [1]
  .text              ro code  0x0800382c     0x4  startup_stm32f103xe.o [1]
  .text              ro code  0x08003830     0x4  startup_stm32f103xe.o [1]
  .text              ro code  0x08003834     0x4  startup_stm32f103xe.o [1]
  .text              ro code  0x08003838     0x4  startup_stm32f103xe.o [1]
  .text              ro code  0x0800383c     0x4  startup_stm32f103xe.o [1]
  .text              ro code  0x08003840     0x4  startup_stm32f103xe.o [1]
  .text              ro code  0x08003844     0x4  startup_stm32f103xe.o [1]
  .text              ro code  0x08003848     0x4  startup_stm32f103xe.o [1]
  .text              ro code  0x0800384c     0x4  startup_stm32f103xe.o [1]
  .text              ro code  0x08003850     0x4  startup_stm32f103xe.o [1]
  .text              ro code  0x08003854     0x4  startup_stm32f103xe.o [1]
  .text              ro code  0x08003858     0x4  startup_stm32f103xe.o [1]
  .text              ro code  0x0800385c     0x4  startup_stm32f103xe.o [1]
  .text              ro code  0x08003860     0x4  startup_stm32f103xe.o [1]
  .text              ro code  0x08003864     0x4  startup_stm32f103xe.o [1]
  .text              ro code  0x08003868     0x4  startup_stm32f103xe.o [1]
  .text              ro code  0x0800386c     0x4  startup_stm32f103xe.o [1]
  .text              ro code  0x08003870     0x4  startup_stm32f103xe.o [1]
  .text              ro code  0x08003874     0x4  startup_stm32f103xe.o [1]
  .text              ro code  0x08003878     0x4  startup_stm32f103xe.o [1]
  .text              ro code  0x0800387c     0x4  startup_stm32f103xe.o [1]
  .text              ro code  0x08003880     0x4  startup_stm32f103xe.o [1]
  .text              ro code  0x08003884     0x4  startup_stm32f103xe.o [1]
  .text              ro code  0x08003888     0x4  startup_stm32f103xe.o [1]
  .text              ro code  0x0800388c     0x4  startup_stm32f103xe.o [1]
  .text              ro code  0x08003890     0x4  startup_stm32f103xe.o [1]
  .text              ro code  0x08003894     0x4  startup_stm32f103xe.o [1]
  .text              ro code  0x08003898     0x4  startup_stm32f103xe.o [1]
  .text              ro code  0x0800389c     0x4  startup_stm32f103xe.o [1]
  .text              ro code  0x080038a0     0x4  startup_stm32f103xe.o [1]
  .text              ro code  0x080038a4     0x4  startup_stm32f103xe.o [1]
  .text              ro code  0x080038a8     0x4  startup_stm32f103xe.o [1]
  .text              ro code  0x080038ac     0x4  startup_stm32f103xe.o [1]
  .text              ro code  0x080038b0     0x4  startup_stm32f103xe.o [1]
  .text              ro code  0x080038b4     0x4  startup_stm32f103xe.o [1]
  .text              ro code  0x080038b8     0x4  startup_stm32f103xe.o [1]
  .text              ro code  0x080038bc     0x4  startup_stm32f103xe.o [1]
  .rodata            const    0x080038c0     0x0  zero_init3.o [4]
  .rodata            const    0x080038c0     0x0  copy_init3.o [4]
                            - 0x080038c0  0x3790

"P2", part 1 of 3:                          0x10
  P2-1                        0x20000000    0x10  <Init block>
    .data            inited   0x20000000     0xc  stm32f1xx_hal.o [1]
    .data            inited   0x2000000c     0x4  system_stm32f1xx.o [1]
                            - 0x20000010    0x10

"P2", part 2 of 3:                         0xf6c
  .bss               zero     0x20000010   0x410  bsp_digitalfloodcontrol.o [1]
  .bss               zero     0x20000420   0x400  main.o [1]
  .bss               zero     0x20000820   0x204  bsp_DataTransmissionLayer.o [1]
  .bss               zero     0x20000a24   0x204  bsp_DataTransmissionLayer.o [1]
  .bss               zero     0x20000c28    0x88  usart.o [1]
  .bss               zero     0x20000cb0    0x58  spi.o [1]
  .bss               zero     0x20000d08    0x54  i2c.o [1]
  .bss               zero     0x20000d5c    0x44  adc.o [1]
  .bss               zero     0x20000da0    0x40  tim.o [1]
  .bss               zero     0x20000de0    0x40  tim.o [1]
  .bss               zero     0x20000e20    0x40  tim.o [1]
  .bss               zero     0x20000e60    0x40  tim.o [1]
  .bss               zero     0x20000ea0    0x40  usart.o [1]
  .bss               zero     0x20000ee0    0x40  usart.o [1]
  .bss               zero     0x20000f20    0x30  adc.o [1]
  .bss               zero     0x20000f50    0x28  main.o [1]
  .bss               zero     0x20000f78     0x2  bsp_digitalfloodcontrol.o [1]
                            - 0x20000f7a   0xf6a

"P2", part 3 of 3:                         0x400
  CSTACK                      0x20000f80   0x400  <Block>
    CSTACK           uninit   0x20000f80   0x400  <Block tail>
                            - 0x20001380   0x400


*******************************************************************************
*** INIT TABLE
***

          Address     Size
          -------     ----
Zero (__iar_zero_init3)
    1 destination range, total size 0xf6a:
          0x20000010  0xf6a

Copy (__iar_copy_init3)
    1 source range, total size 0x10:
          0x080037dc   0x10
    1 destination range, total size 0x10:
          0x20000000   0x10



*******************************************************************************
*** MODULE SUMMARY
***

    Module                       ro code  ro data  rw data
    ------                       -------  -------  -------
E:\Users\bertz\Documents\GitHub\BSPv2.2\BSPv2.2\EWARM\BSPv2.2\Obj: [1]
    adc.o                            308               116
    bsp_DataTransmissionLayer.o      188             1 032
    bsp_digitalfloodcontrol.o                        1 042
    dma.o                             32
    gpio.o                           222
    i2c.o                            196                84
    main.o                           986             1 064
    spi.o                            228                88
    startup_stm32f103xe.o            512
    stm32f1xx_hal.o                  128       12       12
    stm32f1xx_hal_adc.o            1 362
    stm32f1xx_hal_adc_ex.o             2
    stm32f1xx_hal_cortex.o           230
    stm32f1xx_hal_dma.o            1 058
    stm32f1xx_hal_gpio.o             492
    stm32f1xx_hal_i2c.o            2 852
    stm32f1xx_hal_msp.o              136
    stm32f1xx_hal_rcc.o            1 250
    stm32f1xx_hal_rcc_ex.o           232
    stm32f1xx_hal_spi_ex.o           130
    stm32f1xx_hal_tim.o              860
    stm32f1xx_hal_tim_ex.o            78
    stm32f1xx_hal_uart.o           1 568
    stm32f1xx_it.o                   168
    system_stm32f1xx.o                92       12        4
    tim.o                            500               256
    usart.o                          412               264
    ------------------------------------------------------
    Total:                        14 222       24    3 962

command line: [2]
    ------------------------------------------------------
    Total:

dl7M_tlf.a: [3]
    exit.o                             4
    low_level_init.o                   4
    ------------------------------------------------------
    Total:                             8

rt7M_tl.a: [4]
    cexit.o                           10
    cmain.o                           30
    copy_init3.o                      44
    cstartup_M.o                      12
    data_init.o                       40
    zero_init3.o                      64
    ------------------------------------------------------
    Total:                           200

shb_l.a: [5]
    exit.o                            20
    ------------------------------------------------------
    Total:                            20

    Gaps                              18
    Linker created                             36    1 024
----------------------------------------------------------
    Grand Total:                  14 468       60    4 986


*******************************************************************************
*** ENTRY LIST
***

Entry                      Address   Size  Type      Object
-----                      -------   ----  ----      ------
.iar.init_table$$Base   0x08003760          --   Gb  - Linker created -
.iar.init_table$$Limit  0x08003784          --   Gb  - Linker created -
?main                   0x08003785         Code  Gb  cmain.o [4]
ADC1_2_IRQHandler       0x080035e9    0x6  Code  Gb  stm32f1xx_it.o [1]
ADCBuffer               0x20000420  0x400  Data  Gb  main.o [1]
ADC_ConversionStop_Disable
                        0x080027a1   0x44  Code  Gb  stm32f1xx_hal_adc.o [1]
ADC_DMAConvCplt         0x080027e5   0x48  Code  Gb  stm32f1xx_hal_adc.o [1]
ADC_DMAError            0x08002835   0x16  Code  Gb  stm32f1xx_hal_adc.o [1]
ADC_DMAHalfConvCplt     0x0800282d    0x6  Code  Gb  stm32f1xx_hal_adc.o [1]
ADC_Enable              0x0800270b   0x6a  Code  Gb  stm32f1xx_hal_adc.o [1]
AHBPrescTable           0x080036bc   0x10  Data  Gb  system_stm32f1xx.o [1]
APBPrescTable           0x080037f8    0x8  Data  Gb  system_stm32f1xx.o [1]
BSP_DriverBoardUsartReceive_IDLE
                        0x08002a1d   0x20  Code  Gb  bsp_DataTransmissionLayer.o [1]
BSP_LeftDoorBoardUsartReceive_IDLE
                        0x08002a3d   0x20  Code  Gb  bsp_DataTransmissionLayer.o [1]
BSP_SendDataToDriverBoard
                        0x08002a8f   0x36  Code  Gb  bsp_DataTransmissionLayer.o [1]
BusFault_Handler        0x080035bf    0x2  Code  Gb  stm32f1xx_it.o [1]
CSTACK$$Base            0x20000f80          --   Gb  - Linker created -
CSTACK$$Limit           0x20001380          --   Gb  - Linker created -
DMA1_Channel1_IRQHandler
                        0x080035d7    0x6  Code  Gb  stm32f1xx_it.o [1]
DMA1_Channel5_IRQHandler
                        0x080035dd    0x6  Code  Gb  stm32f1xx_it.o [1]
DMA1_Channel6_IRQHandler
                        0x080035e3    0x6  Code  Gb  stm32f1xx_it.o [1]
DMA_SetConfig           0x080015f9   0x22  Code  Lc  stm32f1xx_hal_dma.o [1]
DebugMon_Handler        0x080035c5    0x2  Code  Gb  stm32f1xx_it.o [1]
DriverBoardUsartType    0x20000820  0x204  Data  Gb  bsp_DataTransmissionLayer.o [1]
HAL_ADCEx_InjectedConvCpltCallback
                        0x0800359d    0x2  Code  Wk  stm32f1xx_hal_adc_ex.o [1]
HAL_ADC_ConfigChannel   0x0800260f   0xe4  Code  Gb  stm32f1xx_hal_adc.o [1]
HAL_ADC_IRQHandler      0x0800251f   0xd8  Code  Gb  stm32f1xx_hal_adc.o [1]
HAL_ADC_Init            0x08002301  0x110  Code  Gb  stm32f1xx_hal_adc.o [1]
HAL_ADC_MspInit         0x0800223d   0x6e  Code  Gb  adc.o [1]
HAL_ADC_Start_DMA       0x08002425   0xfa  Code  Gb  stm32f1xx_hal_adc.o [1]
HAL_DMA_Abort           0x080012f3   0x32  Code  Gb  stm32f1xx_hal_dma.o [1]
HAL_DMA_Abort_IT        0x08001325   0xdc  Code  Gb  stm32f1xx_hal_dma.o [1]
HAL_DMA_IRQHandler      0x08001401  0x1b4  Code  Gb  stm32f1xx_hal_dma.o [1]
HAL_DMA_Init            0x080011f9   0x78  Code  Gb  stm32f1xx_hal_dma.o [1]
HAL_DMA_Start_IT        0x0800127f   0x74  Code  Gb  stm32f1xx_hal_dma.o [1]
HAL_GPIO_Init           0x080019fd  0x196  Code  Gb  stm32f1xx_hal_gpio.o [1]
HAL_GPIO_ReadPin        0x08001b93    0xc  Code  Gb  stm32f1xx_hal_gpio.o [1]
HAL_GPIO_WritePin       0x08001b9f    0xc  Code  Gb  stm32f1xx_hal_gpio.o [1]
HAL_GetTick             0x08001be9    0xc  Code  Wk  stm32f1xx_hal.o [1]
HAL_I2C_ER_IRQHandler   0x08000473   0xc0  Code  Gb  stm32f1xx_hal_i2c.o [1]
HAL_I2C_EV_IRQHandler   0x08000241  0x20e  Code  Gb  stm32f1xx_hal_i2c.o [1]
HAL_I2C_Init            0x08000131   0xdc  Code  Gb  stm32f1xx_hal_i2c.o [1]
HAL_I2C_MspInit         0x08000c79   0x3a  Code  Gb  i2c.o [1]
HAL_IncTick             0x08003661   0x10  Code  Wk  stm32f1xx_hal.o [1]
HAL_Init                0x08001c35   0x20  Code  Gb  stm32f1xx_hal.o [1]
HAL_InitTick            0x08001bf5   0x40  Code  Wk  stm32f1xx_hal.o [1]
HAL_MspInit             0x08002ad9   0x88  Code  Gb  stm32f1xx_hal_msp.o [1]
HAL_NVIC_EnableIRQ      0x080029a7    0xa  Code  Gb  stm32f1xx_hal_cortex.o [1]
HAL_NVIC_SetPriority    0x0800296d   0x3a  Code  Gb  stm32f1xx_hal_cortex.o [1]
HAL_NVIC_SetPriorityGrouping
                        0x08002953   0x1a  Code  Gb  stm32f1xx_hal_cortex.o [1]
HAL_RCCEx_PeriphCLKConfig
                        0x0800284d   0xda  Code  Gb  stm32f1xx_hal_rcc_ex.o [1]
HAL_RCC_ClockConfig     0x08001021  0x10c  Code  Gb  stm32f1xx_hal_rcc.o [1]
HAL_RCC_GetHCLKFreq     0x0800117d    0x6  Code  Gb  stm32f1xx_hal_rcc.o [1]
HAL_RCC_GetPCLK1Freq    0x08001183   0x10  Code  Gb  stm32f1xx_hal_rcc.o [1]
HAL_RCC_GetPCLK2Freq    0x08001193    0xe  Code  Gb  stm32f1xx_hal_rcc.o [1]
HAL_RCC_GetSysClockFreq
                        0x08001141   0x3c  Code  Gb  stm32f1xx_hal_rcc.o [1]
HAL_RCC_GetSysClockFreq::aPLLMULFactorTable
                        0x080011d4   0x10  Data  Lc  stm32f1xx_hal_rcc.o [1]
HAL_RCC_GetSysClockFreq::aPredivFactorTable
                        0x080011e4    0x2  Data  Lc  stm32f1xx_hal_rcc.o [1]
HAL_RCC_OscConfig       0x08000d05  0x314  Code  Gb  stm32f1xx_hal_rcc.o [1]
HAL_SPI_Init            0x08003519   0x82  Code  Gb  stm32f1xx_hal_spi_ex.o [1]
HAL_SPI_MspInit         0x08002131   0x4e  Code  Gb  spi.o [1]
HAL_SYSTICK_CLKSourceConfig
                        0x080029e3   0x1a  Code  Gb  stm32f1xx_hal_cortex.o [1]
HAL_SYSTICK_Config      0x080029bb   0x28  Code  Gb  stm32f1xx_hal_cortex.o [1]
HAL_SYSTICK_IRQHandler  0x08002a15    0x4  Code  Gb  stm32f1xx_hal_cortex.o [1]
HAL_TIMEx_BreakCallback
                        0x080035a9    0x2  Code  Wk  stm32f1xx_hal_tim_ex.o [1]
HAL_TIMEx_CommutationCallback
                        0x080035ad    0x2  Code  Wk  stm32f1xx_hal_tim_ex.o [1]
HAL_TIMEx_MasterConfigSynchronization
                        0x08002eb5   0x4a  Code  Gb  stm32f1xx_hal_tim_ex.o [1]
HAL_TIM_Base_Init       0x08002b61   0x1a  Code  Gb  stm32f1xx_hal_tim.o [1]
HAL_TIM_Base_MspInit    0x08001e87   0x64  Code  Gb  tim.o [1]
HAL_TIM_ConfigClockSource
                        0x08002ce7   0xac  Code  Gb  stm32f1xx_hal_tim.o [1]
HAL_TIM_IRQHandler      0x08002b9f  0x142  Code  Gb  stm32f1xx_hal_tim.o [1]
HAL_TIM_PeriodElapsedCallback
                        0x080017ff  0x15e  Code  Gb  main.o [1]
HAL_UART_DMAStop        0x080030bd   0x48  Code  Gb  stm32f1xx_hal_uart.o [1]
HAL_UART_IRQHandler     0x0800311d  0x152  Code  Gb  stm32f1xx_hal_uart.o [1]
HAL_UART_Init           0x08002f01   0x1e  Code  Gb  stm32f1xx_hal_uart.o [1]
HAL_UART_MspInit        0x08001fa1   0xc8  Code  Gb  usart.o [1]
HAL_UART_Receive_DMA    0x0800302b   0x92  Code  Gb  stm32f1xx_hal_uart.o [1]
HAL_UART_Transmit       0x08002f79   0xaa  Code  Gb  stm32f1xx_hal_uart.o [1]
HardFault_Handler       0x080035bb    0x2  Code  Gb  stm32f1xx_it.o [1]
I2C2_ER_IRQHandler      0x08003601    0x6  Code  Gb  stm32f1xx_it.o [1]
I2C2_EV_IRQHandler      0x080035fb    0x6  Code  Gb  stm32f1xx_it.o [1]
I2C_DMAAbort            0x08000bf1   0x50  Code  Lc  stm32f1xx_hal_i2c.o [1]
I2C_ITError             0x08000ab9   0xde  Code  Lc  stm32f1xx_hal_i2c.o [1]
I2C_MasterReceive_BTF   0x08000745   0x90  Code  Lc  stm32f1xx_hal_i2c.o [1]
I2C_MasterReceive_RXNE  0x08000691   0x9c  Code  Lc  stm32f1xx_hal_i2c.o [1]
I2C_MasterTransmit_BTF  0x080005fb   0x48  Code  Lc  stm32f1xx_hal_i2c.o [1]
I2C_MasterTransmit_TXE  0x08000533   0xc8  Code  Lc  stm32f1xx_hal_i2c.o [1]
I2C_Master_ADDR         0x080007fd  0x12c  Code  Lc  stm32f1xx_hal_i2c.o [1]
I2C_Slave_AF            0x08000a41   0x78  Code  Lc  stm32f1xx_hal_i2c.o [1]
I2C_Slave_STOPF         0x08000965   0xd6  Code  Lc  stm32f1xx_hal_i2c.o [1]
LeftDoorBoardUsartType  0x20000a24  0x204  Data  Gb  bsp_DataTransmissionLayer.o [1]
MX_ADC1_Init            0x080021cd   0x70  Code  Gb  adc.o [1]
MX_DMA_Init             0x08001d39   0x20  Code  Gb  dma.o [1]
MX_GPIO_Init            0x08001c59   0xc0  Code  Gb  gpio.o [1]
MX_I2C2_Init            0x08000c41   0x38  Code  Gb  i2c.o [1]
MX_NVIC_Init            0x08001739   0xc6  Code  Lc  main.o [1]
MX_SPI1_Init            0x080020e9   0x48  Code  Gb  spi.o [1]
MX_TIM3_Init            0x08001d59   0x3e  Code  Gb  tim.o [1]
MX_TIM4_Init            0x08001d97   0x3a  Code  Gb  tim.o [1]
MX_TIM5_Init            0x08001ded   0x40  Code  Gb  tim.o [1]
MX_TIM6_Init            0x08001e47   0x34  Code  Gb  tim.o [1]
MX_USART1_UART_Init     0x08001f4d   0x16  Code  Gb  usart.o [1]
MX_USART2_UART_Init     0x08001f63   0x16  Code  Gb  usart.o [1]
MemManage_Handler       0x080035bd    0x2  Code  Gb  stm32f1xx_it.o [1]
NMI_Handler             0x080035b9    0x2  Code  Gb  stm32f1xx_it.o [1]
NVIC_SetPriority        0x08002935   0x1e  Code  Lc  stm32f1xx_hal_cortex.o [1]
PendSV_Handler          0x080035c7    0x2  Code  Gb  stm32f1xx_it.o [1]
Region$$Table$$Base     0x08003760          --   Gb  - Linker created -
Region$$Table$$Limit    0x08003784          --   Gb  - Linker created -
SVC_Handler             0x080035c3    0x2  Code  Gb  stm32f1xx_it.o [1]
SettingVbaseValeFlag    0x20000012    0x1  Data  Gb  bsp_digitalfloodcontrol.o [1]
SysTick_Handler         0x080035c9    0xe  Code  Gb  stm32f1xx_it.o [1]
SystemClock_Config      0x080016b3   0x86  Code  Gb  main.o [1]
SystemCoreClock         0x2000000c    0x4  Data  Gb  system_stm32f1xx.o [1]
SystemInit              0x08003671   0x3a  Code  Gb  system_stm32f1xx.o [1]
TIM3_IRQHandler         0x080035ef    0x6  Code  Gb  stm32f1xx_it.o [1]
TIM4_IRQHandler         0x080035f5    0x6  Code  Gb  stm32f1xx_it.o [1]
TIM5_IRQHandler         0x08003627    0x6  Code  Gb  stm32f1xx_it.o [1]
TIM6_IRQHandler         0x0800362d    0x6  Code  Gb  stm32f1xx_it.o [1]
TIM_Base_SetConfig      0x08002dbd   0x74  Code  Gb  stm32f1xx_hal_tim.o [1]
TIM_ETR_SetConfig       0x08002e9b   0x14  Code  Lc  stm32f1xx_hal_tim.o [1]
TIM_ITRx_SetConfig      0x08002e8b   0x10  Code  Lc  stm32f1xx_hal_tim.o [1]
TIM_TI1_ConfigInputStage
                        0x08002e49   0x1e  Code  Lc  stm32f1xx_hal_tim.o [1]
TIM_TI2_ConfigInputStage
                        0x08002e67   0x24  Code  Lc  stm32f1xx_hal_tim.o [1]
TiggerTimeCnt           0x20000018    0x2  Data  Gb  bsp_digitalfloodcontrol.o [1]
TiggerTimeSum           0x20000016    0x2  Data  Gb  bsp_digitalfloodcontrol.o [1]
UART_DMAAbortOnError    0x0800338d    0xc  Code  Lc  stm32f1xx_hal_uart.o [1]
UART_DMAError           0x080032b1   0x4a  Code  Lc  stm32f1xx_hal_uart.o [1]
UART_DMAReceiveCplt     0x08003271   0x38  Code  Lc  stm32f1xx_hal_uart.o [1]
UART_DMARxHalfCplt      0x080032a9    0x6  Code  Lc  stm32f1xx_hal_uart.o [1]
UART_EndRxTransfer      0x08003371   0x1c  Code  Lc  stm32f1xx_hal_uart.o [1]
UART_EndTxTransfer      0x0800335f   0x12  Code  Lc  stm32f1xx_hal_uart.o [1]
UART_Receive_IT         0x08003399   0x96  Code  Lc  stm32f1xx_hal_uart.o [1]
UART_SetConfig          0x0800342f   0xde  Code  Lc  stm32f1xx_hal_uart.o [1]
UART_WaitOnFlagUntilTimeout
                        0x080032fb   0x56  Code  Lc  stm32f1xx_hal_uart.o [1]
USART1_IRQHandler       0x08003607    0xc  Code  Gb  stm32f1xx_it.o [1]
USART2_IRQHandler       0x08003613    0xa  Code  Gb  stm32f1xx_it.o [1]
UsageFault_Handler      0x080035c1    0x2  Code  Gb  stm32f1xx_it.o [1]
Vadcdata                0x20000f74    0x4  Data  Gb  main.o [1]
Vbase                   0x20000014    0x2  Data  Gb  bsp_digitalfloodcontrol.o [1]
VbaseBuffer             0x20000020  0x400  Data  Gb  bsp_digitalfloodcontrol.o [1]
VbaseCnt                0x2000001e    0x2  Data  Gb  bsp_digitalfloodcontrol.o [1]
VbaseUpdataflag         0x20000011    0x1  Data  Gb  bsp_digitalfloodcontrol.o [1]
Vdelta                  0x20000f78    0x2  Data  Gb  bsp_digitalfloodcontrol.o [1]
Vnormal                 0x2000001a    0x2  Data  Gb  bsp_digitalfloodcontrol.o [1]
Vnormalt                0x2000001c    0x2  Data  Gb  bsp_digitalfloodcontrol.o [1]
Vthreshold              0x20000010    0x1  Data  Gb  bsp_digitalfloodcontrol.o [1]
_Error_Handler          0x080019f9    0x2  Code  Gb  main.o [1]
__cmain                 0x08003785         Code  Gb  cmain.o [4]
__exit                  0x080037b9   0x14  Code  Gb  exit.o [5]
__iar_copy_init3        0x0800370d   0x2c  Code  Gb  copy_init3.o [4]
__iar_data_init3        0x08003739   0x28  Code  Gb  data_init.o [4]
__iar_program_start     0x080037ed         Code  Gb  cstartup_M.o [4]
__iar_systems$$module {Abs}
                        0x00000001         Data  Gb  command line/config [2]
__iar_zero_init3        0x080036cd   0x40  Code  Gb  zero_init3.o [4]
__low_level_init        0x080037a3    0x4  Code  Gb  low_level_init.o [3]
__vector_table          0x08000000         Data  Gb  startup_stm32f103xe.o [1]
_call_main              0x08003791         Code  Gb  cmain.o [4]
_exit                   0x080037ad         Code  Gb  cexit.o [4]
_main                   0x0800379f         Code  Gb  cmain.o [4]
bsp_SendCarEnterFlag    0x080019a1   0x14  Code  Gb  main.o [1]
bsp_SendCarEnterTimeroutFlag
                        0x080019b5   0x12  Code  Gb  main.o [1]
exit                    0x080037a7    0x4  Code  Gb  exit.o [3]
gBarFirstArriveClosedPosionFlag
                        0x20000f6b    0x1  Data  Gb  main.o [1]
gBarFirstArriveOpenedPosinFlag
                        0x20000f6a    0x1  Data  Gb  main.o [1]
gCarEnteredFlag         0x20000f6d    0x1  Data  Gb  main.o [1]
gGentleSensorGpio       0x20000f50    0x8  Data  Gb  main.o [1]
gHorGpio                0x20000f58    0x8  Data  Gb  main.o [1]
gOpenBarTimeoutFlag     0x20000f68    0x1  Data  Gb  main.o [1]
gOpenBarTimerCnt        0x20000f70    0x4  Data  Gb  main.o [1]
gOpenBarTimerFlag       0x20000f69    0x1  Data  Gb  main.o [1]
gOpenFlag               0x20000f6c    0x1  Data  Gb  main.o [1]
gVerGpio                0x20000f60    0x8  Data  Gb  main.o [1]
hadc1                   0x20000f20   0x30  Data  Gb  adc.o [1]
hdma_adc1               0x20000d5c   0x44  Data  Gb  adc.o [1]
hdma_usart1_rx          0x20000c28   0x44  Data  Gb  usart.o [1]
hdma_usart2_rx          0x20000c6c   0x44  Data  Gb  usart.o [1]
hi2c2                   0x20000d08   0x54  Data  Gb  i2c.o [1]
hspi1                   0x20000cb0   0x58  Data  Gb  spi.o [1]
htim3                   0x20000da0   0x40  Data  Gb  tim.o [1]
htim4                   0x20000de0   0x40  Data  Gb  tim.o [1]
htim5                   0x20000e20   0x40  Data  Gb  tim.o [1]
htim6                   0x20000e60   0x40  Data  Gb  tim.o [1]
huart1                  0x20000ea0   0x40  Data  Gb  usart.o [1]
huart2                  0x20000ee0   0x40  Data  Gb  usart.o [1]
main                    0x08001621   0x92  Code  Gb  main.o [1]
uwTick                  0x20000004    0x4  Data  Gb  stm32f1xx_hal.o [1]
uwTickFreq              0x20000000    0x1  Data  Gb  stm32f1xx_hal.o [1]
uwTickPrio              0x20000008    0x4  Data  Gb  stm32f1xx_hal.o [1]


[1] = E:\Users\bertz\Documents\GitHub\BSPv2.2\BSPv2.2\EWARM\BSPv2.2\Obj
[2] = command line
[3] = dl7M_tlf.a
[4] = rt7M_tl.a
[5] = shb_l.a

  14 468 bytes of readonly  code memory
      60 bytes of readonly  data memory
   4 986 bytes of readwrite data memory

Errors: none
Warnings: none
