###############################################################################
#
# IAR ELF Linker V8.22.1.15669/W32 for ARM                07/May/2018  10:34:56
# Copyright 2007-2018 IAR Systems AB.
#
#    Output file  =  
#        E:\Users\bertz\Documents\GitHub\BSPv2.2\BSPv2.2\EWARM\BSPv2.2\Exe\BSPv2.2.out
#    Map file     =  
#        E:\Users\bertz\Documents\GitHub\BSPv2.2\BSPv2.2\EWARM\BSPv2.2\List\BSPv2.2.map
#    Command line =  
#        -f C:\Users\bertz\AppData\Local\Temp\EW97FD.tmp
#        (E:\Users\bertz\Documents\GitHub\BSPv2.2\BSPv2.2\EWARM\BSPv2.2\Obj\adc.o
#        E:\Users\bertz\Documents\GitHub\BSPv2.2\BSPv2.2\EWARM\BSPv2.2\Obj\dma.o
#        E:\Users\bertz\Documents\GitHub\BSPv2.2\BSPv2.2\EWARM\BSPv2.2\Obj\gpio.o
#        E:\Users\bertz\Documents\GitHub\BSPv2.2\BSPv2.2\EWARM\BSPv2.2\Obj\i2c.o
#        E:\Users\bertz\Documents\GitHub\BSPv2.2\BSPv2.2\EWARM\BSPv2.2\Obj\main.o
#        E:\Users\bertz\Documents\GitHub\BSPv2.2\BSPv2.2\EWARM\BSPv2.2\Obj\spi.o
#        E:\Users\bertz\Documents\GitHub\BSPv2.2\BSPv2.2\EWARM\BSPv2.2\Obj\startup_stm32f103xe.o
#        E:\Users\bertz\Documents\GitHub\BSPv2.2\BSPv2.2\EWARM\BSPv2.2\Obj\stm32f1xx_hal.o
#        E:\Users\bertz\Documents\GitHub\BSPv2.2\BSPv2.2\EWARM\BSPv2.2\Obj\stm32f1xx_hal_adc.o
#        E:\Users\bertz\Documents\GitHub\BSPv2.2\BSPv2.2\EWARM\BSPv2.2\Obj\stm32f1xx_hal_adc_ex.o
#        E:\Users\bertz\Documents\GitHub\BSPv2.2\BSPv2.2\EWARM\BSPv2.2\Obj\stm32f1xx_hal_cortex.o
#        E:\Users\bertz\Documents\GitHub\BSPv2.2\BSPv2.2\EWARM\BSPv2.2\Obj\stm32f1xx_hal_dma.o
#        E:\Users\bertz\Documents\GitHub\BSPv2.2\BSPv2.2\EWARM\BSPv2.2\Obj\stm32f1xx_hal_flash.o
#        E:\Users\bertz\Documents\GitHub\BSPv2.2\BSPv2.2\EWARM\BSPv2.2\Obj\stm32f1xx_hal_flash_ex.o
#        E:\Users\bertz\Documents\GitHub\BSPv2.2\BSPv2.2\EWARM\BSPv2.2\Obj\stm32f1xx_hal_gpio.o
#        E:\Users\bertz\Documents\GitHub\BSPv2.2\BSPv2.2\EWARM\BSPv2.2\Obj\stm32f1xx_hal_gpio_ex.o
#        E:\Users\bertz\Documents\GitHub\BSPv2.2\BSPv2.2\EWARM\BSPv2.2\Obj\stm32f1xx_hal_i2c.o
#        E:\Users\bertz\Documents\GitHub\BSPv2.2\BSPv2.2\EWARM\BSPv2.2\Obj\stm32f1xx_hal_msp.o
#        E:\Users\bertz\Documents\GitHub\BSPv2.2\BSPv2.2\EWARM\BSPv2.2\Obj\stm32f1xx_hal_pwr.o
#        E:\Users\bertz\Documents\GitHub\BSPv2.2\BSPv2.2\EWARM\BSPv2.2\Obj\stm32f1xx_hal_rcc.o
#        E:\Users\bertz\Documents\GitHub\BSPv2.2\BSPv2.2\EWARM\BSPv2.2\Obj\stm32f1xx_hal_rcc_ex.o
#        E:\Users\bertz\Documents\GitHub\BSPv2.2\BSPv2.2\EWARM\BSPv2.2\Obj\stm32f1xx_hal_spi.o
#        E:\Users\bertz\Documents\GitHub\BSPv2.2\BSPv2.2\EWARM\BSPv2.2\Obj\stm32f1xx_hal_spi_ex.o
#        E:\Users\bertz\Documents\GitHub\BSPv2.2\BSPv2.2\EWARM\BSPv2.2\Obj\stm32f1xx_hal_tim.o
#        E:\Users\bertz\Documents\GitHub\BSPv2.2\BSPv2.2\EWARM\BSPv2.2\Obj\stm32f1xx_hal_tim_ex.o
#        E:\Users\bertz\Documents\GitHub\BSPv2.2\BSPv2.2\EWARM\BSPv2.2\Obj\stm32f1xx_hal_uart.o
#        E:\Users\bertz\Documents\GitHub\BSPv2.2\BSPv2.2\EWARM\BSPv2.2\Obj\stm32f1xx_it.o
#        E:\Users\bertz\Documents\GitHub\BSPv2.2\BSPv2.2\EWARM\BSPv2.2\Obj\system_stm32f1xx.o
#        E:\Users\bertz\Documents\GitHub\BSPv2.2\BSPv2.2\EWARM\BSPv2.2\Obj\tim.o
#        E:\Users\bertz\Documents\GitHub\BSPv2.2\BSPv2.2\EWARM\BSPv2.2\Obj\usart.o
#        --redirect _Printf=_PrintfFull --redirect _Scanf=_ScanfFull -o
#        E:\Users\bertz\Documents\GitHub\BSPv2.2\BSPv2.2\EWARM\BSPv2.2\Exe\BSPv2.2.out
#        --map
#        E:\Users\bertz\Documents\GitHub\BSPv2.2\BSPv2.2\EWARM\BSPv2.2\List\BSPv2.2.map
#        --config
#        E:\Users\bertz\Documents\GitHub\BSPv2.2\BSPv2.2\EWARM/stm32f103xe_flash.icf
#        --semihosting --entry __iar_program_start --vfe --text_out locale)
#
###############################################################################

*******************************************************************************
*** RUNTIME MODEL ATTRIBUTES
***

CppFlavor       = *
__SystemLibrary = DLib
__dlib_version  = 6


*******************************************************************************
*** HEAP SELECTION
***

The basic heap was selected because no calls to memory allocation
functions were found in the application outside of system library
functions, and there are calls to deallocation functions in the
application.


*******************************************************************************
*** PLACEMENT SUMMARY
***

"A0":  place at 0x08000000 { ro section .intvec };
"P1":  place in [from 0x08000000 to 0x0807ffff] { ro };
define block CSTACK with size = 1K, alignment = 8 { };
define block HEAP with size = 512, alignment = 8 { };
"P2":  place in [from 0x20000000 to 0x2000ffff] {
          rw, block CSTACK, block HEAP };
initialize by copy { rw };

  Section            Kind        Address    Size  Object
  -------            ----        -------    ----  ------
"A0":                                      0x130
  .intvec            ro code  0x08000000   0x130  startup_stm32f103xe.o [1]
                            - 0x08000130   0x130

"P1":                                     0x2f14
  .text              ro code  0x08000130   0xb10  stm32f1xx_hal_i2c.o [1]
  .text              ro code  0x08000c40    0xc4  i2c.o [1]
  .text              ro code  0x08000d04   0x4e2  stm32f1xx_hal_rcc.o [1]
  .text              ro code  0x080011e6     0x2  stm32f1xx_hal_i2c.o [1]
  .text              ro code  0x080011e8     0x2  stm32f1xx_hal_i2c.o [1]
  .text              ro code  0x080011ea     0x2  stm32f1xx_hal_i2c.o [1]
  .text              ro code  0x080011ec     0x2  stm32f1xx_hal_i2c.o [1]
  .text              ro code  0x080011ee     0x2  stm32f1xx_hal_i2c.o [1]
  .text              ro code  0x080011f0     0x2  stm32f1xx_hal_i2c.o [1]
  .text              ro code  0x080011f2     0x2  stm32f1xx_hal_i2c.o [1]
  .text              ro code  0x080011f4     0x2  stm32f1xx_hal_i2c.o [1]
  .text              ro code  0x080011f8   0x35c  stm32f1xx_hal_dma.o [1]
  .text              ro code  0x08001554     0x2  stm32f1xx_hal_i2c.o [1]
  .text              ro code  0x08001556     0x2  stm32f1xx_hal_i2c.o [1]
  .text              ro code  0x08001558   0x18a  main.o [1]
  .text              ro code  0x080016e4   0x1e0  stm32f1xx_hal_gpio.o [1]
  .text              ro code  0x080018c4     0xc  stm32f1xx_hal.o [1]
  .text              ro code  0x080018d0    0x40  stm32f1xx_hal.o [1]
  .text              ro code  0x08001910    0x24  stm32f1xx_hal.o [1]
  .text              ro code  0x08001934    0xde  gpio.o [1]
  .text              ro code  0x08001a14    0x20  dma.o [1]
  .text              ro code  0x08001a34   0x1f4  tim.o [1]
  .text              ro code  0x08001c28   0x19c  usart.o [1]
  .text              ro code  0x08001dc4    0xe4  spi.o [1]
  .text              ro code  0x08001ea8   0x134  adc.o [1]
  .text              ro code  0x08001fdc    0xe8  stm32f1xx_hal_rcc_ex.o [1]
  .text              ro code  0x080020c4    0xe6  stm32f1xx_hal_cortex.o [1]
  .text              ro code  0x080021ac    0x88  stm32f1xx_hal_msp.o [1]
  .text              ro code  0x08002234   0x354  stm32f1xx_hal_tim.o [1]
  .text              ro code  0x08002588    0x4a  stm32f1xx_hal_tim_ex.o [1]
  .text              ro code  0x080025d4   0x380  stm32f1xx_hal_uart.o [1]
  .text              ro code  0x08002954    0x82  stm32f1xx_hal_spi_ex.o [1]
  .text              ro code  0x080029d8   0x35c  stm32f1xx_hal_adc.o [1]
  .text              ro code  0x08002d34     0x2  stm32f1xx_hal_tim.o [1]
  .text              ro code  0x08002d36     0x2  stm32f1xx_hal_tim.o [1]
  .text              ro code  0x08002d38     0x2  stm32f1xx_hal_tim.o [1]
  .text              ro code  0x08002d3a     0x2  stm32f1xx_hal_tim_ex.o [1]
  .text              ro code  0x08002d3c     0x2  stm32f1xx_hal_tim.o [1]
  .text              ro code  0x08002d3e     0x2  stm32f1xx_hal_tim_ex.o [1]
  .text              ro code  0x08002d40     0x2  stm32f1xx_hal_tim.o [1]
  .text              ro code  0x08002d42     0x2  stm32f1xx_hal_uart.o [1]
  .text              ro code  0x08002d44     0x2  stm32f1xx_hal_uart.o [1]
  .text              ro code  0x08002d46     0x2  stm32f1xx_hal_uart.o [1]
  .text              ro code  0x08002d48     0x2  stm32f1xx_hal_adc.o [1]
  .text              ro code  0x08002d4c     0x2  stm32f1xx_hal_adc_ex.o [1]
  .text              ro code  0x08002d4e     0x2  stm32f1xx_hal_adc.o [1]
  .text              ro code  0x08002d50    0x94  stm32f1xx_it.o [1]
  .text              ro code  0x08002de4    0x10  stm32f1xx_hal.o [1]
  .text              ro code  0x08002df4    0x5c  system_stm32f1xx.o [1]
  .text              ro code  0x08002e50    0x40  zero_init3.o [4]
  .text              ro code  0x08002e90    0x2c  copy_init3.o [4]
  .text              ro code  0x08002ebc    0x28  data_init.o [4]
  .iar.init_table    const    0x08002ee4    0x24  - Linker created -
  .text              ro code  0x08002f08    0x1e  cmain.o [4]
  .text              ro code  0x08002f26     0x4  low_level_init.o [3]
  .text              ro code  0x08002f2a     0x4  exit.o [3]
  .text              ro code  0x08002f30     0xa  cexit.o [4]
  .text              ro code  0x08002f3c    0x14  exit.o [5]
  .text              ro code  0x08002f50    0x10  startup_stm32f103xe.o [1]
  Initializer bytes  const    0x08002f60    0x10  <for P2-1>
  .text              ro code  0x08002f70     0xc  cstartup_M.o [4]
  .rodata            const    0x08002f7c     0x8  system_stm32f1xx.o [1]
  .text              ro code  0x08002f84     0x4  startup_stm32f103xe.o [1]
  .text              ro code  0x08002f88     0x4  startup_stm32f103xe.o [1]
  .text              ro code  0x08002f8c     0x4  startup_stm32f103xe.o [1]
  .text              ro code  0x08002f90     0x4  startup_stm32f103xe.o [1]
  .text              ro code  0x08002f94     0x4  startup_stm32f103xe.o [1]
  .text              ro code  0x08002f98     0x4  startup_stm32f103xe.o [1]
  .text              ro code  0x08002f9c     0x4  startup_stm32f103xe.o [1]
  .text              ro code  0x08002fa0     0x4  startup_stm32f103xe.o [1]
  .text              ro code  0x08002fa4     0x4  startup_stm32f103xe.o [1]
  .text              ro code  0x08002fa8     0x4  startup_stm32f103xe.o [1]
  .text              ro code  0x08002fac     0x4  startup_stm32f103xe.o [1]
  .text              ro code  0x08002fb0     0x4  startup_stm32f103xe.o [1]
  .text              ro code  0x08002fb4     0x4  startup_stm32f103xe.o [1]
  .text              ro code  0x08002fb8     0x4  startup_stm32f103xe.o [1]
  .text              ro code  0x08002fbc     0x4  startup_stm32f103xe.o [1]
  .text              ro code  0x08002fc0     0x4  startup_stm32f103xe.o [1]
  .text              ro code  0x08002fc4     0x4  startup_stm32f103xe.o [1]
  .text              ro code  0x08002fc8     0x4  startup_stm32f103xe.o [1]
  .text              ro code  0x08002fcc     0x4  startup_stm32f103xe.o [1]
  .text              ro code  0x08002fd0     0x4  startup_stm32f103xe.o [1]
  .text              ro code  0x08002fd4     0x4  startup_stm32f103xe.o [1]
  .text              ro code  0x08002fd8     0x4  startup_stm32f103xe.o [1]
  .text              ro code  0x08002fdc     0x4  startup_stm32f103xe.o [1]
  .text              ro code  0x08002fe0     0x4  startup_stm32f103xe.o [1]
  .text              ro code  0x08002fe4     0x4  startup_stm32f103xe.o [1]
  .text              ro code  0x08002fe8     0x4  startup_stm32f103xe.o [1]
  .text              ro code  0x08002fec     0x4  startup_stm32f103xe.o [1]
  .text              ro code  0x08002ff0     0x4  startup_stm32f103xe.o [1]
  .text              ro code  0x08002ff4     0x4  startup_stm32f103xe.o [1]
  .text              ro code  0x08002ff8     0x4  startup_stm32f103xe.o [1]
  .text              ro code  0x08002ffc     0x4  startup_stm32f103xe.o [1]
  .text              ro code  0x08003000     0x4  startup_stm32f103xe.o [1]
  .text              ro code  0x08003004     0x4  startup_stm32f103xe.o [1]
  .text              ro code  0x08003008     0x4  startup_stm32f103xe.o [1]
  .text              ro code  0x0800300c     0x4  startup_stm32f103xe.o [1]
  .text              ro code  0x08003010     0x4  startup_stm32f103xe.o [1]
  .text              ro code  0x08003014     0x4  startup_stm32f103xe.o [1]
  .text              ro code  0x08003018     0x4  startup_stm32f103xe.o [1]
  .text              ro code  0x0800301c     0x4  startup_stm32f103xe.o [1]
  .text              ro code  0x08003020     0x4  startup_stm32f103xe.o [1]
  .text              ro code  0x08003024     0x4  startup_stm32f103xe.o [1]
  .text              ro code  0x08003028     0x4  startup_stm32f103xe.o [1]
  .text              ro code  0x0800302c     0x4  startup_stm32f103xe.o [1]
  .text              ro code  0x08003030     0x4  startup_stm32f103xe.o [1]
  .text              ro code  0x08003034     0x4  startup_stm32f103xe.o [1]
  .text              ro code  0x08003038     0x4  startup_stm32f103xe.o [1]
  .text              ro code  0x0800303c     0x4  startup_stm32f103xe.o [1]
  .text              ro code  0x08003040     0x4  startup_stm32f103xe.o [1]
  .rodata            const    0x08003044     0x0  zero_init3.o [4]
  .rodata            const    0x08003044     0x0  copy_init3.o [4]
                            - 0x08003044  0x2f14

"P2", part 1 of 3:                          0x10
  P2-1                        0x20000000    0x10  <Init block>
    .data            inited   0x20000000     0xc  stm32f1xx_hal.o [1]
    .data            inited   0x2000000c     0x4  system_stm32f1xx.o [1]
                            - 0x20000010    0x10

"P2", part 2 of 3:                         0x328
  .bss               zero     0x20000010    0x88  usart.o [1]
  .bss               zero     0x20000098    0x58  spi.o [1]
  .bss               zero     0x200000f0    0x54  i2c.o [1]
  .bss               zero     0x20000144    0x44  adc.o [1]
  .bss               zero     0x20000188    0x40  tim.o [1]
  .bss               zero     0x200001c8    0x40  tim.o [1]
  .bss               zero     0x20000208    0x40  tim.o [1]
  .bss               zero     0x20000248    0x40  tim.o [1]
  .bss               zero     0x20000288    0x40  usart.o [1]
  .bss               zero     0x200002c8    0x40  usart.o [1]
  .bss               zero     0x20000308    0x30  adc.o [1]
                            - 0x20000338   0x328

"P2", part 3 of 3:                         0x400
  CSTACK                      0x20000338   0x400  <Block>
    CSTACK           uninit   0x20000338   0x400  <Block tail>
                            - 0x20000738   0x400


*******************************************************************************
*** INIT TABLE
***

          Address     Size
          -------     ----
Zero (__iar_zero_init3)
    1 destination range, total size 0x328:
          0x20000010  0x328

Copy (__iar_copy_init3)
    1 source range, total size 0x10:
          0x08002f60   0x10
    1 destination range, total size 0x10:
          0x20000000   0x10



*******************************************************************************
*** MODULE SUMMARY
***

    Module                  ro code  ro data  rw data
    ------                  -------  -------  -------
E:\Users\bertz\Documents\GitHub\BSPv2.2\BSPv2.2\EWARM\BSPv2.2\Obj: [1]
    adc.o                       308               116
    dma.o                        32
    gpio.o                      222
    i2c.o                       196                84
    main.o                      394
    spi.o                       228                88
    startup_stm32f103xe.o       512
    stm32f1xx_hal.o             128       12       12
    stm32f1xx_hal_adc.o         864
    stm32f1xx_hal_adc_ex.o        2
    stm32f1xx_hal_cortex.o      230
    stm32f1xx_hal_dma.o         860
    stm32f1xx_hal_gpio.o        480
    stm32f1xx_hal_i2c.o       2 852
    stm32f1xx_hal_msp.o         136
    stm32f1xx_hal_rcc.o       1 250
    stm32f1xx_hal_rcc_ex.o      232
    stm32f1xx_hal_spi_ex.o      130
    stm32f1xx_hal_tim.o         862
    stm32f1xx_hal_tim_ex.o       78
    stm32f1xx_hal_uart.o        902
    stm32f1xx_it.o              148
    system_stm32f1xx.o           92       12        4
    tim.o                       500               256
    usart.o                     412               264
    -------------------------------------------------
    Total:                   12 050       24      824

command line: [2]
    -------------------------------------------------
    Total:

dl7M_tlf.a: [3]
    exit.o                        4
    low_level_init.o              4
    -------------------------------------------------
    Total:                        8

rt7M_tl.a: [4]
    cexit.o                      10
    cmain.o                      30
    copy_init3.o                 44
    cstartup_M.o                 12
    data_init.o                  40
    zero_init3.o                 64
    -------------------------------------------------
    Total:                      200

shb_l.a: [5]
    exit.o                       20
    -------------------------------------------------
    Total:                       20

    Gaps                         18
    Linker created                        36    1 024
-----------------------------------------------------
    Grand Total:             12 296       60    1 848


*******************************************************************************
*** ENTRY LIST
***

Entry                      Address   Size  Type      Object
-----                      -------   ----  ----      ------
.iar.init_table$$Base   0x08002ee4          --   Gb  - Linker created -
.iar.init_table$$Limit  0x08002f08          --   Gb  - Linker created -
?main                   0x08002f09         Code  Gb  cmain.o [4]
ADC1_2_IRQHandler       0x08002d81    0x6  Code  Gb  stm32f1xx_it.o [1]
ADC_ConversionStop_Disable
                        0x08002cf1   0x44  Code  Gb  stm32f1xx_hal_adc.o [1]
AHBPrescTable           0x08002e40   0x10  Data  Gb  system_stm32f1xx.o [1]
APBPrescTable           0x08002f7c    0x8  Data  Gb  system_stm32f1xx.o [1]
BusFault_Handler        0x08002d57    0x2  Code  Gb  stm32f1xx_it.o [1]
CSTACK$$Base            0x20000338          --   Gb  - Linker created -
CSTACK$$Limit           0x20000738          --   Gb  - Linker created -
DMA1_Channel1_IRQHandler
                        0x08002d6f    0x6  Code  Gb  stm32f1xx_it.o [1]
DMA1_Channel5_IRQHandler
                        0x08002d75    0x6  Code  Gb  stm32f1xx_it.o [1]
DMA1_Channel6_IRQHandler
                        0x08002d7b    0x6  Code  Gb  stm32f1xx_it.o [1]
DebugMon_Handler        0x08002d5d    0x2  Code  Gb  stm32f1xx_it.o [1]
HAL_ADCEx_InjectedConvCpltCallback
                        0x08002d4d    0x2  Code  Wk  stm32f1xx_hal_adc_ex.o [1]
HAL_ADC_ConfigChannel   0x08002bd9   0xe4  Code  Gb  stm32f1xx_hal_adc.o [1]
HAL_ADC_IRQHandler      0x08002ae9   0xd8  Code  Gb  stm32f1xx_hal_adc.o [1]
HAL_ADC_Init            0x080029d9  0x110  Code  Gb  stm32f1xx_hal_adc.o [1]
HAL_ADC_MspInit         0x08001f19   0x6e  Code  Gb  adc.o [1]
HAL_DMA_Abort_IT        0x0800127f   0xdc  Code  Gb  stm32f1xx_hal_dma.o [1]
HAL_DMA_IRQHandler      0x0800135b  0x1b4  Code  Gb  stm32f1xx_hal_dma.o [1]
HAL_DMA_Init            0x080011f9   0x78  Code  Gb  stm32f1xx_hal_dma.o [1]
HAL_GPIO_Init           0x080016e5  0x196  Code  Gb  stm32f1xx_hal_gpio.o [1]
HAL_GPIO_WritePin       0x0800187b    0xc  Code  Gb  stm32f1xx_hal_gpio.o [1]
HAL_GetTick             0x080018c5    0xc  Code  Wk  stm32f1xx_hal.o [1]
HAL_I2C_ER_IRQHandler   0x08000473   0xc0  Code  Gb  stm32f1xx_hal_i2c.o [1]
HAL_I2C_EV_IRQHandler   0x08000241  0x20e  Code  Gb  stm32f1xx_hal_i2c.o [1]
HAL_I2C_Init            0x08000131   0xdc  Code  Gb  stm32f1xx_hal_i2c.o [1]
HAL_I2C_MspInit         0x08000c79   0x3a  Code  Gb  i2c.o [1]
HAL_IncTick             0x08002de5   0x10  Code  Wk  stm32f1xx_hal.o [1]
HAL_Init                0x08001911   0x20  Code  Gb  stm32f1xx_hal.o [1]
HAL_InitTick            0x080018d1   0x40  Code  Wk  stm32f1xx_hal.o [1]
HAL_MspInit             0x080021ad   0x88  Code  Gb  stm32f1xx_hal_msp.o [1]
HAL_NVIC_EnableIRQ      0x08002137    0xa  Code  Gb  stm32f1xx_hal_cortex.o [1]
HAL_NVIC_SetPriority    0x080020fd   0x3a  Code  Gb  stm32f1xx_hal_cortex.o [1]
HAL_NVIC_SetPriorityGrouping
                        0x080020e3   0x1a  Code  Gb  stm32f1xx_hal_cortex.o [1]
HAL_RCCEx_PeriphCLKConfig
                        0x08001fdd   0xda  Code  Gb  stm32f1xx_hal_rcc_ex.o [1]
HAL_RCC_ClockConfig     0x08001021  0x10c  Code  Gb  stm32f1xx_hal_rcc.o [1]
HAL_RCC_GetHCLKFreq     0x0800117d    0x6  Code  Gb  stm32f1xx_hal_rcc.o [1]
HAL_RCC_GetPCLK1Freq    0x08001183   0x10  Code  Gb  stm32f1xx_hal_rcc.o [1]
HAL_RCC_GetPCLK2Freq    0x08001193    0xe  Code  Gb  stm32f1xx_hal_rcc.o [1]
HAL_RCC_GetSysClockFreq
                        0x08001141   0x3c  Code  Gb  stm32f1xx_hal_rcc.o [1]
HAL_RCC_GetSysClockFreq::aPLLMULFactorTable
                        0x080011d4   0x10  Data  Lc  stm32f1xx_hal_rcc.o [1]
HAL_RCC_GetSysClockFreq::aPredivFactorTable
                        0x080011e4    0x2  Data  Lc  stm32f1xx_hal_rcc.o [1]
HAL_RCC_OscConfig       0x08000d05  0x314  Code  Gb  stm32f1xx_hal_rcc.o [1]
HAL_SPI_Init            0x08002955   0x82  Code  Gb  stm32f1xx_hal_spi_ex.o [1]
HAL_SPI_MspInit         0x08001e0d   0x4e  Code  Gb  spi.o [1]
HAL_SYSTICK_CLKSourceConfig
                        0x08002173   0x1a  Code  Gb  stm32f1xx_hal_cortex.o [1]
HAL_SYSTICK_Config      0x0800214b   0x28  Code  Gb  stm32f1xx_hal_cortex.o [1]
HAL_SYSTICK_IRQHandler  0x080021a5    0x4  Code  Gb  stm32f1xx_hal_cortex.o [1]
HAL_TIMEx_BreakCallback
                        0x08002d3b    0x2  Code  Wk  stm32f1xx_hal_tim_ex.o [1]
HAL_TIMEx_CommutationCallback
                        0x08002d3f    0x2  Code  Wk  stm32f1xx_hal_tim_ex.o [1]
HAL_TIMEx_MasterConfigSynchronization
                        0x08002589   0x4a  Code  Gb  stm32f1xx_hal_tim_ex.o [1]
HAL_TIM_Base_Init       0x08002235   0x1a  Code  Gb  stm32f1xx_hal_tim.o [1]
HAL_TIM_Base_MspInit    0x08001b63   0x64  Code  Gb  tim.o [1]
HAL_TIM_ConfigClockSource
                        0x080023bb   0xac  Code  Gb  stm32f1xx_hal_tim.o [1]
HAL_TIM_IRQHandler      0x08002273  0x142  Code  Gb  stm32f1xx_hal_tim.o [1]
HAL_UART_IRQHandler     0x08002659  0x152  Code  Gb  stm32f1xx_hal_uart.o [1]
HAL_UART_Init           0x080025d5   0x1e  Code  Gb  stm32f1xx_hal_uart.o [1]
HAL_UART_MspInit        0x08001c7d   0xc8  Code  Gb  usart.o [1]
HardFault_Handler       0x08002d53    0x2  Code  Gb  stm32f1xx_it.o [1]
I2C2_ER_IRQHandler      0x08002d99    0x6  Code  Gb  stm32f1xx_it.o [1]
I2C2_EV_IRQHandler      0x08002d93    0x6  Code  Gb  stm32f1xx_it.o [1]
I2C_DMAAbort            0x08000bf1   0x50  Code  Lc  stm32f1xx_hal_i2c.o [1]
I2C_ITError             0x08000ab9   0xde  Code  Lc  stm32f1xx_hal_i2c.o [1]
I2C_MasterReceive_BTF   0x08000745   0x90  Code  Lc  stm32f1xx_hal_i2c.o [1]
I2C_MasterReceive_RXNE  0x08000691   0x9c  Code  Lc  stm32f1xx_hal_i2c.o [1]
I2C_MasterTransmit_BTF  0x080005fb   0x48  Code  Lc  stm32f1xx_hal_i2c.o [1]
I2C_MasterTransmit_TXE  0x08000533   0xc8  Code  Lc  stm32f1xx_hal_i2c.o [1]
I2C_Master_ADDR         0x080007fd  0x12c  Code  Lc  stm32f1xx_hal_i2c.o [1]
I2C_Slave_AF            0x08000a41   0x78  Code  Lc  stm32f1xx_hal_i2c.o [1]
I2C_Slave_STOPF         0x08000965   0xd6  Code  Lc  stm32f1xx_hal_i2c.o [1]
MX_ADC1_Init            0x08001ea9   0x6e  Code  Gb  adc.o [1]
MX_DMA_Init             0x08001a15   0x20  Code  Gb  dma.o [1]
MX_GPIO_Init            0x08001935   0xc0  Code  Gb  gpio.o [1]
MX_I2C2_Init            0x08000c41   0x38  Code  Gb  i2c.o [1]
MX_NVIC_Init            0x0800161b   0xc6  Code  Lc  main.o [1]
MX_SPI1_Init            0x08001dc5   0x48  Code  Gb  spi.o [1]
MX_TIM3_Init            0x08001a35   0x3e  Code  Gb  tim.o [1]
MX_TIM4_Init            0x08001a73   0x3a  Code  Gb  tim.o [1]
MX_TIM5_Init            0x08001ac9   0x40  Code  Gb  tim.o [1]
MX_TIM6_Init            0x08001b23   0x34  Code  Gb  tim.o [1]
MX_USART1_UART_Init     0x08001c29   0x16  Code  Gb  usart.o [1]
MX_USART2_UART_Init     0x08001c3f   0x16  Code  Gb  usart.o [1]
MemManage_Handler       0x08002d55    0x2  Code  Gb  stm32f1xx_it.o [1]
NMI_Handler             0x08002d51    0x2  Code  Gb  stm32f1xx_it.o [1]
NVIC_SetPriority        0x080020c5   0x1e  Code  Lc  stm32f1xx_hal_cortex.o [1]
PendSV_Handler          0x08002d5f    0x2  Code  Gb  stm32f1xx_it.o [1]
Region$$Table$$Base     0x08002ee4          --   Gb  - Linker created -
Region$$Table$$Limit    0x08002f08          --   Gb  - Linker created -
SVC_Handler             0x08002d5b    0x2  Code  Gb  stm32f1xx_it.o [1]
SysTick_Handler         0x08002d61    0xe  Code  Gb  stm32f1xx_it.o [1]
SystemClock_Config      0x08001595   0x86  Code  Gb  main.o [1]
SystemCoreClock         0x2000000c    0x4  Data  Gb  system_stm32f1xx.o [1]
SystemInit              0x08002df5   0x3a  Code  Gb  system_stm32f1xx.o [1]
TIM3_IRQHandler         0x08002d87    0x6  Code  Gb  stm32f1xx_it.o [1]
TIM4_IRQHandler         0x08002d8d    0x6  Code  Gb  stm32f1xx_it.o [1]
TIM5_IRQHandler         0x08002dab    0x6  Code  Gb  stm32f1xx_it.o [1]
TIM6_IRQHandler         0x08002db1    0x6  Code  Gb  stm32f1xx_it.o [1]
TIM_Base_SetConfig      0x08002491   0x74  Code  Gb  stm32f1xx_hal_tim.o [1]
TIM_ETR_SetConfig       0x0800256f   0x14  Code  Lc  stm32f1xx_hal_tim.o [1]
TIM_ITRx_SetConfig      0x0800255f   0x10  Code  Lc  stm32f1xx_hal_tim.o [1]
TIM_TI1_ConfigInputStage
                        0x0800251d   0x1e  Code  Lc  stm32f1xx_hal_tim.o [1]
TIM_TI2_ConfigInputStage
                        0x0800253b   0x24  Code  Lc  stm32f1xx_hal_tim.o [1]
UART_DMAAbortOnError    0x080027c9    0xc  Code  Lc  stm32f1xx_hal_uart.o [1]
UART_EndRxTransfer      0x080027ab   0x1c  Code  Lc  stm32f1xx_hal_uart.o [1]
UART_Receive_IT         0x080027d5   0x96  Code  Lc  stm32f1xx_hal_uart.o [1]
UART_SetConfig          0x0800286b   0xde  Code  Lc  stm32f1xx_hal_uart.o [1]
USART1_IRQHandler       0x08002d9f    0x6  Code  Gb  stm32f1xx_it.o [1]
USART2_IRQHandler       0x08002da5    0x6  Code  Gb  stm32f1xx_it.o [1]
UsageFault_Handler      0x08002d59    0x2  Code  Gb  stm32f1xx_it.o [1]
_Error_Handler          0x080016e1    0x2  Code  Gb  main.o [1]
__cmain                 0x08002f09         Code  Gb  cmain.o [4]
__exit                  0x08002f3d   0x14  Code  Gb  exit.o [5]
__iar_copy_init3        0x08002e91   0x2c  Code  Gb  copy_init3.o [4]
__iar_data_init3        0x08002ebd   0x28  Code  Gb  data_init.o [4]
__iar_program_start     0x08002f71         Code  Gb  cstartup_M.o [4]
__iar_systems$$module {Abs}
                        0x00000001         Data  Gb  command line/config [2]
__iar_zero_init3        0x08002e51   0x40  Code  Gb  zero_init3.o [4]
__low_level_init        0x08002f27    0x4  Code  Gb  low_level_init.o [3]
__vector_table          0x08000000         Data  Gb  startup_stm32f103xe.o [1]
_call_main              0x08002f15         Code  Gb  cmain.o [4]
_exit                   0x08002f31         Code  Gb  cexit.o [4]
_main                   0x08002f23         Code  Gb  cmain.o [4]
exit                    0x08002f2b    0x4  Code  Gb  exit.o [3]
hadc1                   0x20000308   0x30  Data  Gb  adc.o [1]
hdma_adc1               0x20000144   0x44  Data  Gb  adc.o [1]
hdma_usart1_rx          0x20000010   0x44  Data  Gb  usart.o [1]
hdma_usart2_rx          0x20000054   0x44  Data  Gb  usart.o [1]
hi2c2                   0x200000f0   0x54  Data  Gb  i2c.o [1]
hspi1                   0x20000098   0x58  Data  Gb  spi.o [1]
htim3                   0x20000188   0x40  Data  Gb  tim.o [1]
htim4                   0x200001c8   0x40  Data  Gb  tim.o [1]
htim5                   0x20000208   0x40  Data  Gb  tim.o [1]
htim6                   0x20000248   0x40  Data  Gb  tim.o [1]
huart1                  0x20000288   0x40  Data  Gb  usart.o [1]
huart2                  0x200002c8   0x40  Data  Gb  usart.o [1]
main                    0x08001559   0x3c  Code  Gb  main.o [1]
uwTick                  0x20000004    0x4  Data  Gb  stm32f1xx_hal.o [1]
uwTickFreq              0x20000000    0x1  Data  Gb  stm32f1xx_hal.o [1]
uwTickPrio              0x20000008    0x4  Data  Gb  stm32f1xx_hal.o [1]


[1] = E:\Users\bertz\Documents\GitHub\BSPv2.2\BSPv2.2\EWARM\BSPv2.2\Obj
[2] = command line
[3] = dl7M_tlf.a
[4] = rt7M_tl.a
[5] = shb_l.a

  12 296 bytes of readonly  code memory
      60 bytes of readonly  data memory
   1 848 bytes of readwrite data memory

Errors: none
Warnings: none
